Component: ARM Compiler 5.06 update 7 (build 960) Tool: armlink [4d3601]

==============================================================================

Section Cross References

    startup_stm32h750xx.o(RESET) refers to startup_stm32h750xx.o(STACK) for __initial_sp
    startup_stm32h750xx.o(RESET) refers to startup_stm32h750xx.o(.text) for Reset_Handler
    startup_stm32h750xx.o(RESET) refers to stm32h7xx_it.o(i.NMI_Handler) for NMI_Handler
    startup_stm32h750xx.o(RESET) refers to stm32h7xx_it.o(i.HardFault_Handler) for HardFault_Handler
    startup_stm32h750xx.o(RESET) refers to stm32h7xx_it.o(i.MemManage_Handler) for MemManage_Handler
    startup_stm32h750xx.o(RESET) refers to stm32h7xx_it.o(i.BusFault_Handler) for BusFault_Handler
    startup_stm32h750xx.o(RESET) refers to stm32h7xx_it.o(i.UsageFault_Handler) for UsageFault_Handler
    startup_stm32h750xx.o(RESET) refers to port.o(.emb_text) for SVC_Handler
    startup_stm32h750xx.o(RESET) refers to stm32h7xx_it.o(i.DebugMon_Handler) for DebugMon_Handler
    startup_stm32h750xx.o(RESET) refers to port.o(i.SysTick_Handler) for SysTick_Handler
    startup_stm32h750xx.o(RESET) refers to stm32h7xx_it.o(i.DMA1_Stream0_IRQHandler) for DMA1_Stream0_IRQHandler
    startup_stm32h750xx.o(RESET) refers to stm32h7xx_it.o(i.DMA1_Stream1_IRQHandler) for DMA1_Stream1_IRQHandler
    startup_stm32h750xx.o(RESET) refers to stm32h7xx_it.o(i.DMA1_Stream2_IRQHandler) for DMA1_Stream2_IRQHandler
    startup_stm32h750xx.o(RESET) refers to stm32h7xx_it.o(i.DMA1_Stream3_IRQHandler) for DMA1_Stream3_IRQHandler
    startup_stm32h750xx.o(RESET) refers to stm32h7xx_it.o(i.DMA1_Stream4_IRQHandler) for DMA1_Stream4_IRQHandler
    startup_stm32h750xx.o(RESET) refers to stm32h7xx_it.o(i.FDCAN1_IT0_IRQHandler) for FDCAN1_IT0_IRQHandler
    startup_stm32h750xx.o(RESET) refers to stm32h7xx_it.o(i.FDCAN2_IT0_IRQHandler) for FDCAN2_IT0_IRQHandler
    startup_stm32h750xx.o(RESET) refers to stm32h7xx_it.o(i.TIM2_IRQHandler) for TIM2_IRQHandler
    startup_stm32h750xx.o(RESET) refers to stm32h7xx_it.o(i.USART1_IRQHandler) for USART1_IRQHandler
    startup_stm32h750xx.o(RESET) refers to stm32h7xx_it.o(i.USART2_IRQHandler) for USART2_IRQHandler
    startup_stm32h750xx.o(RESET) refers to stm32h7xx_it.o(i.USART3_IRQHandler) for USART3_IRQHandler
    startup_stm32h750xx.o(RESET) refers to stm32h7xx_it.o(i.DMA2_Stream1_IRQHandler) for DMA2_Stream1_IRQHandler
    startup_stm32h750xx.o(RESET) refers to stm32h7xx_it.o(i.DMA2_Stream2_IRQHandler) for DMA2_Stream2_IRQHandler
    startup_stm32h750xx.o(RESET) refers to stm32h7xx_it.o(i.DMA2_Stream6_IRQHandler) for DMA2_Stream6_IRQHandler
    startup_stm32h750xx.o(RESET) refers to stm32h7xx_it.o(i.USART6_IRQHandler) for USART6_IRQHandler
    startup_stm32h750xx.o(.text) refers to system_stm32h7xx.o(i.SystemInit) for SystemInit
    startup_stm32h750xx.o(.text) refers to entry.o(.ARM.Collect$$$$00000000) for __main
    main.o(i.HAL_TIM_PeriodElapsedCallback) refers to stm32h7xx_hal.o(i.HAL_IncTick) for HAL_IncTick
    main.o(i.SystemClock_Config) refers to memseta.o(.text) for __aeabi_memclr4
    main.o(i.SystemClock_Config) refers to stm32h7xx_hal_pwr_ex.o(i.HAL_PWREx_ConfigSupply) for HAL_PWREx_ConfigSupply
    main.o(i.SystemClock_Config) refers to stm32h7xx_hal_rcc.o(i.HAL_RCC_OscConfig) for HAL_RCC_OscConfig
    main.o(i.SystemClock_Config) refers to main.o(i.Error_Handler) for Error_Handler
    main.o(i.SystemClock_Config) refers to stm32h7xx_hal_rcc.o(i.HAL_RCC_ClockConfig) for HAL_RCC_ClockConfig
    main.o(i.main) refers to stm32h7xx_hal.o(i.HAL_Init) for HAL_Init
    main.o(i.main) refers to main.o(i.SystemClock_Config) for SystemClock_Config
    main.o(i.main) refers to gpio.o(i.MX_GPIO_Init) for MX_GPIO_Init
    main.o(i.main) refers to usart.o(i.MX_USART1_UART_Init) for MX_USART1_UART_Init
    main.o(i.main) refers to usart.o(i.MX_UART4_Init) for MX_UART4_Init
    main.o(i.main) refers to spi.o(i.MX_SPI2_Init) for MX_SPI2_Init
    main.o(i.main) refers to fdcan.o(i.MX_FDCAN1_Init) for MX_FDCAN1_Init
    main.o(i.main) refers to dma.o(i.MX_DMA_Init) for MX_DMA_Init
    main.o(i.main) refers to rng.o(i.MX_RNG_Init) for MX_RNG_Init
    main.o(i.main) refers to fdcan.o(i.MX_FDCAN2_Init) for MX_FDCAN2_Init
    main.o(i.main) refers to usart.o(i.MX_USART2_UART_Init) for MX_USART2_UART_Init
    main.o(i.main) refers to usart.o(i.MX_USART3_UART_Init) for MX_USART3_UART_Init
    main.o(i.main) refers to usart.o(i.MX_USART6_UART_Init) for MX_USART6_UART_Init
    main.o(i.main) refers to tim.o(i.MX_TIM1_Init) for MX_TIM1_Init
    main.o(i.main) refers to tim.o(i.MX_TIM8_Init) for MX_TIM8_Init
    main.o(i.main) refers to sysinit.o(i.System_init) for System_init
    main.o(i.main) refers to freertos.o(i.MX_FREERTOS_Init) for MX_FREERTOS_Init
    main.o(i.main) refers to cmsis_os.o(i.osKernelStart) for osKernelStart
    gpio.o(i.MX_GPIO_Init) refers to memseta.o(.text) for __aeabi_memclr4
[...]
    DMA1_Stream3_IRQHandler                  0x08001149   Thumb Code    10  stm32h7xx_it.o(i.DMA1_Stream3_IRQHandler)
    DMA1_Stream4_IRQHandler                  0x08001159   Thumb Code    10  stm32h7xx_it.o(i.DMA1_Stream4_IRQHandler)
    DMA2_Stream1_IRQHandler                  0x08001169   Thumb Code    10  stm32h7xx_it.o(i.DMA2_Stream1_IRQHandler)
    DMA2_Stream2_IRQHandler                  0x08001179   Thumb Code    10  stm32h7xx_it.o(i.DMA2_Stream2_IRQHandler)
    DMA2_Stream6_IRQHandler                  0x08001189   Thumb Code    10  stm32h7xx_it.o(i.DMA2_Stream6_IRQHandler)
    DebugMon_Handler                         0x08001705   Thumb Code     2  stm32h7xx_it.o(i.DebugMon_Handler)
    Detect_TASK                              0x08001709   Thumb Code    28  task_detect.o(i.Detect_TASK)
    Error_Handler                            0x08001729   Thumb Code     6  main.o(i.Error_Handler)
    FDCAN1_IT0_IRQHandler                    0x08001731   Thumb Code    10  stm32h7xx_it.o(i.FDCAN1_IT0_IRQHandler)
    FDCAN2_IT0_IRQHandler                    0x08001741   Thumb Code    10  stm32h7xx_it.o(i.FDCAN2_IT0_IRQHandler)
    Fire_Task                                0x08001c01   Thumb Code    68  task_fire.o(i.Fire_Task)
    GIMBAL_TASK                              0x08001cc9   Thumb Code    84  task_gimbal.o(i.GIMBAL_TASK)
    Get_Auto_Control_Point                   0x08001d29   Thumb Code     4  automatic_strike.o(i.Get_Auto_Control_Point)
    Get_CRC16_Check_Sum                      0x08001d31   Thumb Code    46  crc.o(i.Get_CRC16_Check_Sum)
    Get_CRC8_Check_Sum                       0x08001d65   Thumb Code    30  crc.o(i.Get_CRC8_Check_Sum)
    Get_Fire_MotorA_Measure_Point            0x08001d89   Thumb Code     4  can_1_receive.o(i.Get_Fire_MotorA_Measure_Point)
    Get_Fire_MotorB_Measure_Point            0x08001d91   Thumb Code     4  can_1_receive.o(i.Get_Fire_MotorB_Measure_Point)
    Get_Pitch_AboveGimbal_Motor_Measure_Point 0x08001dd9   Thumb Code     4  can_1_receive.o(i.Get_Pitch_AboveGimbal_Motor_Measure_Point)
    Get_Pitch_Gimbal_Motor_Measure_Point     0x08001de1   Thumb Code     4  can_1_receive.o(i.Get_Pitch_Gimbal_Motor_Measure_Point)
    Get_Yaw_AboveGimbal_Motor_Measure_Point  0x08001de9   Thumb Code     4  can_1_receive.o(i.Get_Yaw_AboveGimbal_Motor_Measure_Point)
    Get_Yaw_Gimbal_Motor_Measure_Point       0x08001df1   Thumb Code     4  can_2_receive.o(i.Get_Yaw_Gimbal_Motor_Measure_Point)
    Get_appinit_status                       0x08001df9   Thumb Code     6  sysinit.o(i.Get_appinit_status)
    Gimbal_Auto                              0x08001e05   Thumb Code   142  gimbal_behaviour.o(i.Gimbal_Auto)
    Gimbal_Automatic_Work                    0x08001f19   Thumb Code   132  task_gimbal.o(i.Gimbal_Automatic_Work)
    Gimbal_Manual_Work                       0x08001f9d   Thumb Code   222  task_gimbal.o(i.Gimbal_Manual_Work)
    Gimbal_Stop                              0x08002265   Thumb Code    42  gimbal_behaviour.o(i.Gimbal_Stop)
    Gimbal_behaviour_mode_set                0x0800229d   Thumb Code   196  gimbal_behaviour.o(i.Gimbal_behaviour_mode_set)
    HAL_DMA_Abort                            0x08002521   Thumb Code  1236  stm32h7xx_hal_dma.o(i.HAL_DMA_Abort)
    HAL_DMA_Abort_IT                         0x080029fd   Thumb Code   906  stm32h7xx_hal_dma.o(i.HAL_DMA_Abort_IT)
    HAL_DMA_IRQHandler                       0x08002d95   Thumb Code  2800  stm32h7xx_hal_dma.o(i.HAL_DMA_IRQHandler)
    HAL_DMA_Init                             0x0800388d   Thumb Code  1304  stm32h7xx_hal_dma.o(i.HAL_DMA_Init)
    HAL_DMA_Start_IT                         0x08003dad   Thumb Code   980  stm32h7xx_hal_dma.o(i.HAL_DMA_Start_IT)
    HAL_FDCAN_ActivateNotification           0x0800418d   Thumb Code   158  stm32h7xx_hal_fdcan.o(i.HAL_FDCAN_ActivateNotification)
    HAL_FDCAN_AddMessageToTxFifoQ            0x08004235   Thumb Code   144  stm32h7xx_hal_fdcan.o(i.HAL_FDCAN_AddMessageToTxFifoQ)
    HAL_FDCAN_ClockCalibrationCallback       0x080042c5   Thumb Code     2  stm32h7xx_hal_fdcan.o(i.HAL_FDCAN_ClockCalibrationCallback)
    HAL_FDCAN_ConfigFilter                   0x080042c7   Thumb Code   168  stm32h7xx_hal_fdcan.o(i.HAL_FDCAN_ConfigFilter)
    HAL_FDCAN_ConfigGlobalFilter             0x0800436f   Thumb Code    52  stm32h7xx_hal_fdcan.o(i.HAL_FDCAN_ConfigGlobalFilter)
    HAL_FDCAN_ConfigRxFifoOverwrite          0x080043a3   Thumb Code    74  stm32h7xx_hal_fdcan.o(i.HAL_FDCAN_ConfigRxFifoOverwrite)
    HAL_FDCAN_ErrorCallback                  0x080043ed   Thumb Code     2  stm32h7xx_hal_fdcan.o(i.HAL_FDCAN_ErrorCallback)
    HAL_FDCAN_ErrorStatusCallback            0x080043ef   Thumb Code     2  stm32h7xx_hal_fdcan.o(i.HAL_FDCAN_ErrorStatusCallback)
    HAL_FDCAN_GetRxMessage                   0x080043f1   Thumb Code   496  stm32h7xx_hal_fdcan.o(i.HAL_FDCAN_GetRxMessage)
    HAL_FDCAN_HighPriorityMessageCallback    0x080045e5   Thumb Code     2  stm32h7xx_hal_fdcan.o(i.HAL_FDCAN_HighPriorityMessageCallback)
    HAL_FDCAN_IRQHandler                     0x080045e9   Thumb Code   990  stm32h7xx_hal_fdcan.o(i.HAL_FDCAN_IRQHandler)
    HAL_FDCAN_Init                           0x080049d5   Thumb Code   726  stm32h7xx_hal_fdcan.o(i.HAL_FDCAN_Init)
    HAL_FDCAN_MspInit                        0x08004cb5   Thumb Code   330  fdcan.o(i.HAL_FDCAN_MspInit)
    HAL_FDCAN_RxBufferNewMessageCallback     0x08004e19   Thumb Code     2  stm32h7xx_hal_fdcan.o(i.HAL_FDCAN_RxBufferNewMessageCallback)
    HAL_FDCAN_RxFifo0Callback                0x08004e1d   Thumb Code    48  can_1_receive.o(i.HAL_FDCAN_RxFifo0Callback)
    HAL_FDCAN_RxFifo1Callback                0x08004e5d   Thumb Code     2  stm32h7xx_hal_fdcan.o(i.HAL_FDCAN_RxFifo1Callback)
    HAL_FDCAN_Start                          0x08004e5f   Thumb Code    52  stm32h7xx_hal_fdcan.o(i.HAL_FDCAN_Start)
    HAL_FDCAN_TT_GlobalTimeCallback          0x08004e93   Thumb Code     2  stm32h7xx_hal_fdcan.o(i.HAL_FDCAN_TT_GlobalTimeCallback)
    HAL_FDCAN_TT_ScheduleSyncCallback        0x08004e95   Thumb Code     2  stm32h7xx_hal_fdcan.o(i.HAL_FDCAN_TT_ScheduleSyncCallback)
    HAL_FDCAN_TT_StopWatchCallback           0x08004e97   Thumb Code     2  stm32h7xx_hal_fdcan.o(i.HAL_FDCAN_TT_StopWatchCallback)
    HAL_FDCAN_TT_TimeMarkCallback            0x08004e99   Thumb Code     2  stm32h7xx_hal_fdcan.o(i.HAL_FDCAN_TT_TimeMarkCallback)
    HAL_FDCAN_TimeoutOccurredCallback        0x08004e9b   Thumb Code     2  stm32h7xx_hal_fdcan.o(i.HAL_FDCAN_TimeoutOccurredCallback)
    HAL_FDCAN_TimestampWraparoundCallback    0x08004e9d   Thumb Code     2  stm32h7xx_hal_fdcan.o(i.HAL_FDCAN_TimestampWraparoundCallback)
    HAL_FDCAN_TxBufferAbortCallback          0x08004e9f   Thumb Code     2  stm32h7xx_hal_fdcan.o(i.HAL_FDCAN_TxBufferAbortCallback)
    HAL_FDCAN_TxBufferCompleteCallback       0x08004ea1   Thumb Code     2  stm32h7xx_hal_fdcan.o(i.HAL_FDCAN_TxBufferCompleteCallback)
    HAL_FDCAN_TxEventFifoCallback            0x08004ea3   Thumb Code     2  stm32h7xx_hal_fdcan.o(i.HAL_FDCAN_TxEventFifoCallback)
    HAL_FDCAN_TxFifoEmptyCallback            0x08004ea5   Thumb Code     2  stm32h7xx_hal_fdcan.o(i.HAL_FDCAN_TxFifoEmptyCallback)
    HAL_GPIO_Init                            0x08004ea9   Thumb Code   468  stm32h7xx_hal_gpio.o(i.HAL_GPIO_Init)
    HAL_GPIO_ReadPin                         0x080050b1   Thumb Code    16  stm32h7xx_hal_gpio.o(i.HAL_GPIO_ReadPin)
    HAL_GPIO_WritePin                        0x080050c1   Thumb Code    12  stm32h7xx_hal_gpio.o(i.HAL_GPIO_WritePin)
    HAL_GetREVID                             0x080050cd   Thumb Code     8  stm32h7xx_hal.o(i.HAL_GetREVID)
    HAL_GetTick                              0x080050d9   Thumb Code     6  stm32h7xx_hal.o(i.HAL_GetTick)
    HAL_IncTick                              0x080050e5   Thumb Code    16  stm32h7xx_hal.o(i.HAL_IncTick)
    HAL_Init                                 0x080050fd   Thumb Code    80  stm32h7xx_hal.o(i.HAL_Init)
    HAL_InitTick                             0x0800515d   Thumb Code   142  stm32h7xx_hal_timebase_tim.o(i.HAL_InitTick)
    HAL_MspInit                              0x080051fd   Thumb Code    42  stm32h7xx_hal_msp.o(i.HAL_MspInit)
    HAL_NVIC_EnableIRQ                       0x0800522d   Thumb Code    40  stm32h7xx_hal_cortex.o(i.HAL_NVIC_EnableIRQ)
    HAL_NVIC_SetPriority                     0x08005255   Thumb Code   122  stm32h7xx_hal_cortex.o(i.HAL_NVIC_SetPriority)
    HAL_NVIC_SetPriorityGrouping             0x080052d1   Thumb Code    32  stm32h7xx_hal_cortex.o(i.HAL_NVIC_SetPriorityGrouping)
    HAL_PWREx_ConfigSupply                   0x080052f9   Thumb Code    90  stm32h7xx_hal_pwr_ex.o(i.HAL_PWREx_ConfigSupply)
    HAL_RCCEx_GetD3PCLK1Freq                 0x08005359   Thumb Code    26  stm32h7xx_hal_rcc_ex.o(i.HAL_RCCEx_GetD3PCLK1Freq)
    HAL_RCCEx_GetPLL2ClockFreq               0x0800537d   Thumb Code   536  stm32h7xx_hal_rcc_ex.o(i.HAL_RCCEx_GetPLL2ClockFreq)
    HAL_RCCEx_GetPLL3ClockFreq               0x080055ad   Thumb Code   536  stm32h7xx_hal_rcc_ex.o(i.HAL_RCCEx_GetPLL3ClockFreq)
    HAL_RCCEx_PeriphCLKConfig                0x080057dd   Thumb Code  2910  stm32h7xx_hal_rcc_ex.o(i.HAL_RCCEx_PeriphCLKConfig)
    HAL_RCC_ClockConfig                      0x08006341   Thumb Code   774  stm32h7xx_hal_rcc.o(i.HAL_RCC_ClockConfig)
    HAL_RCC_GetClockConfig                   0x08006661   Thumb Code    98  stm32h7xx_hal_rcc.o(i.HAL_RCC_GetClockConfig)
    HAL_RCC_GetHCLKFreq                      0x080066cd   Thumb Code    60  stm32h7xx_hal_rcc.o(i.HAL_RCC_GetHCLKFreq)
    HAL_RCC_GetPCLK1Freq                     0x08006719   Thumb Code    26  stm32h7xx_hal_rcc.o(i.HAL_RCC_GetPCLK1Freq)
    HAL_RCC_GetPCLK2Freq                     0x0800673d   Thumb Code    26  stm32h7xx_hal_rcc.o(i.HAL_RCC_GetPCLK2Freq)
    HAL_RCC_GetSysClockFreq                  0x08006761   Thumb Code   524  stm32h7xx_hal_rcc.o(i.HAL_RCC_GetSysClockFreq)
    HAL_RCC_OscConfig                        0x0800698d   Thumb Code  2010  stm32h7xx_hal_rcc.o(i.HAL_RCC_OscConfig)
    HAL_RNG_GenerateRandomNumber             0x08007171   Thumb Code   124  stm32h7xx_hal_rng.o(i.HAL_RNG_GenerateRandomNumber)
    HAL_RNG_Init                             0x080071ed   Thumb Code   128  stm32h7xx_hal_rng.o(i.HAL_RNG_Init)
    HAL_RNG_MspInit                          0x0800726d   Thumb Code    76  rng.o(i.HAL_RNG_MspInit)
    HAL_SPI_Init                             0x080072c1   Thumb Code   366  stm32h7xx_hal_spi.o(i.HAL_SPI_Init)
    HAL_SPI_MspInit                          0x0800743d   Thumb Code   224  spi.o(i.HAL_SPI_MspInit)
    HAL_TIMEx_Break2Callback                 0x0800752d   Thumb Code     2  stm32h7xx_hal_tim_ex.o(i.HAL_TIMEx_Break2Callback)
    HAL_TIMEx_BreakCallback                  0x0800752f   Thumb Code     2  stm32h7xx_hal_tim_ex.o(i.HAL_TIMEx_BreakCallback)
    HAL_TIMEx_CommutCallback                 0x08007531   Thumb Code     2  stm32h7xx_hal_tim_ex.o(i.HAL_TIMEx_CommutCallback)
    HAL_TIMEx_ConfigBreakDeadTime            0x08007535   Thumb Code   172  stm32h7xx_hal_tim_ex.o(i.HAL_TIMEx_ConfigBreakDeadTime)
    HAL_TIMEx_MasterConfigSynchronization    0x080075e9   Thumb Code   166  stm32h7xx_hal_tim_ex.o(i.HAL_TIMEx_MasterConfigSynchronization)
    HAL_TIM_Base_Init                        0x080076a9   Thumb Code   110  stm32h7xx_hal_tim.o(i.HAL_TIM_Base_Init)
    HAL_TIM_Base_MspInit                     0x08007717   Thumb Code     2  stm32h7xx_hal_tim.o(i.HAL_TIM_Base_MspInit)
    HAL_TIM_Base_Start_IT                    0x08007719   Thumb Code   138  stm32h7xx_hal_tim.o(i.HAL_TIM_Base_Start_IT)
    HAL_TIM_IC_CaptureCallback               0x080077c1   Thumb Code     2  stm32h7xx_hal_tim.o(i.HAL_TIM_IC_CaptureCallback)
    HAL_TIM_IRQHandler                       0x080077c3   Thumb Code   440  stm32h7xx_hal_tim.o(i.HAL_TIM_IRQHandler)
    HAL_TIM_MspPostInit                      0x0800797d   Thumb Code   178  tim.o(i.HAL_TIM_MspPostInit)
    HAL_TIM_OC_DelayElapsedCallback          0x08007a45   Thumb Code     2  stm32h7xx_hal_tim.o(i.HAL_TIM_OC_DelayElapsedCallback)
    HAL_TIM_PWM_ConfigChannel                0x08007a47   Thumb Code   360  stm32h7xx_hal_tim.o(i.HAL_TIM_PWM_ConfigChannel)
    HAL_TIM_PWM_Init                         0x08007baf   Thumb Code   110  stm32h7xx_hal_tim.o(i.HAL_TIM_PWM_Init)
    HAL_TIM_PWM_MspInit                      0x08007c1d   Thumb Code    76  tim.o(i.HAL_TIM_PWM_MspInit)
    HAL_TIM_PWM_PulseFinishedCallback        0x08007c75   Thumb Code     2  stm32h7xx_hal_tim.o(i.HAL_TIM_PWM_PulseFinishedCallback)
    HAL_TIM_PWM_Start                        0x08007c79   Thumb Code   306  stm32h7xx_hal_tim.o(i.HAL_TIM_PWM_Start)
    HAL_TIM_PeriodElapsedCallback            0x08007dd5   Thumb Code    18  main.o(i.HAL_TIM_PeriodElapsedCallback)
    HAL_TIM_TriggerCallback                  0x08007de7   Thumb Code     2  stm32h7xx_hal_tim.o(i.HAL_TIM_TriggerCallback)
    HAL_UARTEx_DisableFifoMode               0x08007de9   Thumb Code    78  stm32h7xx_hal_uart_ex.o(i.HAL_UARTEx_DisableFifoMode)
    HAL_UARTEx_RxEventCallback               0x08007e37   Thumb Code     2  stm32h7xx_hal_uart.o(i.HAL_UARTEx_RxEventCallback)
    HAL_UARTEx_RxFifoFullCallback            0x08007e39   Thumb Code     2  stm32h7xx_hal_uart_ex.o(i.HAL_UARTEx_RxFifoFullCallback)
    HAL_UARTEx_SetRxFifoThreshold            0x08007e3b   Thumb Code    94  stm32h7xx_hal_uart_ex.o(i.HAL_UARTEx_SetRxFifoThreshold)
    HAL_UARTEx_SetTxFifoThreshold            0x08007e99   Thumb Code    94  stm32h7xx_hal_uart_ex.o(i.HAL_UARTEx_SetTxFifoThreshold)
    HAL_UARTEx_TxFifoEmptyCallback           0x08007ef7   Thumb Code     2  stm32h7xx_hal_uart_ex.o(i.HAL_UARTEx_TxFifoEmptyCallback)
    HAL_UARTEx_WakeupCallback                0x08007ef9   Thumb Code     2  stm32h7xx_hal_uart_ex.o(i.HAL_UARTEx_WakeupCallback)
    HAL_UART_ErrorCallback                   0x08007efb   Thumb Code     2  stm32h7xx_hal_uart.o(i.HAL_UART_ErrorCallback)
    HAL_UART_IRQHandler                      0x08007efd   Thumb Code   960  stm32h7xx_hal_uart.o(i.HAL_UART_IRQHandler)
    HAL_UART_Init                            0x080082d1   Thumb Code   120  stm32h7xx_hal_uart.o(i.HAL_UART_Init)
    HAL_UART_MspInit                         0x08008349   Thumb Code  1308  usart.o(i.HAL_UART_MspInit)
    HAL_UART_Receive_DMA                     0x08008879   Thumb Code    96  stm32h7xx_hal_uart.o(i.HAL_UART_Receive_DMA)
    HAL_UART_Receive_IT                      0x080088dd   Thumb Code    96  stm32h7xx_hal_uart.o(i.HAL_UART_Receive_IT)
    HAL_UART_RxCpltCallback                  0x08008941   Thumb Code     2  stm32h7xx_hal_uart.o(i.HAL_UART_RxCpltCallback)
    HAL_UART_RxHalfCpltCallback              0x08008943   Thumb Code     2  stm32h7xx_hal_uart.o(i.HAL_UART_RxHalfCpltCallback)
    HAL_UART_Transmit_DMA                    0x08008945   Thumb Code   172  stm32h7xx_hal_uart.o(i.HAL_UART_Transmit_DMA)
    HAL_UART_TxCpltCallback                  0x080089fd   Thumb Code     2  stm32h7xx_hal_uart.o(i.HAL_UART_TxCpltCallback)
    HAL_UART_TxHalfCpltCallback              0x080089ff   Thumb Code     2  stm32h7xx_hal_uart.o(i.HAL_UART_TxHalfCpltCallback)
    HardFault_Handler                        0x08008a01   Thumb Code     4  stm32h7xx_it.o(i.HardFault_Handler)
    Led_Task                                 0x08008a05   Thumb Code    56  task_led.o(i.Led_Task)
    Location_Pid_Int32                       0x08008a41   Thumb Code   218  pid.o(i.Location_Pid_Int32)
    MX_DMA_Init                              0x08008b21   Thumb Code   186  dma.o(i.MX_DMA_Init)
    MX_FDCAN1_Init                           0x08008be1   Thumb Code   122  fdcan.o(i.MX_FDCAN1_Init)
    MX_FDCAN2_Init                           0x08008c65   Thumb Code   124  fdcan.o(i.MX_FDCAN2_Init)
    MX_FREERTOS_Init                         0x08008ce9   Thumb Code   150  freertos.o(i.MX_FREERTOS_Init)
    MX_GPIO_Init                             0x08008d9d   Thumb Code   298  gpio.o(i.MX_GPIO_Init)
    MX_RNG_Init                              0x08008ed9   Thumb Code    26  rng.o(i.MX_RNG_Init)
    MX_SPI2_Init                             0x08008efd   Thumb Code    88  spi.o(i.MX_SPI2_Init)
    MX_TIM1_Init                             0x08008f5d   Thumb Code   200  tim.o(i.MX_TIM1_Init)
    MX_TIM8_Init                             0x0800902d   Thumb Code   200  tim.o(i.MX_TIM8_Init)
    MX_UART4_Init                            0x080090fd   Thumb Code    98  usart.o(i.MX_UART4_Init)
    MX_USART1_UART_Init                      0x08009169   Thumb Code   104  usart.o(i.MX_USART1_UART_Init)
    MX_USART2_UART_Init                      0x080091dd   Thumb Code    98  usart.o(i.MX_USART2_UART_Init)
    MX_USART3_UART_Init                      0x08009249   Thumb Code    98  usart.o(i.MX_USART3_UART_Init)
    MX_USART6_UART_Init                      0x080092b5   Thumb Code    98  usart.o(i.MX_USART6_UART_Init)
    MemManage_Handler                        0x08009321   Thumb Code     4  stm32h7xx_it.o(i.MemManage_Handler)
    MiniPC_Data_Deal                         0x08009325   Thumb Code   156  automatic_strike.o(i.MiniPC_Data_Deal)
    MiniPC_Send_Data                         0x080093cd   Thumb Code    42  automatic_strike.o(i.MiniPC_Send_Data)
    Motor_Actual_Position                    0x080093f7   Thumb Code    62  rmmotor.o(i.Motor_Actual_Position)
    Motor_Position_Speed_Control             0x08009435   Thumb Code   100  rmmotor.o(i.Motor_Position_Speed_Control)
    NMI_Handler                              0x08009499   Thumb Code     4  stm32h7xx_it.o(i.NMI_Handler)
    RC_Init                                  0x08009765   Thumb Code   296  remotecontrol.o(i.RC_Init)
    RC_data_is_error                         0x080098b9   Thumb Code   132  remotecontrol.o(i.RC_data_is_error)
    RNG_Get_RandomRange                      0x08009941   Thumb Code    32  sysinit.o(i.RNG_Get_RandomRange)
    Remote_Task                              0x08009965   Thumb Code    62  remotecontrol.o(i.Remote_Task)
    Remote_reload                            0x080099b1   Thumb Code    36  remotecontrol.o(i.Remote_reload)
    Return_Fire_Mode                         0x080099d9   Thumb Code    44  gimbal_behaviour.o(i.Return_Fire_Mode)
    Return_Friction_Wheel_Mode               0x08009a09   Thumb Code    34  gimbal_behaviour.o(i.Return_Friction_Wheel_Mode)
    Return_gimbal_mode                       0x08009a31   Thumb Code     6  task_gimbal.o(i.Return_gimbal_mode)
    Rmmotor_Speed_control                    0x08009a3d   Thumb Code    72  rmmotor.o(i.Rmmotor_Speed_control)
    SAFE_TASK                                0x08009a85   Thumb Code    16  task_safe.o(i.SAFE_TASK)
    Sliding_Mean_Filter                      0x08009ab1   Thumb Code   138  maths.o(i.Sliding_Mean_Filter)
    Sliding_Mean_Filter_Init                 0x08009b41   Thumb Code    70  maths.o(i.Sliding_Mean_Filter_Init)
    StartDefaultTask                         0x08009b8d   Thumb Code    10  freertos.o(i.StartDefaultTask)
    SysTick_Handler                          0x08009b99   Thumb Code    46  port.o(i.SysTick_Handler)
    SystemClock_Config                       0x08009bcd   Thumb Code   222  main.o(i.SystemClock_Config)
    SystemInit                               0x08009cb9   Thumb Code   220  system_stm32h7xx.o(i.SystemInit)
    System_init                              0x08009dbd   Thumb Code    28  sysinit.o(i.System_init)
    TIM2_IRQHandler                          0x08009dd9   Thumb Code    10  stm32h7xx_it.o(i.TIM2_IRQHandler)
    TIM_Base_SetConfig                       0x08009de9   Thumb Code   170  stm32h7xx_hal_tim.o(i.TIM_Base_SetConfig)
    TIM_CCxChannelCmd                        0x08009eb5   Thumb Code    34  stm32h7xx_hal_tim.o(i.TIM_CCxChannelCmd)
    TIM_OC2_SetConfig                        0x08009f85   Thumb Code   156  stm32h7xx_hal_tim.o(i.TIM_OC2_SetConfig)
    UART_AdvFeatureConfig                    0x0800a289   Thumb Code   248  stm32h7xx_hal_uart.o(i.UART_AdvFeatureConfig)
    UART_CheckIdleState                      0x0800a381   Thumb Code   118  stm32h7xx_hal_uart.o(i.UART_CheckIdleState)
    UART_SetConfig                           0x0800a9a5   Thumb Code  1404  stm32h7xx_hal_uart.o(i.UART_SetConfig)
    UART_Start_Receive_DMA                   0x0800af31   Thumb Code   146  stm32h7xx_hal_uart.o(i.UART_Start_Receive_DMA)
    UART_Start_Receive_IT                    0x0800afd1   Thumb Code   256  stm32h7xx_hal_uart.o(i.UART_Start_Receive_IT)
    UART_WaitOnFlagUntilTimeout              0x0800b0e1   Thumb Code   190  stm32h7xx_hal_uart.o(i.UART_WaitOnFlagUntilTimeout)
    USART1_IRQHandler                        0x0800b1a1   Thumb Code    16  stm32h7xx_it.o(i.USART1_IRQHandler)
    USART2_IRQHandler                        0x0800b1b5   Thumb Code    16  stm32h7xx_it.o(i.USART2_IRQHandler)
    USART2_IRQHandler_callback               0x0800b1c9   Thumb Code   798  bsp_usart2.o(i.USART2_IRQHandler_callback)
    USART3_IRQHandler                        0x0800b501   Thumb Code    16  stm32h7xx_it.o(i.USART3_IRQHandler)
    USART6_IRQHandler                        0x0800b515   Thumb Code    16  stm32h7xx_it.o(i.USART6_IRQHandler)
    USER_UART3_IRQHandler                    0x0800b529   Thumb Code   110  automatic_strike.o(i.USER_UART3_IRQHandler)
    USER_UART6_IRQHandler                    0x0800b5a5   Thumb Code   738  refereedeal.o(i.USER_UART6_IRQHandler)
    USER_UART_IRQHandler                     0x0800b899   Thumb Code    68  remotecontrol.o(i.USER_UART_IRQHandler)
    UsageFault_Handler                       0x0800b8e9   Thumb Code     4  stm32h7xx_it.o(i.UsageFault_Handler)
    Verify_CRC16_Check_Sum                   0x0800b8ed   Thumb Code    60  crc.o(i.Verify_CRC16_Check_Sum)
    Verify_CRC8_Check_Sum                    0x0800b92d   Thumb Code    46  crc.o(i.Verify_CRC8_Check_Sum)
    __scatterload_copy                       0x0800b995   Thumb Code    14  handlers.o(i.__scatterload_copy)
    __scatterload_null                       0x0800b9a3   Thumb Code     2  handlers.o(i.__scatterload_null)
    __scatterload_zeroinit                   0x0800b9a5   Thumb Code    14  handlers.o(i.__scatterload_zeroinit)
    automatic_Enemy_color                    0x0800b9b5   Thumb Code    38  task_chassis.o(i.automatic_Enemy_color)
    automatic_init                           0x0800b9e1   Thumb Code   330  automatic_strike.o(i.automatic_init)
    bsp_usart2_init                          0x0800bb4d   Thumb Code   334  bsp_usart2.o(i.bsp_usart2_init)
    chassis_app_init                         0x0800bcbd   Thumb Code    70  chassis_app.o(i.chassis_app_init)
    chassis_behaviour_mode_set               0x0800bd21   Thumb Code   176  chassis_behaviour.o(i.chassis_behaviour_mode_set)
    chassis_can1_callback                    0x0800bde1   Thumb Code   358  can_1_receive.o(i.chassis_can1_callback)
    chassis_can2_callback                    0x0800bf65   Thumb Code    56  can_2_receive.o(i.chassis_can2_callback)
    chassis_set_remote                       0x0800c221   Thumb Code   204  task_chassis.o(i.chassis_set_remote)
    fifo_init                                0x0800c2f1   Thumb Code    32  fifo_buff.o(i.fifo_init)
    fifo_read_buff                           0x0800c311   Thumb Code    86  fifo_buff.o(i.fifo_read_buff)
    fifo_write_buff                          0x0800c369   Thumb Code    94  fifo_buff.o(i.fifo_write_buff)
    first_order_filter                       0x0800c3cd   Thumb Code    66  maths.o(i.first_order_filter)
    first_order_filter_init                  0x0800c411   Thumb Code    44  maths.o(i.first_order_filter_init)
    float_abs                                0x0800c441   Thumb Code    20  maths.o(i.float_abs)
    float_limit                              0x0800c455   Thumb Code    32  maths.o(i.float_limit)
    get_Chassis_Motor_Measure_Point          0x0800c475   Thumb Code    18  can_1_receive.o(i.get_Chassis_Motor_Measure_Point)
    get_Enemy_status                         0x0800c48d   Thumb Code     6  can_2_receive.o(i.get_Enemy_status)
    get_Enemy_status_from_above              0x0800c499   Thumb Code     6  task_abovegimbal.o(i.get_Enemy_status_from_above)
    get_Fire_control_point                   0x0800c4a5   Thumb Code     4  task_fire.o(i.get_Fire_control_point)
    get_remote_control_point                 0x0800c4ad   Thumb Code     4  remotecontrol.o(i.get_remote_control_point)
    gimbal_app_init                          0x0800c4b5   Thumb Code    74  gimbal_app.o(i.gimbal_app_init)
    gimbal_can1_callback                     0x0800c521   Thumb Code   334  can_1_receive.o(i.gimbal_can1_callback)
    gimbal_can2_callback                     0x0800c689   Thumb Code   204  can_2_receive.o(i.gimbal_can2_callback)
    hex2Float                                0x0800c7b5   Thumb Code    70  automatic_strike.o(i.hex2Float)
    int32_limit                              0x0800c805   Thumb Code    16  maths.o(i.int32_limit)
    loop_fp32_constrain                      0x0800c815   Thumb Code    96  maths.o(i.loop_fp32_constrain)
    main                                     0x0800c875   Thumb Code    76  main.o(i.main)
    motor_position_Stepping                  0x0800c8dd   Thumb Code   102  rmmotor.o(i.motor_position_Stepping)
    osDelay                                  0x0800c943   Thumb Code    24  cmsis_os.o(i.osDelay)
    osKernelStart                            0x0800c95b   Thumb Code    10  cmsis_os.o(i.osKernelStart)
    osThreadCreate                           0x0800c965   Thumb Code    94  cmsis_os.o(i.osThreadCreate)
    pid_init                                 0x0800c9c5   Thumb Code   112  pid.o(i.pid_init)
    pid_regulator                            0x0800ca39   Thumb Code   310  pid.o(i.pid_regulator)
    pvPortMalloc                             0x0800cff1   Thumb Code   306  heap_4.o(i.pvPortMalloc)
    pxPortInitialiseStack                    0x0800d13d   Thumb Code    38  port.o(i.pxPortInitialiseStack)
    rc_deadline_limit                        0x0800d169   Thumb Code    20  remotecontrol.o(i.rc_deadline_limit)
    referee_blue_outpost_HP                  0x0800d17d   Thumb Code     6  refereedeal.o(i.referee_blue_outpost_HP)
    referee_read_data                        0x0800d189   Thumb Code   364  refereedeal.o(i.referee_read_data)
    referee_red_outpost_HP                   0x0800d301   Thumb Code     6  refereedeal.o(i.referee_red_outpost_HP)
    referee_remain_HP                        0x0800d30d   Thumb Code     8  refereedeal.o(i.referee_remain_HP)
    referee_robot_id                         0x0800d319   Thumb Code     8  refereedeal.o(i.referee_robot_id)
    referee_system_init                      0x0800d325   Thumb Code   338  refereedeal.o(i.referee_system_init)
    remote_control_init                      0x0800d499   Thumb Code    22  remotecontrol.o(i.remote_control_init)
    shoot_hot_limit                          0x0800d5cd   Thumb Code    12  task_fire.o(i.shoot_hot_limit)
    step_in_processing                       0x0800d605   Thumb Code   138  pid.o(i.step_in_processing)
    usart3_dma_send                          0x0800d7ad   Thumb Code    64  automatic_strike.o(i.usart3_dma_send)
    uxListRemove                             0x0800d7f9   Thumb Code    40  list.o(i.uxListRemove)
    vApplicationGetIdleTaskMemory            0x0800d821   Thumb Code    14  freertos.o(i.vApplicationGetIdleTaskMemory)
    vListInitialise                          0x0800d839   Thumb Code    26  list.o(i.vListInitialise)
    vListInitialiseItem                      0x0800d853   Thumb Code     6  list.o(i.vListInitialiseItem)
    vListInsert                              0x0800d859   Thumb Code    52  list.o(i.vListInsert)
    vListInsertEnd                           0x0800d88d   Thumb Code    24  list.o(i.vListInsertEnd)
    vPortEnterCritical                       0x0800d8a5   Thumb Code    76  port.o(i.vPortEnterCritical)
    vPortExitCritical                        0x0800d8f9   Thumb Code    56  port.o(i.vPortExitCritical)
    vPortFree                                0x0800d935   Thumb Code   150  heap_4.o(i.vPortFree)
    vPortSetupTimerInterrupt                 0x0800d9d9   Thumb Code    36  port.o(i.vPortSetupTimerInterrupt)
    vTaskDelay                               0x0800da01   Thumb Code    82  tasks.o(i.vTaskDelay)
    vTaskStartScheduler                      0x0800da5d   Thumb Code   146  tasks.o(i.vTaskStartScheduler)
    vTaskSuspendAll                          0x0800db0d   Thumb Code    12  tasks.o(i.vTaskSuspendAll)
    vTaskSwitchContext                       0x0800db1d   Thumb Code   118  tasks.o(i.vTaskSwitchContext)
    xPortStartScheduler                      0x0800dba9   Thumb Code   330  port.o(i.xPortStartScheduler)
    xTaskCreate                              0x0800dd11   Thumb Code   100  tasks.o(i.xTaskCreate)
    xTaskCreateStatic                        0x0800dd75   Thumb Code   186  tasks.o(i.xTaskCreateStatic)
    xTaskIncrementTick                       0x0800de31   Thumb Code   282  tasks.o(i.xTaskIncrementTick)
    xTaskResumeAll                           0x0800df79   Thumb Code   224  tasks.o(i.xTaskResumeAll)
    UARTPrescTable                           0x0800e188   Data          24  stm32h7xx_hal_uart.o(.constdata)
    D1CorePrescTable                         0x0800e1b0   Data          16  system_stm32h7xx.o(.constdata)
    CRC8_INIT                                0x0800e214   Data           1  crc.o(.constdata)
    CRC8_TAB                                 0x0800e215   Data         256  crc.o(.constdata)
    wCRC_Table                               0x0800e316   Data         512  crc.o(.constdata)
    Region$$Table$$Base                      0x0800e584   Number         0  anon$$obj.o(Region$$Table)
    Region$$Table$$Limit                     0x0800e5a4   Number         0  anon$$obj.o(Region$$Table)
    defaultTaskHandle                        0x24000000   Data           4  freertos.o(.data)
    FireTaskHandle                           0x24000004   Data           4  freertos.o(.data)
    LedTaskHandle                            0x24000008   Data           4  freertos.o(.data)
    DetectTASKHandle                         0x2400000c   Data           4  freertos.o(.data)
    SAFETASKHandle                           0x24000010   Data           4  freertos.o(.data)
    RemoteTaskHandle                         0x24000014   Data           4  freertos.o(.data)
    uwTick                                   0x2400001c   Data           4  stm32h7xx_hal.o(.data)
    uwTickPrio                               0x24000020   Data           4  stm32h7xx_hal.o(.data)
    uwTickFreq                               0x24000024   Data           1  stm32h7xx_hal.o(.data)
    SystemCoreClock                          0x24000028   Data           4  system_stm32h7xx.o(.data)
    SystemD2Clock                            0x2400002c   Data           4  system_stm32h7xx.o(.data)
    pxCurrentTCB                             0x24000030   Data           4  tasks.o(.data)
    rng                                      0x240000a4   Data           4  task_detect.o(.data)
    ChassisTaskHandle                        0x240000bc   Data           4  chassis_app.o(.data)
    AboveGimbalTaskHandle                    0x240000c0   Data           4  chassis_app.o(.data)
    GIMBALTASKHandle                         0x240000c4   Data           4  gimbal_app.o(.data)
    CAN1_receive_callback                    0x240000cc   Data           4  can_1_receive.o(.data)
    CAN2_receive_callback                    0x240000d0   Data           4  can_1_receive.o(.data)
    Chassis_ch0                              0x240000d8   Data           4  chassis_behaviour.o(.data)
    Chassis_ch1                              0x240000dc   Data           4  chassis_behaviour.o(.data)
    Chassis_ch2                              0x240000e0   Data           4  chassis_behaviour.o(.data)
    chassis_remote_control_Table             0x240000e4   Data           9  chassis_behaviour.o(.data)
    Enemy_color                              0x240000f0   Data           1  chassis_behaviour.o(.data)
    speed_status_count3                      0x24000106   Data           2  chassis_behaviour.o(.data)
    chassis_flag                             0x24000108   Data           2  chassis_behaviour.o(.data)
    speed_time_back_flag                     0x2400010a   Data           2  chassis_behaviour.o(.data)
    speed_time_forward_flag                  0x2400010c   Data           2  chassis_behaviour.o(.data)
    last_remain_HP                           0x2400010e   Data           2  chassis_behaviour.o(.data)
    changed_HP                               0x24000110   Data           2  chassis_behaviour.o(.data)
    speed_status_count4                      0x24000112   Data           2  chassis_behaviour.o(.data)
    back                                     0x24000114   Data           1  chassis_behaviour.o(.data)
    forward                                  0x24000115   Data           1  chassis_behaviour.o(.data)
    gimbal_remote_control_Table              0x24000118   Data           9  gimbal_behaviour.o(.data)
    above_gimbal_remote_control_Table        0x24000121   Data           9  gimbal_behaviour.o(.data)
    Gimbal_ch2                               0x2400012c   Data           4  gimbal_behaviour.o(.data)
    Gimbal_ch3                               0x24000130   Data           4  gimbal_behaviour.o(.data)
    Auto_Yaw_Angle_Target                    0x24000144   Data           4  gimbal_behaviour.o(.data)
    Auto_Pitch_Angle_Target                  0x24000148   Data           4  gimbal_behaviour.o(.data)
    pfifo_remote                             0x2400014c   Data           4  remotecontrol.o(.data)
    abc                                      0x24000154   Data           4  fifo_buff.o(.data)
    CRC_INIT                                 0x24000158   Data           2  crc.o(.data)
    FrameHeader                              0x2400015c   Data           5  refereedeal.o(.data)
    pfifo_referee                            0x24000164   Data           4  refereedeal.o(.data)
    Judge_Data_TF                            0x24000168   Data           1  refereedeal.o(.data)
    hfdcan1                                  0x240003c0   Data         160  fdcan.o(.bss)
    hfdcan2                                  0x24000460   Data         160  fdcan.o(.bss)
    hrng                                     0x24000500   Data          20  rng.o(.bss)
    hspi2                                    0x24000514   Data         136  spi.o(.bss)
    htim1                                    0x2400059c   Data          76  tim.o(.bss)
    htim8                                    0x240005e8   Data          76  tim.o(.bss)
    Usart2_Rx2                               0x24000634   Data         256  usart.o(.bss)
    huart4                                   0x24000734   Data         144  usart.o(.bss)
    huart1                                   0x240007c4   Data         144  usart.o(.bss)
    huart2                                   0x24000854   Data         144  usart.o(.bss)
    huart3                                   0x240008e4   Data         144  usart.o(.bss)
    huart6                                   0x24000974   Data         144  usart.o(.bss)
    hdma_usart1_rx                           0x24000a04   Data         120  usart.o(.bss)
    hdma_usart1_tx                           0x24000a7c   Data         120  usart.o(.bss)
    hdma_usart2_rx                           0x24000af4   Data         120  usart.o(.bss)
    hdma_usart2_tx                           0x24000b6c   Data         120  usart.o(.bss)
    hdma_usart3_rx                           0x24000be4   Data         120  usart.o(.bss)
    hdma_usart3_tx                           0x24000c5c   Data         120  usart.o(.bss)
    hdma_usart6_rx                           0x24000cd4   Data         120  usart.o(.bss)
    hdma_usart6_tx                           0x24000d4c   Data         120  usart.o(.bss)
    htim2                                    0x24000dc4   Data          76  stm32h7xx_hal_timebase_tim.o(.bss)
    Fire_param                               0x24004b00   Data         224  task_fire.o(.bss)
    chassis_control                          0x24004be0   Data         656  task_chassis.o(.bss)
    gimbal_control                           0x24004e70   Data        3020  task_gimbal.o(.bss)
    Abovegimbal_control                      0x24005a3c   Data        3020  task_abovegimbal.o(.bss)
    fifo_usart3_rx                           0x24006650   Data          20  automatic_strike.o(.bss)
    fifo_usart3_tx                           0x24006664   Data          20  automatic_strike.o(.bss)
    Vision_Auto_Data                         0x240067b8   Data          48  automatic_strike.o(.bss)
    motor_chassis                            0x240067e8   Data         112  can_1_receive.o(.bss)
    fifo_usart1_rx                           0x24006900   Data          20  remotecontrol.o(.bss)
    fifo_usart1_tx                           0x24006914   Data          20  remotecontrol.o(.bss)
    rc_ctrl                                  0x24006928   Data          22  remotecontrol.o(.bss)
    Usart1_Rx                                0x24006986   Data          32  remotecontrol.o(.bss)
    Usart1_Rx_Buffer                         0x240069a6   Data         256  remotecontrol.o(.bss)
    fifo_usart2_rx                           0x240070a8   Data          20  bsp_usart2.o(.bss)
    fifo_usart2_tx                           0x240070bc   Data          20  bsp_usart2.o(.bss)
    Referee                                  0x240070d0   Data         151  refereedeal.o(.bss)
    fifo_usart6_rx                           0x24007768   Data          20  refereedeal.o(.bss)
    fifo_usart6_tx                           0x2400777c   Data          20  refereedeal.o(.bss)
    __initial_sp                             0x24007b90   Data           0  startup_stm32h750xx.o(STACK)



==============================================================================

Memory Map of the image

  Image Entry point : 0x08000299

  Load Region LR_IROM1 (Base: 0x08000000, Size: 0x0000e710, Max: 0x00020000, ABSOLUTE, COMPRESSED[0x0000e5fc])

    Execution Region ER_IROM1 (Exec base: 0x08000000, Load base: 0x08000000, Size: 0x0000e5a4, Max: 0x00020000, ABSOLUTE)

    Exec Addr    Load Addr    Size         Type   Attr      Idx    E Section Name        Object

    0x08000000   0x08000000   0x00000298   Data   RO            3    RESET               startup_stm32h750xx.o
    0x08000298   0x08000298   0x00000000   Code   RO         9569  * .ARM.Collect$$$$00000000  mc_w.l(entry.o)
    0x08000298   0x08000298   0x00000004   Code   RO         9871    .ARM.Collect$$$$00000001  mc_w.l(entry2.o)
    0x0800029c   0x0800029c   0x00000004   Code   RO         9874    .ARM.Collect$$$$00000004  mc_w.l(entry5.o)
    0x080002a0   0x080002a0   0x00000000   Code   RO         9876    .ARM.Collect$$$$00000008  mc_w.l(entry7b.o)
    0x080002a0   0x080002a0   0x00000000   Code   RO         9878    .ARM.Collect$$$$0000000A  mc_w.l(entry8b.o)
    0x080002a0   0x080002a0   0x00000008   Code   RO         9879    .ARM.Collect$$$$0000000B  mc_w.l(entry9a.o)
    0x080002a8   0x080002a8   0x00000004   Code   RO         9886    .ARM.Collect$$$$0000000E  mc_w.l(entry12b.o)
    0x080002ac   0x080002ac   0x00000000   Code   RO         9881    .ARM.Collect$$$$0000000F  mc_w.l(entry10a.o)
    0x080002ac   0x080002ac   0x00000000   Code   RO         9883    .ARM.Collect$$$$00000011  mc_w.l(entry11a.o)
    0x080002ac   0x080002ac   0x00000004   Code   RO         9872    .ARM.Collect$$$$00002712  mc_w.l(entry2.o)
    0x080002b0   0x080002b0   0x000000be   Code   RO         7608    .emb_text           port.o
    0x0800036e   0x0800036e   0x00000002   PAD
    0x08000370   0x08000370   0x00000024   Code   RO            4    .text               startup_stm32h750xx.o
    0x08000394   0x08000394   0x00000062   Code   RO         9572    .text               mc_w.l(uldiv.o)
    0x080003f6   0x080003f6   0x00000024   Code   RO         9574    .text               mc_w.l(memcpya.o)
    0x0800041a   0x0800041a   0x00000024   Code   RO         9578    .text               mc_w.l(memseta.o)
    0x0800043e   0x0800043e   0x0000001e   Code   RO         9889    .text               mc_w.l(llshl.o)
    0x0800045c   0x0800045c   0x00000020   Code   RO         9891    .text               mc_w.l(llushr.o)
    0x0800047c   0x0800047c   0x00000024   Code   RO         9906    .text               mc_w.l(init.o)
    0x080004a0   0x080004a0   0x00000056   Code   RO         9920    .text               mc_w.l(__dczerorl2.o)
    0x080004f6   0x080004f6   0x00000002   PAD
    0x080004f8   0x080004f8   0x00000044   Code   RO         8017    i.AboveGimbal_TASK  task_abovegimbal.o
    0x0800053c   0x0800053c   0x000001a0   Code   RO         8018    i.AboveGimbal_init  task_abovegimbal.o
    0x080006dc   0x080006dc   0x0000001e   Code   RO         8019    i.Above_gimbal_controlwork  task_abovegimbal.o
    0x080006fa   0x080006fa   0x00000024   Code   RO         8871    i.Angle_Limiting_Int16  rmmotor.o
    0x0800071e   0x0800071e   0x00000004   Code   RO          770    i.BusFault_Handler  stm32h7xx_it.o
    0x08000722   0x08000722   0x00000002   PAD
    0x08000724   0x08000724   0x00000070   Code   RO         8067    i.CAN1_AboveGimbal_Motor_Setmsg  chassis_app.o
    0x08000794   0x08000794   0x00000070   Code   RO         8137    i.CAN1_Gimbal_Fire  gimbal_app.o
    0x08000804   0x08000804   0x00000074   Code   RO         8271    i.CAN1_filter_config  can_1_receive.o
    0x08000878   0x08000878   0x0000006c   Code   RO         8069    i.CAN2_Chassis_RC_SetMsg  chassis_app.o
    0x080008e4   0x080008e4   0x0000005c   Code   RO         8138    i.CAN2_Enemy_status  gimbal_app.o
    0x08000940   0x08000940   0x00000074   Code   RO         8369    i.CAN2_filter_config  can_2_receive.o
    0x080009b4   0x080009b4   0x0000005c   Code   RO         8140    i.CAN2_yaw_Setmsg   gimbal_app.o
    0x08000a10   0x08000a10   0x000000c8   Code   RO         8425    i.Chassis_Auto      chassis_behaviour.o
    0x08000ad8   0x08000ad8   0x000001e8   Code   RO         8426    i.Chassis_Blocking  chassis_behaviour.o
    0x08000cc0   0x08000cc0   0x00000070   Code   RO         8072    i.Chassis_CAN_Send_Msg  chassis_app.o
    0x08000d30   0x08000d30   0x00000038   Code   RO         8427    i.Chassis_RemoteControl  chassis_behaviour.o
    0x08000d68   0x08000d68   0x00000038   Code   RO         8428    i.Chassis_Stop      chassis_behaviour.o
    0x08000da0   0x08000da0   0x00000048   Code   RO         7857    i.Chassis_Task      task_chassis.o
    0x08000de8   0x08000de8   0x00000068   Code   RO         7858    i.Chassis_Task_OFF  task_chassis.o
    0x08000e50   0x08000e50   0x00000200   Code   RO         7859    i.Chassis_accelerated_Control  task_chassis.o
    0x08001050   0x08001050   0x00000038   Code   RO         7860    i.Chassis_to_Gimbal  task_chassis.o
    0x08001088   0x08001088   0x0000002c   Code   RO         8873    i.Check_CodeValue   rmmotor.o
    0x080010b4   0x080010b4   0x00000064   Code   RO         8962    i.DIP_Switch        sysinit.o
    0x08001118   0x08001118   0x00000010   Code   RO          771    i.DMA1_Stream0_IRQHandler  stm32h7xx_it.o
    0x08001128   0x08001128   0x00000010   Code   RO          772    i.DMA1_Stream1_IRQHandler  stm32h7xx_it.o
    0x08001138   0x08001138   0x00000010   Code   RO          773    i.DMA1_Stream2_IRQHandler  stm32h7xx_it.o
    0x08001148   0x08001148   0x00000010   Code   RO          774    i.DMA1_Stream3_IRQHandler  stm32h7xx_it.o
    0x08001158   0x08001158   0x00000010   Code   RO          775    i.DMA1_Stream4_IRQHandler  stm32h7xx_it.o
    0x08001168   0x08001168   0x00000010   Code   RO          776    i.DMA2_Stream1_IRQHandler  stm32h7xx_it.o
    0x08001178   0x08001178   0x00000010   Code   RO          777    i.DMA2_Stream2_IRQHandler  stm32h7xx_it.o
    0x08001188   0x08001188   0x00000010   Code   RO          778    i.DMA2_Stream6_IRQHandler  stm32h7xx_it.o
    0x08001198   0x08001198   0x000000ec   Code   RO         1841    i.DMA_CalcBaseAndBitshift  stm32h7xx_hal_dma.o
    0x08001284   0x08001284   0x000000c4   Code   RO         1842    i.DMA_CalcDMAMUXChannelBaseAndMask  stm32h7xx_hal_dma.o
    0x08001348   0x08001348   0x00000098   Code   RO         1843    i.DMA_CalcDMAMUXRequestGenBaseAndMask  stm32h7xx_hal_dma.o
    0x080013e0   0x080013e0   0x000000ae   Code   RO         1844    i.DMA_CheckFifoParam  stm32h7xx_hal_dma.o
    0x0800148e   0x0800148e   0x00000002   PAD
    0x08001490   0x08001490   0x00000274   Code   RO         1845    i.DMA_SetConfig     stm32h7xx_hal_dma.o
    0x08001704   0x08001704   0x00000002   Code   RO          779    i.DebugMon_Handler  stm32h7xx_it.o
    0x08001706   0x08001706   0x00000002   PAD
    0x08001708   0x08001708   0x00000020   Code   RO         7752    i.Detect_TASK       task_detect.o
    0x08001728   0x08001728   0x00000006   Code   RO           52    i.Error_Handler     main.o
    0x0800172e   0x0800172e   0x00000002   PAD
    0x08001730   0x08001730   0x00000010   Code   RO          780    i.FDCAN1_IT0_IRQHandler  stm32h7xx_it.o
    0x08001740   0x08001740   0x00000010   Code   RO          781    i.FDCAN2_IT0_IRQHandler  stm32h7xx_it.o
    0x08001750   0x08001750   0x00000220   Code   RO         3448    i.FDCAN_CalcultateRamBlockAddresses  stm32h7xx_hal_fdcan.o
    0x08001970   0x08001970   0x000000d4   Code   RO         3449    i.FDCAN_CopyMessageToRAM  stm32h7xx_hal_fdcan.o
    0x08001a44   0x08001a44   0x000001bc   Code   RO         7688    i.Fire_Control      task_fire.o
    0x08001c00   0x08001c00   0x00000048   Code   RO         7689    i.Fire_Task         task_fire.o
    0x08001c48   0x08001c48   0x00000080   Code   RO         7690    i.Fire_param_init   task_fire.o
    0x08001cc8   0x08001cc8   0x00000060   Code   RO         7942    i.GIMBAL_TASK       task_gimbal.o
    0x08001d28   0x08001d28   0x00000008   Code   RO         8196    i.Get_Auto_Control_Point  automatic_strike.o
    0x08001d30   0x08001d30   0x00000034   Code   RO         9161    i.Get_CRC16_Check_Sum  crc.o
    0x08001d64   0x08001d64   0x00000024   Code   RO         9162    i.Get_CRC8_Check_Sum  crc.o
    0x08001d88   0x08001d88   0x00000008   Code   RO         8272    i.Get_Fire_MotorA_Measure_Point  can_1_receive.o
    0x08001d90   0x08001d90   0x00000008   Code   RO         8273    i.Get_Fire_MotorB_Measure_Point  can_1_receive.o
    0x08001d98   0x08001d98   0x00000020   Code   RO         8429    i.Get_Laser_Back    chassis_behaviour.o
    0x08001db8   0x08001db8   0x00000020   Code   RO         8430    i.Get_Laser_Forward  chassis_behaviour.o
    0x08001dd8   0x08001dd8   0x00000008   Code   RO         8274    i.Get_Pitch_AboveGimbal_Motor_Measure_Point  can_1_receive.o
    0x08001de0   0x08001de0   0x00000008   Code   RO         8275    i.Get_Pitch_Gimbal_Motor_Measure_Point  can_1_receive.o
    0x08001de8   0x08001de8   0x00000008   Code   RO         8276    i.Get_Yaw_AboveGimbal_Motor_Measure_Point  can_1_receive.o
    0x08001df0   0x08001df0   0x00000008   Code   RO         8370    i.Get_Yaw_Gimbal_Motor_Measure_Point  can_2_receive.o
    0x08001df8   0x08001df8   0x0000000c   Code   RO         8963    i.Get_appinit_status  sysinit.o
    0x08001e04   0x08001e04   0x00000098   Code   RO         8486    i.Gimbal_Auto       gimbal_behaviour.o
    0x08001e9c   0x08001e9c   0x0000007c   Code   RO         8487    i.Gimbal_AutoControl  gimbal_behaviour.o
    0x08001f18   0x08001f18   0x00000084   Code   RO         7943    i.Gimbal_Automatic_Work  task_gimbal.o
    0x08001f9c   0x08001f9c   0x000000e8   Code   RO         7944    i.Gimbal_Manual_Work  task_gimbal.o
    0x08002084   0x08002084   0x000000e8   Code   RO         8488    i.Gimbal_Patrol     gimbal_behaviour.o
    0x0800216c   0x0800216c   0x000000f8   Code   RO         8489    i.Gimbal_RemoteControl  gimbal_behaviour.o
    0x08002264   0x08002264   0x00000038   Code   RO         8490    i.Gimbal_Stop       gimbal_behaviour.o
    0x0800229c   0x0800229c   0x000000d4   Code   RO         8491    i.Gimbal_behaviour_mode_set  gimbal_behaviour.o
    0x08002370   0x08002370   0x000001a4   Code   RO         7945    i.Gimbal_init       task_gimbal.o
    0x08002514   0x08002514   0x0000000c   Code   RO         7946    i.Gimbal_remote_mode_choose  task_gimbal.o
    0x08002520   0x08002520   0x000004dc   Code   RO         1846    i.HAL_DMA_Abort     stm32h7xx_hal_dma.o
    0x080029fc   0x080029fc   0x00000398   Code   RO         1847    i.HAL_DMA_Abort_IT  stm32h7xx_hal_dma.o
    0x08002d94   0x08002d94   0x00000af8   Code   RO         1851    i.HAL_DMA_IRQHandler  stm32h7xx_hal_dma.o
    0x0800388c   0x0800388c   0x00000520   Code   RO         1852    i.HAL_DMA_Init      stm32h7xx_hal_dma.o
    0x08003dac   0x08003dac   0x000003e0   Code   RO         1856    i.HAL_DMA_Start_IT  stm32h7xx_hal_dma.o
    0x0800418c   0x0800418c   0x000000a8   Code   RO         3451    i.HAL_FDCAN_ActivateNotification  stm32h7xx_hal_fdcan.o
    0x08004234   0x08004234   0x00000090   Code   RO         3453    i.HAL_FDCAN_AddMessageToTxFifoQ  stm32h7xx_hal_fdcan.o
    0x080042c4   0x080042c4   0x00000002   Code   RO         3454    i.HAL_FDCAN_ClockCalibrationCallback  stm32h7xx_hal_fdcan.o
    0x080042c6   0x080042c6   0x000000a8   Code   RO         3458    i.HAL_FDCAN_ConfigFilter  stm32h7xx_hal_fdcan.o
    0x0800436e   0x0800436e   0x00000034   Code   RO         3459    i.HAL_FDCAN_ConfigGlobalFilter  stm32h7xx_hal_fdcan.o
    0x080043a2   0x080043a2   0x0000004a   Code   RO         3462    i.HAL_FDCAN_ConfigRxFifoOverwrite  stm32h7xx_hal_fdcan.o
    0x080043ec   0x080043ec   0x00000002   Code   RO         3480    i.HAL_FDCAN_ErrorCallback  stm32h7xx_hal_fdcan.o
    0x080043ee   0x080043ee   0x00000002   Code   RO         3481    i.HAL_FDCAN_ErrorStatusCallback  stm32h7xx_hal_fdcan.o
    0x080043f0   0x080043f0   0x000001f4   Code   RO         3492    i.HAL_FDCAN_GetRxMessage  stm32h7xx_hal_fdcan.o
    0x080045e4   0x080045e4   0x00000002   Code   RO         3498    i.HAL_FDCAN_HighPriorityMessageCallback  stm32h7xx_hal_fdcan.o
    0x080045e6   0x080045e6   0x00000002   PAD
    0x080045e8   0x080045e8   0x000003ec   Code   RO         3499    i.HAL_FDCAN_IRQHandler  stm32h7xx_hal_fdcan.o
    0x080049d4   0x080049d4   0x000002e0   Code   RO         3500    i.HAL_FDCAN_Init    stm32h7xx_hal_fdcan.o
    0x08004cb4   0x08004cb4   0x00000164   Code   RO          479    i.HAL_FDCAN_MspInit  fdcan.o
    0x08004e18   0x08004e18   0x00000002   Code   RO         3509    i.HAL_FDCAN_RxBufferNewMessageCallback  stm32h7xx_hal_fdcan.o
    0x08004e1a   0x08004e1a   0x00000002   PAD
    0x08004e1c   0x08004e1c   0x00000040   Code   RO         8277    i.HAL_FDCAN_RxFifo0Callback  can_1_receive.o
    0x08004e5c   0x08004e5c   0x00000002   Code   RO         3511    i.HAL_FDCAN_RxFifo1Callback  stm32h7xx_hal_fdcan.o
    0x08004e5e   0x08004e5e   0x00000034   Code   RO         3512    i.HAL_FDCAN_Start   stm32h7xx_hal_fdcan.o
    0x08004e92   0x08004e92   0x00000002   Code   RO         3534    i.HAL_FDCAN_TT_GlobalTimeCallback  stm32h7xx_hal_fdcan.o
    0x08004e94   0x08004e94   0x00000002   Code   RO         3535    i.HAL_FDCAN_TT_ScheduleSyncCallback  stm32h7xx_hal_fdcan.o
    0x08004e96   0x08004e96   0x00000002   Code   RO         3540    i.HAL_FDCAN_TT_StopWatchCallback  stm32h7xx_hal_fdcan.o
    0x08004e98   0x08004e98   0x00000002   Code   RO         3541    i.HAL_FDCAN_TT_TimeMarkCallback  stm32h7xx_hal_fdcan.o
    0x08004e9a   0x08004e9a   0x00000002   Code   RO         3542    i.HAL_FDCAN_TimeoutOccurredCallback  stm32h7xx_hal_fdcan.o
    0x08004e9c   0x08004e9c   0x00000002   Code   RO         3543    i.HAL_FDCAN_TimestampWraparoundCallback  stm32h7xx_hal_fdcan.o
    0x08004e9e   0x08004e9e   0x00000002   Code   RO         3544    i.HAL_FDCAN_TxBufferAbortCallback  stm32h7xx_hal_fdcan.o
    0x08004ea0   0x08004ea0   0x00000002   Code   RO         3545    i.HAL_FDCAN_TxBufferCompleteCallback  stm32h7xx_hal_fdcan.o
    0x08004ea2   0x08004ea2   0x00000002   Code   RO         3546    i.HAL_FDCAN_TxEventFifoCallback  stm32h7xx_hal_fdcan.o
    0x08004ea4   0x08004ea4   0x00000002   Code   RO         3547    i.HAL_FDCAN_TxFifoEmptyCallback  stm32h7xx_hal_fdcan.o
    0x08004ea6   0x08004ea6   0x00000002   PAD
    0x08004ea8   0x08004ea8   0x00000208   Code   RO         1694    i.HAL_GPIO_Init     stm32h7xx_hal_gpio.o
    0x080050b0   0x080050b0   0x00000010   Code   RO         1696    i.HAL_GPIO_ReadPin  stm32h7xx_hal_gpio.o
    0x080050c0   0x080050c0   0x0000000c   Code   RO         1698    i.HAL_GPIO_WritePin  stm32h7xx_hal_gpio.o
    0x080050cc   0x080050cc   0x0000000c   Code   RO         2566    i.HAL_GetREVID      stm32h7xx_hal.o
    0x080050d8   0x080050d8   0x0000000c   Code   RO         2567    i.HAL_GetTick       stm32h7xx_hal.o
    0x080050e4   0x080050e4   0x00000018   Code   RO         2573    i.HAL_IncTick       stm32h7xx_hal.o
    0x080050fc   0x080050fc   0x00000060   Code   RO         2574    i.HAL_Init          stm32h7xx_hal.o
    0x0800515c   0x0800515c   0x000000a0   Code   RO          956    i.HAL_InitTick      stm32h7xx_hal_timebase_tim.o
    0x080051fc   0x080051fc   0x00000030   Code   RO          928    i.HAL_MspInit       stm32h7xx_hal_msp.o
    0x0800522c   0x0800522c   0x00000028   Code   RO         1001    i.HAL_NVIC_EnableIRQ  stm32h7xx_hal_cortex.o
    0x08005254   0x08005254   0x0000007a   Code   RO         1007    i.HAL_NVIC_SetPriority  stm32h7xx_hal_cortex.o
    0x080052ce   0x080052ce   0x00000002   PAD
    0x080052d0   0x080052d0   0x00000028   Code   RO         1008    i.HAL_NVIC_SetPriorityGrouping  stm32h7xx_hal_cortex.o
    0x080052f8   0x080052f8   0x00000060   Code   RO         2295    i.HAL_PWREx_ConfigSupply  stm32h7xx_hal_pwr_ex.o
    0x08005358   0x08005358   0x00000024   Code   RO         1257    i.HAL_RCCEx_GetD3PCLK1Freq  stm32h7xx_hal_rcc_ex.o
    0x0800537c   0x0800537c   0x00000230   Code   RO         1259    i.HAL_RCCEx_GetPLL2ClockFreq  stm32h7xx_hal_rcc_ex.o
    0x080055ac   0x080055ac   0x00000230   Code   RO         1260    i.HAL_RCCEx_GetPLL3ClockFreq  stm32h7xx_hal_rcc_ex.o
    0x080057dc   0x080057dc   0x00000b64   Code   RO         1266    i.HAL_RCCEx_PeriphCLKConfig  stm32h7xx_hal_rcc_ex.o
    0x08006340   0x08006340   0x00000320   Code   RO         1142    i.HAL_RCC_ClockConfig  stm32h7xx_hal_rcc.o
    0x08006660   0x08006660   0x0000006c   Code   RO         1146    i.HAL_RCC_GetClockConfig  stm32h7xx_hal_rcc.o
    0x080066cc   0x080066cc   0x0000004c   Code   RO         1147    i.HAL_RCC_GetHCLKFreq  stm32h7xx_hal_rcc.o
    0x08006718   0x08006718   0x00000024   Code   RO         1149    i.HAL_RCC_GetPCLK1Freq  stm32h7xx_hal_rcc.o
    0x0800673c   0x0800673c   0x00000024   Code   RO         1150    i.HAL_RCC_GetPCLK2Freq  stm32h7xx_hal_rcc.o
    0x08006760   0x08006760   0x0000022c   Code   RO         1151    i.HAL_RCC_GetSysClockFreq  stm32h7xx_hal_rcc.o
    0x0800698c   0x0800698c   0x000007e4   Code   RO         1154    i.HAL_RCC_OscConfig  stm32h7xx_hal_rcc.o
    0x08007170   0x08007170   0x0000007c   Code   RO         4068    i.HAL_RNG_GenerateRandomNumber  stm32h7xx_hal_rng.o
    0x080071ec   0x080071ec   0x00000080   Code   RO         4073    i.HAL_RNG_Init      stm32h7xx_hal_rng.o
    0x0800726c   0x0800726c   0x00000054   Code   RO          532    i.HAL_RNG_MspInit   rng.o
    0x080072c0   0x080072c0   0x0000017c   Code   RO         4185    i.HAL_SPI_Init      stm32h7xx_hal_spi.o
    0x0800743c   0x0800743c   0x000000f0   Code   RO          578    i.HAL_SPI_MspInit   spi.o
    0x0800752c   0x0800752c   0x00000002   Code   RO         5229    i.HAL_TIMEx_Break2Callback  stm32h7xx_hal_tim_ex.o
    0x0800752e   0x0800752e   0x00000002   Code   RO         5230    i.HAL_TIMEx_BreakCallback  stm32h7xx_hal_tim_ex.o
    0x08007530   0x08007530   0x00000002   Code   RO         5231    i.HAL_TIMEx_CommutCallback  stm32h7xx_hal_tim_ex.o
    0x08007532   0x08007532   0x00000002   PAD
    0x08007534   0x08007534   0x000000b4   Code   RO         5233    i.HAL_TIMEx_ConfigBreakDeadTime  stm32h7xx_hal_tim_ex.o
    0x080075e8   0x080075e8   0x000000c0   Code   RO         5251    i.HAL_TIMEx_MasterConfigSynchronization  stm32h7xx_hal_tim_ex.o
    0x080076a8   0x080076a8   0x0000006e   Code   RO         4504    i.HAL_TIM_Base_Init  stm32h7xx_hal_tim.o
    0x08007716   0x08007716   0x00000002   Code   RO         4506    i.HAL_TIM_Base_MspInit  stm32h7xx_hal_tim.o
    0x08007718   0x08007718   0x000000a8   Code   RO         4509    i.HAL_TIM_Base_Start_IT  stm32h7xx_hal_tim.o
    0x080077c0   0x080077c0   0x00000002   Code   RO         4538    i.HAL_TIM_IC_CaptureCallback  stm32h7xx_hal_tim.o
    0x080077c2   0x080077c2   0x000001b8   Code   RO         4552    i.HAL_TIM_IRQHandler  stm32h7xx_hal_tim.o
    0x0800797a   0x0800797a   0x00000002   PAD
    0x0800797c   0x0800797c   0x000000c8   Code   RO          623    i.HAL_TIM_MspPostInit  tim.o
    0x08007a44   0x08007a44   0x00000002   Code   RO         4555    i.HAL_TIM_OC_DelayElapsedCallback  stm32h7xx_hal_tim.o
    0x08007a46   0x08007a46   0x00000168   Code   RO         4576    i.HAL_TIM_PWM_ConfigChannel  stm32h7xx_hal_tim.o
    0x08007bae   0x08007bae   0x0000006e   Code   RO         4579    i.HAL_TIM_PWM_Init  stm32h7xx_hal_tim.o
    0x08007c1c   0x08007c1c   0x00000058   Code   RO          625    i.HAL_TIM_PWM_MspInit  tim.o
    0x08007c74   0x08007c74   0x00000002   Code   RO         4582    i.HAL_TIM_PWM_PulseFinishedCallback  stm32h7xx_hal_tim.o
    0x08007c76   0x08007c76   0x00000002   PAD
    0x08007c78   0x08007c78   0x0000015c   Code   RO         4584    i.HAL_TIM_PWM_Start  stm32h7xx_hal_tim.o
    0x08007dd4   0x08007dd4   0x00000012   Code   RO           53    i.HAL_TIM_PeriodElapsedCallback  main.o
    0x08007de6   0x08007de6   0x00000002   Code   RO         4595    i.HAL_TIM_TriggerCallback  stm32h7xx_hal_tim.o
    0x08007de8   0x08007de8   0x0000004e   Code   RO         5945    i.HAL_UARTEx_DisableFifoMode  stm32h7xx_hal_uart_ex.o
    0x08007e36   0x08007e36   0x00000002   Code   RO         5529    i.HAL_UARTEx_RxEventCallback  stm32h7xx_hal_uart.o
    0x08007e38   0x08007e38   0x00000002   Code   RO         5952    i.HAL_UARTEx_RxFifoFullCallback  stm32h7xx_hal_uart_ex.o
    0x08007e3a   0x08007e3a   0x0000005e   Code   RO         5953    i.HAL_UARTEx_SetRxFifoThreshold  stm32h7xx_hal_uart_ex.o
    0x08007e98   0x08007e98   0x0000005e   Code   RO         5954    i.HAL_UARTEx_SetTxFifoThreshold  stm32h7xx_hal_uart_ex.o
    0x08007ef6   0x08007ef6   0x00000002   Code   RO         5956    i.HAL_UARTEx_TxFifoEmptyCallback  stm32h7xx_hal_uart_ex.o
    0x08007ef8   0x08007ef8   0x00000002   Code   RO         5957    i.HAL_UARTEx_WakeupCallback  stm32h7xx_hal_uart_ex.o
    0x08007efa   0x08007efa   0x00000002   Code   RO         5545    i.HAL_UART_ErrorCallback  stm32h7xx_hal_uart.o
    0x08007efc   0x08007efc   0x000003d4   Code   RO         5548    i.HAL_UART_IRQHandler  stm32h7xx_hal_uart.o
    0x080082d0   0x080082d0   0x00000078   Code   RO         5549    i.HAL_UART_Init     stm32h7xx_hal_uart.o
    0x08008348   0x08008348   0x00000530   Code   RO          682    i.HAL_UART_MspInit  usart.o
    0x08008878   0x08008878   0x00000064   Code   RO         5553    i.HAL_UART_Receive_DMA  stm32h7xx_hal_uart.o
    0x080088dc   0x080088dc   0x00000064   Code   RO         5554    i.HAL_UART_Receive_IT  stm32h7xx_hal_uart.o
    0x08008940   0x08008940   0x00000002   Code   RO         5556    i.HAL_UART_RxCpltCallback  stm32h7xx_hal_uart.o
    0x08008942   0x08008942   0x00000002   Code   RO         5557    i.HAL_UART_RxHalfCpltCallback  stm32h7xx_hal_uart.o
    0x08008944   0x08008944   0x000000b8   Code   RO         5559    i.HAL_UART_Transmit_DMA  stm32h7xx_hal_uart.o
    0x080089fc   0x080089fc   0x00000002   Code   RO         5561    i.HAL_UART_TxCpltCallback  stm32h7xx_hal_uart.o
    0x080089fe   0x080089fe   0x00000002   Code   RO         5562    i.HAL_UART_TxHalfCpltCallback  stm32h7xx_hal_uart.o
    0x08008a00   0x08008a00   0x00000004   Code   RO          782    i.HardFault_Handler  stm32h7xx_it.o
    0x08008a04   0x08008a04   0x0000003c   Code   RO         7795    i.Led_Task          task_led.o
    0x08008a40   0x08008a40   0x000000e0   Code   RO         8813    i.Location_Pid_Int32  pid.o
    0x08008b20   0x08008b20   0x000000c0   Code   RO          450    i.MX_DMA_Init       dma.o
    0x08008be0   0x08008be0   0x00000084   Code   RO          480    i.MX_FDCAN1_Init    fdcan.o
    0x08008c64   0x08008c64   0x00000084   Code   RO          481    i.MX_FDCAN2_Init    fdcan.o
    0x08008ce8   0x08008ce8   0x000000b4   Code   RO          393    i.MX_FREERTOS_Init  freertos.o
    0x08008d9c   0x08008d9c   0x0000013c   Code   RO          365    i.MX_GPIO_Init      gpio.o
    0x08008ed8   0x08008ed8   0x00000024   Code   RO          533    i.MX_RNG_Init       rng.o
    0x08008efc   0x08008efc   0x00000060   Code   RO          579    i.MX_SPI2_Init      spi.o
    0x08008f5c   0x08008f5c   0x000000d0   Code   RO          626    i.MX_TIM1_Init      tim.o
    0x0800902c   0x0800902c   0x000000d0   Code   RO          627    i.MX_TIM8_Init      tim.o
    0x080090fc   0x080090fc   0x0000006c   Code   RO          683    i.MX_UART4_Init     usart.o
    0x08009168   0x08009168   0x00000074   Code   RO          684    i.MX_USART1_UART_Init  usart.o
    0x080091dc   0x080091dc   0x0000006c   Code   RO          685    i.MX_USART2_UART_Init  usart.o
    0x08009248   0x08009248   0x0000006c   Code   RO          686    i.MX_USART3_UART_Init  usart.o
    0x080092b4   0x080092b4   0x0000006c   Code   RO          687    i.MX_USART6_UART_Init  usart.o
    0x08009320   0x08009320   0x00000004   Code   RO          783    i.MemManage_Handler  stm32h7xx_it.o
    0x08009324   0x08009324   0x000000a8   Code   RO         8197    i.MiniPC_Data_Deal  automatic_strike.o
    0x080093cc   0x080093cc   0x0000002a   Code   RO         8198    i.MiniPC_Send_Data  automatic_strike.o
    0x080093f6   0x080093f6   0x0000003e   Code   RO         8877    i.Motor_Actual_Position  rmmotor.o
    0x08009434   0x08009434   0x00000064   Code   RO         8878    i.Motor_Position_Speed_Control  rmmotor.o
    0x08009498   0x08009498   0x00000004   Code   RO          784    i.NMI_Handler       stm32h7xx_it.o
    0x0800949c   0x0800949c   0x00000164   Code   RO         1269    i.RCCEx_PLL2_Config  stm32h7xx_hal_rcc_ex.o
    0x08009600   0x08009600   0x00000164   Code   RO         1270    i.RCCEx_PLL3_Config  stm32h7xx_hal_rcc_ex.o
    0x08009764   0x08009764   0x00000144   Code   RO         8556    i.RC_Init           remotecontrol.o
    0x080098a8   0x080098a8   0x00000010   Code   RO         8557    i.RC_abs            remotecontrol.o
    0x080098b8   0x080098b8   0x00000088   Code   RO         8558    i.RC_data_is_error  remotecontrol.o
    0x08009940   0x08009940   0x00000024   Code   RO         8964    i.RNG_Get_RandomRange  sysinit.o
    0x08009964   0x08009964   0x0000004c   Code   RO         8561    i.Remote_Task       remotecontrol.o
    0x080099b0   0x080099b0   0x00000028   Code   RO         8562    i.Remote_reload     remotecontrol.o
    0x080099d8   0x080099d8   0x00000030   Code   RO         8492    i.Return_Fire_Mode  gimbal_behaviour.o
    0x08009a08   0x08009a08   0x00000028   Code   RO         8493    i.Return_Friction_Wheel_Mode  gimbal_behaviour.o
    0x08009a30   0x08009a30   0x0000000c   Code   RO         7947    i.Return_gimbal_mode  task_gimbal.o
    0x08009a3c   0x08009a3c   0x00000048   Code   RO         8879    i.Rmmotor_Speed_control  rmmotor.o
    0x08009a84   0x08009a84   0x00000010   Code   RO         7826    i.SAFE_TASK         task_safe.o
    0x08009a94   0x08009a94   0x0000001a   Code   RO         4215    i.SPI_GetPacketSize  stm32h7xx_hal_spi.o
    0x08009aae   0x08009aae   0x00000002   PAD
    0x08009ab0   0x08009ab0   0x00000090   Code   RO         8674    i.Sliding_Mean_Filter  maths.o
    0x08009b40   0x08009b40   0x0000004c   Code   RO         8675    i.Sliding_Mean_Filter_Init  maths.o
    0x08009b8c   0x08009b8c   0x0000000a   Code   RO          394    i.StartDefaultTask  freertos.o
    0x08009b96   0x08009b96   0x00000002   PAD
    0x08009b98   0x08009b98   0x00000034   Code   RO         7609    i.SysTick_Handler   port.o
    0x08009bcc   0x08009bcc   0x000000ec   Code   RO           54    i.SystemClock_Config  main.o
    0x08009cb8   0x08009cb8   0x00000104   Code   RO         6063    i.SystemInit        system_stm32h7xx.o
    0x08009dbc   0x08009dbc   0x0000001c   Code   RO         8965    i.System_init       sysinit.o
    0x08009dd8   0x08009dd8   0x00000010   Code   RO          785    i.TIM2_IRQHandler   stm32h7xx_it.o
    0x08009de8   0x08009de8   0x000000cc   Code   RO         4597    i.TIM_Base_SetConfig  stm32h7xx_hal_tim.o
    0x08009eb4   0x08009eb4   0x00000022   Code   RO         4598    i.TIM_CCxChannelCmd  stm32h7xx_hal_tim.o
    0x08009ed6   0x08009ed6   0x00000002   PAD
    0x08009ed8   0x08009ed8   0x000000ac   Code   RO         4610    i.TIM_OC1_SetConfig  stm32h7xx_hal_tim.o
    0x08009f84   0x08009f84   0x000000b4   Code   RO         4611    i.TIM_OC2_SetConfig  stm32h7xx_hal_tim.o
    0x0800a038   0x0800a038   0x000000b0   Code   RO         4612    i.TIM_OC3_SetConfig  stm32h7xx_hal_tim.o
    0x0800a0e8   0x0800a0e8   0x00000070   Code   RO         4613    i.TIM_OC4_SetConfig  stm32h7xx_hal_tim.o
    0x0800a158   0x0800a158   0x0000006c   Code   RO         4614    i.TIM_OC5_SetConfig  stm32h7xx_hal_tim.o
    0x0800a1c4   0x0800a1c4   0x0000006c   Code   RO         4615    i.TIM_OC6_SetConfig  stm32h7xx_hal_tim.o
    0x0800a230   0x0800a230   0x00000058   Code   RO         5958    i.UARTEx_SetNbDataToProcess  stm32h7xx_hal_uart_ex.o
    0x0800a288   0x0800a288   0x000000f8   Code   RO         5563    i.UART_AdvFeatureConfig  stm32h7xx_hal_uart.o
    0x0800a380   0x0800a380   0x00000076   Code   RO         5564    i.UART_CheckIdleState  stm32h7xx_hal_uart.o
    0x0800a3f6   0x0800a3f6   0x00000018   Code   RO         5565    i.UART_DMAAbortOnError  stm32h7xx_hal_uart.o
    0x0800a40e   0x0800a40e   0x0000005e   Code   RO         5566    i.UART_DMAError     stm32h7xx_hal_uart.o
    0x0800a46c   0x0800a46c   0x0000006a   Code   RO         5567    i.UART_DMAReceiveCplt  stm32h7xx_hal_uart.o
    0x0800a4d6   0x0800a4d6   0x00000022   Code   RO         5569    i.UART_DMARxHalfCplt  stm32h7xx_hal_uart.o
    0x0800a4f8   0x0800a4f8   0x00000036   Code   RO         5571    i.UART_DMATransmitCplt  stm32h7xx_hal_uart.o
    0x0800a52e   0x0800a52e   0x0000000e   Code   RO         5573    i.UART_DMATxHalfCplt  stm32h7xx_hal_uart.o
    0x0800a53c   0x0800a53c   0x0000003c   Code   RO         5575    i.UART_EndRxTransfer  stm32h7xx_hal_uart.o
    0x0800a578   0x0800a578   0x00000022   Code   RO         5576    i.UART_EndTransmit_IT  stm32h7xx_hal_uart.o
    0x0800a59a   0x0800a59a   0x00000020   Code   RO         5577    i.UART_EndTxTransfer  stm32h7xx_hal_uart.o
    0x0800a5ba   0x0800a5ba   0x00000092   Code   RO         5578    i.UART_RxISR_16BIT  stm32h7xx_hal_uart.o
    0x0800a64c   0x0800a64c   0x00000164   Code   RO         5579    i.UART_RxISR_16BIT_FIFOEN  stm32h7xx_hal_uart.o
    0x0800a7b0   0x0800a7b0   0x0000008e   Code   RO         5580    i.UART_RxISR_8BIT   stm32h7xx_hal_uart.o
    0x0800a83e   0x0800a83e   0x00000002   PAD
    0x0800a840   0x0800a840   0x00000164   Code   RO         5581    i.UART_RxISR_8BIT_FIFOEN  stm32h7xx_hal_uart.o
    0x0800a9a4   0x0800a9a4   0x0000058c   Code   RO         5582    i.UART_SetConfig    stm32h7xx_hal_uart.o
    0x0800af30   0x0800af30   0x000000a0   Code   RO         5583    i.UART_Start_Receive_DMA  stm32h7xx_hal_uart.o
    0x0800afd0   0x0800afd0   0x00000110   Code   RO         5584    i.UART_Start_Receive_IT  stm32h7xx_hal_uart.o
    0x0800b0e0   0x0800b0e0   0x000000be   Code   RO         5589    i.UART_WaitOnFlagUntilTimeout  stm32h7xx_hal_uart.o
    0x0800b19e   0x0800b19e   0x00000002   PAD
    0x0800b1a0   0x0800b1a0   0x00000014   Code   RO          786    i.USART1_IRQHandler  stm32h7xx_it.o
    0x0800b1b4   0x0800b1b4   0x00000014   Code   RO          787    i.USART2_IRQHandler  stm32h7xx_it.o
    0x0800b1c8   0x0800b1c8   0x00000338   Code   RO         9015    i.USART2_IRQHandler_callback  bsp_usart2.o
    0x0800b500   0x0800b500   0x00000014   Code   RO          788    i.USART3_IRQHandler  stm32h7xx_it.o
    0x0800b514   0x0800b514   0x00000014   Code   RO          789    i.USART6_IRQHandler  stm32h7xx_it.o
    0x0800b528   0x0800b528   0x0000007c   Code   RO         8199    i.USER_UART3_IRQHandler  automatic_strike.o
    0x0800b5a4   0x0800b5a4   0x000002f4   Code   RO         9224    i.USER_UART6_IRQHandler  refereedeal.o
    0x0800b898   0x0800b898   0x00000050   Code   RO         8563    i.USER_UART_IRQHandler  remotecontrol.o
    0x0800b8e8   0x0800b8e8   0x00000004   Code   RO          790    i.UsageFault_Handler  stm32h7xx_it.o
    0x0800b8ec   0x0800b8ec   0x00000040   Code   RO         9163    i.Verify_CRC16_Check_Sum  crc.o
    0x0800b92c   0x0800b92c   0x0000002e   Code   RO         9164    i.Verify_CRC8_Check_Sum  crc.o
    0x0800b95a   0x0800b95a   0x00000002   PAD
    0x0800b95c   0x0800b95c   0x00000010   Code   RO         1014    i.__NVIC_GetPriorityGrouping  stm32h7xx_hal_cortex.o
    0x0800b96c   0x0800b96c   0x00000028   Code   RO         1015    i.__NVIC_SetPriority  stm32h7xx_hal_cortex.o
    0x0800b994   0x0800b994   0x0000000e   Code   RO         9914    i.__scatterload_copy  mc_w.l(handlers.o)
    0x0800b9a2   0x0800b9a2   0x00000002   Code   RO         9915    i.__scatterload_null  mc_w.l(handlers.o)
    0x0800b9a4   0x0800b9a4   0x0000000e   Code   RO         9916    i.__scatterload_zeroinit  mc_w.l(handlers.o)
    0x0800b9b2   0x0800b9b2   0x00000002   PAD
    0x0800b9b4   0x0800b9b4   0x0000002c   Code   RO         7861    i.automatic_Enemy_color  task_chassis.o
    0x0800b9e0   0x0800b9e0   0x0000016c   Code   RO         8200    i.automatic_init    automatic_strike.o
    0x0800bb4c   0x0800bb4c   0x00000170   Code   RO         9016    i.bsp_usart2_init   bsp_usart2.o
    0x0800bcbc   0x0800bcbc   0x00000064   Code   RO         8073    i.chassis_app_init  chassis_app.o
    0x0800bd20   0x0800bd20   0x000000c0   Code   RO         8431    i.chassis_behaviour_mode_set  chassis_behaviour.o
    0x0800bde0   0x0800bde0   0x00000184   Code   RO         8278    i.chassis_can1_callback  can_1_receive.o
    0x0800bf64   0x0800bf64   0x00000040   Code   RO         8371    i.chassis_can2_callback  can_2_receive.o
    0x0800bfa4   0x0800bfa4   0x00000022   Code   RO         7862    i.chassis_controlwork  task_chassis.o
    0x0800bfc6   0x0800bfc6   0x00000002   PAD
    0x0800bfc8   0x0800bfc8   0x0000008c   Code   RO         7863    i.chassis_data_update  task_chassis.o
    0x0800c054   0x0800c054   0x0000010c   Code   RO         7864    i.chassis_init      task_chassis.o
    0x0800c160   0x0800c160   0x000000b4   Code   RO         7865    i.chassis_pid_calc  task_chassis.o
    0x0800c214   0x0800c214   0x0000000c   Code   RO         7866    i.chassis_remote_mode_choose  task_chassis.o
    0x0800c220   0x0800c220   0x000000d0   Code   RO         7867    i.chassis_set_remote  task_chassis.o
    0x0800c2f0   0x0800c2f0   0x00000020   Code   RO         9074    i.fifo_init         fifo_buff.o
    0x0800c310   0x0800c310   0x00000056   Code   RO         9077    i.fifo_read_buff    fifo_buff.o
    0x0800c366   0x0800c366   0x00000002   PAD
    0x0800c368   0x0800c368   0x00000064   Code   RO         9078    i.fifo_write_buff   fifo_buff.o
    0x0800c3cc   0x0800c3cc   0x00000042   Code   RO         8677    i.first_order_filter  maths.o
    0x0800c40e   0x0800c40e   0x00000002   PAD
    0x0800c410   0x0800c410   0x00000030   Code   RO         8678    i.first_order_filter_init  maths.o
    0x0800c440   0x0800c440   0x00000014   Code   RO         8679    i.float_abs         maths.o
    0x0800c454   0x0800c454   0x00000020   Code   RO         8680    i.float_limit       maths.o
    0x0800c474   0x0800c474   0x00000018   Code   RO         8279    i.get_Chassis_Motor_Measure_Point  can_1_receive.o
    0x0800c48c   0x0800c48c   0x0000000c   Code   RO         8372    i.get_Enemy_status  can_2_receive.o
    0x0800c498   0x0800c498   0x0000000c   Code   RO         8020    i.get_Enemy_status_from_above  task_abovegimbal.o
    0x0800c4a4   0x0800c4a4   0x00000008   Code   RO         7691    i.get_Fire_control_point  task_fire.o
    0x0800c4ac   0x0800c4ac   0x00000008   Code   RO         8564    i.get_remote_control_point  remotecontrol.o
    0x0800c4b4   0x0800c4b4   0x0000006c   Code   RO         8141    i.gimbal_app_init   gimbal_app.o
    0x0800c520   0x0800c520   0x00000168   Code   RO         8280    i.gimbal_can1_callback  can_1_receive.o
    0x0800c688   0x0800c688   0x000000d8   Code   RO         8373    i.gimbal_can2_callback  can_2_receive.o
    0x0800c760   0x0800c760   0x00000024   Code   RO         7948    i.gimbal_controlwork  task_gimbal.o
    0x0800c784   0x0800c784   0x0000000c   Code   RO         7949    i.gimbal_pitch_init  task_gimbal.o
    0x0800c790   0x0800c790   0x00000024   Code   RO         7950    i.gimbal_task_off   task_gimbal.o
    0x0800c7b4   0x0800c7b4   0x00000050   Code   RO         8201    i.hex2Float         automatic_strike.o
    0x0800c804   0x0800c804   0x00000010   Code   RO         8683    i.int32_limit       maths.o
    0x0800c814   0x0800c814   0x00000060   Code   RO         8687    i.loop_fp32_constrain  maths.o
    0x0800c874   0x0800c874   0x0000004c   Code   RO           55    i.main              main.o
    0x0800c8c0   0x0800c8c0   0x0000000e   Code   RO         7174    i.makeFreeRtosPriority  cmsis_os.o
    0x0800c8ce   0x0800c8ce   0x0000000e   Code   RO         9079    i.min_fifo          fifo_buff.o
    0x0800c8dc   0x0800c8dc   0x00000066   Code   RO         8881    i.motor_position_Stepping  rmmotor.o
    0x0800c942   0x0800c942   0x00000018   Code   RO         7176    i.osDelay           cmsis_os.o
    0x0800c95a   0x0800c95a   0x0000000a   Code   RO         7179    i.osKernelStart     cmsis_os.o
    0x0800c964   0x0800c964   0x0000005e   Code   RO         7213    i.osThreadCreate    cmsis_os.o
    0x0800c9c2   0x0800c9c2   0x00000002   PAD
    0x0800c9c4   0x0800c9c4   0x00000074   Code   RO         8816    i.pid_init          pid.o
    0x0800ca38   0x0800ca38   0x00000136   Code   RO         8817    i.pid_regulator     pid.o
    0x0800cb6e   0x0800cb6e   0x00000002   PAD
    0x0800cb70   0x0800cb70   0x00000098   Code   RO         6845    i.prvAddCurrentTaskToDelayedList  tasks.o
    0x0800cc08   0x0800cc08   0x000000b4   Code   RO         6846    i.prvAddNewTaskToReadyList  tasks.o
    0x0800ccbc   0x0800ccbc   0x00000048   Code   RO         6847    i.prvCheckTasksWaitingTermination  tasks.o
    0x0800cd04   0x0800cd04   0x00000050   Code   RO         6848    i.prvDeleteTCB      tasks.o
    0x0800cd54   0x0800cd54   0x0000007c   Code   RO         7541    i.prvHeapInit       heap_4.o
    0x0800cdd0   0x0800cdd0   0x00000028   Code   RO         6849    i.prvIdleTask       tasks.o
    0x0800cdf8   0x0800cdf8   0x000000b4   Code   RO         6850    i.prvInitialiseNewTask  tasks.o
    0x0800ceac   0x0800ceac   0x00000068   Code   RO         6851    i.prvInitialiseTaskLists  tasks.o
    0x0800cf14   0x0800cf14   0x00000068   Code   RO         7542    i.prvInsertBlockIntoFreeList  heap_4.o
    0x0800cf7c   0x0800cf7c   0x00000034   Code   RO         6852    i.prvResetNextTaskUnblockTime  tasks.o
    0x0800cfb0   0x0800cfb0   0x00000040   Code   RO         7610    i.prvTaskExitError  port.o
    0x0800cff0   0x0800cff0   0x0000014c   Code   RO         7543    i.pvPortMalloc      heap_4.o
    0x0800d13c   0x0800d13c   0x0000002c   Code   RO         7611    i.pxPortInitialiseStack  port.o
    0x0800d168   0x0800d168   0x00000014   Code   RO         8565    i.rc_deadline_limit  remotecontrol.o
    0x0800d17c   0x0800d17c   0x0000000c   Code   RO         9233    i.referee_blue_outpost_HP  refereedeal.o
    0x0800d188   0x0800d188   0x00000178   Code   RO         9241    i.referee_read_data  refereedeal.o
    0x0800d300   0x0800d300   0x0000000c   Code   RO         9242    i.referee_red_outpost_HP  refereedeal.o
    0x0800d30c   0x0800d30c   0x0000000c   Code   RO         9243    i.referee_remain_HP  refereedeal.o
    0x0800d318   0x0800d318   0x0000000c   Code   RO         9244    i.referee_robot_id  refereedeal.o
    0x0800d324   0x0800d324   0x00000174   Code   RO         9262    i.referee_system_init  refereedeal.o
    0x0800d498   0x0800d498   0x00000024   Code   RO         8566    i.remote_control_init  remotecontrol.o
    0x0800d4bc   0x0800d4bc   0x00000110   Code   RO         8567    i.sbus_to_rc        remotecontrol.o
    0x0800d5cc   0x0800d5cc   0x00000010   Code   RO         7692    i.shoot_hot_limit   task_fire.o
    0x0800d5dc   0x0800d5dc   0x00000028   Code   RO         7693    i.snail_motor_pwm   task_fire.o
    0x0800d604   0x0800d604   0x00000090   Code   RO         8818    i.step_in_processing  pid.o
    0x0800d694   0x0800d694   0x00000030   Code   RO         8966    i.task_init         sysinit.o
    0x0800d6c4   0x0800d6c4   0x000000e8   Code   RO         7694    i.trigger_motor_turn_back  task_fire.o
    0x0800d7ac   0x0800d7ac   0x0000004c   Code   RO         8202    i.usart3_dma_send   automatic_strike.o
    0x0800d7f8   0x0800d7f8   0x00000028   Code   RO         6471    i.uxListRemove      list.o
    0x0800d820   0x0800d820   0x00000018   Code   RO          395    i.vApplicationGetIdleTaskMemory  freertos.o
    0x0800d838   0x0800d838   0x0000001a   Code   RO         6472    i.vListInitialise   list.o
    0x0800d852   0x0800d852   0x00000006   Code   RO         6473    i.vListInitialiseItem  list.o
    0x0800d858   0x0800d858   0x00000034   Code   RO         6474    i.vListInsert       list.o
    0x0800d88c   0x0800d88c   0x00000018   Code   RO         6475    i.vListInsertEnd    list.o
    0x0800d8a4   0x0800d8a4   0x00000054   Code   RO         7613    i.vPortEnterCritical  port.o
    0x0800d8f8   0x0800d8f8   0x0000003c   Code   RO         7614    i.vPortExitCritical  port.o
    0x0800d934   0x0800d934   0x000000a4   Code   RO         7544    i.vPortFree         heap_4.o
    0x0800d9d8   0x0800d9d8   0x00000028   Code   RO         7615    i.vPortSetupTimerInterrupt  port.o
    0x0800da00   0x0800da00   0x0000005c   Code   RO         6861    i.vTaskDelay        tasks.o
    0x0800da5c   0x0800da5c   0x000000b0   Code   RO         6874    i.vTaskStartScheduler  tasks.o
    0x0800db0c   0x0800db0c   0x00000010   Code   RO         6876    i.vTaskSuspendAll   tasks.o
    0x0800db1c   0x0800db1c   0x0000008c   Code   RO         6877    i.vTaskSwitchContext  tasks.o
    0x0800dba8   0x0800dba8   0x00000168   Code   RO         7617    i.xPortStartScheduler  port.o
    0x0800dd10   0x0800dd10   0x00000064   Code   RO         6880    i.xTaskCreate       tasks.o
    0x0800dd74   0x0800dd74   0x000000ba   Code   RO         6881    i.xTaskCreateStatic  tasks.o
    0x0800de2e   0x0800de2e   0x00000002   PAD
    0x0800de30   0x0800de30   0x00000148   Code   RO         6888    i.xTaskIncrementTick  tasks.o
    0x0800df78   0x0800df78   0x00000104   Code   RO         6894    i.xTaskResumeAll    tasks.o
    0x0800e07c   0x0800e07c   0x000000a8   Data   RO          397    .constdata          freertos.o
    0x0800e124   0x0800e124   0x00000008   Data   RO         1858    .constdata          stm32h7xx_hal_dma.o
    0x0800e12c   0x0800e12c   0x0000005c   Data   RO         3548    .constdata          stm32h7xx_hal_fdcan.o
    0x0800e188   0x0800e188   0x00000018   Data   RO         5590    .constdata          stm32h7xx_hal_uart.o
    0x0800e1a0   0x0800e1a0   0x00000010   Data   RO         5960    .constdata          stm32h7xx_hal_uart_ex.o
    0x0800e1b0   0x0800e1b0   0x00000010   Data   RO         6064    .constdata          system_stm32h7xx.o
    0x0800e1c0   0x0800e1c0   0x00000038   Data   RO         8075    .constdata          chassis_app.o
    0x0800e1f8   0x0800e1f8   0x0000001c   Data   RO         8143    .constdata          gimbal_app.o
    0x0800e214   0x0800e214   0x00000302   Data   RO         9165    .constdata          crc.o
    0x0800e516   0x0800e516   0x00000002   PAD
    0x0800e518   0x0800e518   0x00000044   Data   RO          398    .conststring        freertos.o
    0x0800e55c   0x0800e55c   0x0000001c   Data   RO         8076    .conststring        chassis_app.o
    0x0800e578   0x0800e578   0x0000000b   Data   RO         8144    .conststring        gimbal_app.o
    0x0800e583   0x0800e583   0x00000001   PAD
    0x0800e584   0x0800e584   0x00000020   Data   RO         9912    Region$$Table       anon$$obj.o


    Execution Region RW_IRAM1 (Exec base: 0x20000000, Load base: 0x0800e5a4, Size: 0x00000000, Max: 0x00020000, ABSOLUTE)

    **** No section assigned to this execution region ****


    Execution Region RW_IRAM2 (Exec base: 0x24000000, Load base: 0x0800e5a4, Size: 0x00007b90, Max: 0x00080000, ABSOLUTE, COMPRESSED[0x00000058])

    Exec Addr    Load Addr    Size         Type   Attr      Idx    E Section Name        Object

    0x24000000   COMPRESSED   0x00000018   Data   RW          399    .data               freertos.o
    0x24000018   COMPRESSED   0x00000004   Data   RW          483    .data               fdcan.o
    0x2400001c   COMPRESSED   0x00000009   Data   RW         2596    .data               stm32h7xx_hal.o
    0x24000025   COMPRESSED   0x00000003   PAD
    0x24000028   COMPRESSED   0x00000008   Data   RW         6065    .data               system_stm32h7xx.o
    0x24000030   COMPRESSED   0x0000003c   Data   RW         6897    .data               tasks.o
    0x2400006c   COMPRESSED   0x00000020   Data   RW         7550    .data               heap_4.o
    0x2400008c   COMPRESSED   0x0000000c   Data   RW         7618    .data               port.o
    0x24000098   COMPRESSED   0x0000000c   Data   RW         7696    .data               task_fire.o
    0x240000a4   COMPRESSED   0x00000004   Data   RW         7753    .data               task_detect.o
    0x240000a8   COMPRESSED   0x0000000d   Data   RW         7869    .data               task_chassis.o
    0x240000b5   COMPRESSED   0x00000001   PAD
    0x240000b6   COMPRESSED   0x00000004   Data   RW         7952    .data               task_gimbal.o
    0x240000ba   COMPRESSED   0x00000002   PAD
    0x240000bc   COMPRESSED   0x00000008   Data   RW         8077    .data               chassis_app.o
    0x240000c4   COMPRESSED   0x00000004   Data   RW         8145    .data               gimbal_app.o
    0x240000c8   COMPRESSED   0x00000004   Data   RW         8205    .data               automatic_strike.o
    0x240000cc   COMPRESSED   0x00000008   Data   RW         8282    .data               can_1_receive.o
    0x240000d4   COMPRESSED   0x00000001   Data   RW         8375    .data               can_2_receive.o
    0x240000d5   COMPRESSED   0x00000003   PAD
    0x240000d8   COMPRESSED   0x00000040   Data   RW         8432    .data               chassis_behaviour.o
    0x24000118   COMPRESSED   0x00000034   Data   RW         8494    .data               gimbal_behaviour.o
    0x2400014c   COMPRESSED   0x00000004   Data   RW         8571    .data               remotecontrol.o
    0x24000150   COMPRESSED   0x00000001   Data   RW         8967    .data               sysinit.o
    0x24000151   COMPRESSED   0x00000003   PAD
    0x24000154   COMPRESSED   0x00000004   Data   RW         9082    .data               fifo_buff.o
    0x24000158   COMPRESSED   0x00000002   Data   RW         9166    .data               crc.o
    0x2400015a   COMPRESSED   0x00000002   PAD
    0x2400015c   COMPRESSED   0x0000000d   Data   RW         9267    .data               refereedeal.o
    0x24000169   COMPRESSED   0x00000003   PAD
    0x2400016c        -       0x00000254   Zero   RW          396    .bss                freertos.o
    0x240003c0        -       0x00000140   Zero   RW          482    .bss                fdcan.o
    0x24000500        -       0x00000014   Zero   RW          534    .bss                rng.o
    0x24000514        -       0x00000088   Zero   RW          580    .bss                spi.o
    0x2400059c        -       0x00000098   Zero   RW          628    .bss                tim.o
    0x24000634        -       0x00000790   Zero   RW          691    .bss                usart.o
    0x24000dc4        -       0x0000004c   Zero   RW          959    .bss                stm32h7xx_hal_timebase_tim.o
    0x24000e10        -       0x000000f0   Zero   RW         6896    .bss                tasks.o
    0x24000f00        -       0x00003c00   Zero   RW         7549    .bss                heap_4.o
    0x24004b00        -       0x000000e0   Zero   RW         7695    .bss                task_fire.o
    0x24004be0        -       0x00000290   Zero   RW         7868    .bss                task_chassis.o
    0x24004e70        -       0x00000bcc   Zero   RW         7951    .bss                task_gimbal.o
    0x24005a3c        -       0x00000bcc   Zero   RW         8021    .bss                task_abovegimbal.o
    0x24006608        -       0x00000024   Zero   RW         8074    .bss                chassis_app.o
    0x2400662c        -       0x00000024   Zero   RW         8142    .bss                gimbal_app.o
    0x24006650        -       0x00000198   Zero   RW         8204    .bss                automatic_strike.o
    0x240067e8        -       0x000000fc   Zero   RW         8281    .bss                can_1_receive.o
    0x240068e4        -       0x0000001c   Zero   RW         8374    .bss                can_2_receive.o
    0x24006900        -       0x000001a6   Zero   RW         8570    .bss                remotecontrol.o
    0x24006aa6   COMPRESSED   0x00000002   PAD
    0x24006aa8        -       0x00000628   Zero   RW         9020    .bss                bsp_usart2.o
    0x240070d0        -       0x000006c0   Zero   RW         9266    .bss                refereedeal.o
    0x24007790        -       0x00000400   Zero   RW            1    STACK               startup_stm32h750xx.o


==============================================================================

Image component sizes


      Code (inc. data)   RO Data    RW Data    ZI Data      Debug   Object Name

         0          0          0          0          0       4520   armlib_lock_glue.o
       862         86          0          4        408       6020   automatic_strike.o
      1192         60          0          0       1576       2567   bsp_usart2.o
       992        102          0          8        252       8339   can_1_receive.o
       416         34          0          1         28       3886   can_2_receive.o
       432         56         84          8         36       3777   chassis_app.o
      1056        126          0         64          0       6145   chassis_behaviour.o
       142          0          0          0          0      23111   cmsis_os.o
       198         16        770          2          0       3737   crc.o
       192          6          0          0          0        974   dma.o
         0          0          0          0          0      16836   event_groups.o
       620         44          0          4        320       2748   fdcan.o
       232          6          0          4          0       3433   fifo_buff.o
       214         40        236         24        596       7528   freertos.o
       404         62         39          4         36       3476   gimbal_app.o
      1112        126          0         52          0       6368   gimbal_behaviour.o
       316         18          0          0          0       1203   gpio.o
       724         74          0         32      15360       7515   heap_4.o
       148          0          0          0          0       3678   list.o
       336         14          0          0          0    1372022   main.o
       498         16          0          0          0       5738   maths.o
       794         16          0          0          0       3389   pid.o
       894         78          0         12          0      11248   port.o
      1552         84          0         13       1728       5464   refereedeal.o
      1008         80          0          4        422       7408   remotecontrol.o
       416          0          0          0          0       5086   rmmotor.o
       120         18          0          0         20       1711   rng.o
       336         24          0          0        136       1937   spi.o
        36          8        664          0       1024        836   startup_stm32h750xx.o
       144         34          0          9          0      22069   stm32h7xx_hal.o
       258         22          0          0          0      39262   stm32h7xx_hal_cortex.o
      8662        166          8          0          0      13314   stm32h7xx_hal_dma.o
      3686         52         92          0          0      23862   stm32h7xx_hal_fdcan.o
       548         52          0          0          0       3135   stm32h7xx_hal_gpio.o
        48          6          0          0          0        934   stm32h7xx_hal_msp.o
        96          6          0          0          0        773   stm32h7xx_hal_pwr_ex.o
      3632        118          0          0          0       7597   stm32h7xx_hal_rcc.o
      4784        110          0          0          0       7257   stm32h7xx_hal_rcc_ex.o
       252          0          0          0          0       2250   stm32h7xx_hal_rng.o
       406         14          0          0          0       2143   stm32h7xx_hal_spi.o
      2640        240          0          0          0      14281   stm32h7xx_hal_tim.o
       378         34          0          0          0       4072   stm32h7xx_hal_tim_ex.o
       160         18          0          0         76       1651   stm32h7xx_hal_timebase_tim.o
      5356        212         24          0          0      42884   stm32h7xx_hal_uart.o
       360         10         16          0          0       5542   stm32h7xx_hal_uart_ex.o
       278         82          0          0          0      24091   stm32h7xx_it.o
         0          0          0          0          0        384   stream_buffer.o
       224         18          0          1          0       2901   sysinit.o
       260         40         16          8          0       1430   system_stm32h7xx.o
       526         64          0          0       3020       3127   task_abovegimbal.o
      1630         66          0         13        656       7441   task_chassis.o
        32          4          0          4          0      14496   task_detect.o
       940         90          0         12        224       4480   task_fire.o
       988         86          0          4       3020       5957   task_gimbal.o
        60          4          0          0          0        535   task_led.o
        16          0          0          0          0        528   task_safe.o
      2158        270          0         60        240      20509   tasks.o
       704         50          0          0        152       3412   tim.o
      1876        140          0          0       1936       6935   usart.o

    ----------------------------------------------------------------------
     56392       3202       1984        364      31268    1817952   Object Totals
         0          0         32          0          0          0   (incl. Generated)
        48          0          3         17          2          0   (incl. Padding)

    ----------------------------------------------------------------------

      Code (inc. data)   RO Data    RW Data    ZI Data      Debug   Library Member Name

        86          0          0          0          0          0   __dczerorl2.o
         0          0          0          0          0          0   entry.o
         0          0          0          0          0          0   entry10a.o
         0          0          0          0          0          0   entry11a.o
         4          0          0          0          0          0   entry12b.o
         8          4          0          0          0          0   entry2.o
         4          0          0          0          0          0   entry5.o
         0          0          0          0          0          0   entry7b.o
         0          0          0          0          0          0   entry8b.o
         8          4          0          0          0          0   entry9a.o
        30          0          0          0          0          0   handlers.o
        36          8          0          0          0         68   init.o
        30          0          0          0          0         68   llshl.o
        32          0          0          0          0         68   llushr.o
        36          0          0          0          0         68   memcpya.o
        36          0          0          0          0        108   memseta.o
        98          0          0          0          0         92   uldiv.o

    ----------------------------------------------------------------------
       412         16          0          0          0        472   Library Totals
         4          0          0          0          0          0   (incl. Padding)

    ----------------------------------------------------------------------

      Code (inc. data)   RO Data    RW Data    ZI Data      Debug   Library Name

       408         16          0          0          0        472   mc_w.l

    ----------------------------------------------------------------------
       412         16          0          0          0        472   Library Totals

    ----------------------------------------------------------------------

==============================================================================


      Code (inc. data)   RO Data    RW Data    ZI Data      Debug   

     56804       3218       1984        364      31268    1786052   Grand Totals
     56804       3218       1984         88      31268    1786052   ELF Image Totals (compressed)
     56804       3218       1984         88          0          0   ROM Totals

==============================================================================

    Total RO  Size (Code + RO Data)                58788 (  57.41kB)
    Total RW  Size (RW Data + ZI Data)             31632 (  30.89kB)
    Total ROM Size (Code + RO Data + RW Data)      58876 (  57.50kB)

==============================================================================

