Component: ARM Compiler 5.06 update 7 (build 960) Tool: armlink [4d3601]

==============================================================================

Section Cross References

    startup_stm32h750xx.o(STACK) refers (Special) to heapauxi.o(.text) for __use_two_region_memory
    startup_stm32h750xx.o(HEAP) refers (Special) to heapauxi.o(.text) for __use_two_region_memory
    startup_stm32h750xx.o(RESET) refers (Special) to heapauxi.o(.text) for __use_two_region_memory
    startup_stm32h750xx.o(RESET) refers to startup_stm32h750xx.o(STACK) for __initial_sp
    startup_stm32h750xx.o(RESET) refers to startup_stm32h750xx.o(.text) for Reset_Handler
    startup_stm32h750xx.o(RESET) refers to stm32h7xx_it.o(i.NMI_Handler) for NMI_Handler
    startup_stm32h750xx.o(RESET) refers to stm32h7xx_it.o(i.HardFault_Handler) for HardFault_Handler
    startup_stm32h750xx.o(RESET) refers to stm32h7xx_it.o(i.MemManage_Handler) for MemManage_Handler
    startup_stm32h750xx.o(RESET) refers to stm32h7xx_it.o(i.BusFault_Handler) for BusFault_Handler
    startup_stm32h750xx.o(RESET) refers to stm32h7xx_it.o(i.UsageFault_Handler) for UsageFault_Handler
    startup_stm32h750xx.o(RESET) refers to port.o(.emb_text) for SVC_Handler
    startup_stm32h750xx.o(RESET) refers to stm32h7xx_it.o(i.DebugMon_Handler) for DebugMon_Handler
    startup_stm32h750xx.o(RESET) refers to port.o(i.SysTick_Handler) for SysTick_Handler
    startup_stm32h750xx.o(RESET) refers to stm32h7xx_it.o(i.DMA1_Stream0_IRQHandler) for DMA1_Stream0_IRQHandler
    startup_stm32h750xx.o(RESET) refers to stm32h7xx_it.o(i.DMA1_Stream1_IRQHandler) for DMA1_Stream1_IRQHandler
    startup_stm32h750xx.o(RESET) refers to stm32h7xx_it.o(i.DMA1_Stream2_IRQHandler) for DMA1_Stream2_IRQHandler
    startup_stm32h750xx.o(RESET) refers to stm32h7xx_it.o(i.DMA1_Stream3_IRQHandler) for DMA1_Stream3_IRQHandler
    startup_stm32h750xx.o(RESET) refers to stm32h7xx_it.o(i.DMA1_Stream4_IRQHandler) for DMA1_Stream4_IRQHandler
    startup_stm32h750xx.o(RESET) refers to stm32h7xx_it.o(i.FDCAN1_IT0_IRQHandler) for FDCAN1_IT0_IRQHandler
    startup_stm32h750xx.o(RESET) refers to stm32h7xx_it.o(i.FDCAN2_IT0_IRQHandler) for FDCAN2_IT0_IRQHandler
    startup_stm32h750xx.o(RESET) refers to stm32h7xx_it.o(i.TIM2_IRQHandler) for TIM2_IRQHandler
    startup_stm32h750xx.o(RESET) refers to stm32h7xx_it.o(i.USART1_IRQHandler) for USART1_IRQHandler
    startup_stm32h750xx.o(RESET) refers to stm32h7xx_it.o(i.USART2_IRQHandler) for USART2_IRQHandler
    startup_stm32h750xx.o(RESET) refers to stm32h7xx_it.o(i.USART3_IRQHandler) for USART3_IRQHandler
    startup_stm32h750xx.o(RESET) refers to stm32h7xx_it.o(i.DMA2_Stream1_IRQHandler) for DMA2_Stream1_IRQHandler
    startup_stm32h750xx.o(RESET) refers to stm32h7xx_it.o(i.DMA2_Stream2_IRQHandler) for DMA2_Stream2_IRQHandler
    startup_stm32h750xx.o(RESET) refers to stm32h7xx_it.o(i.DMA2_Stream6_IRQHandler) for DMA2_Stream6_IRQHandler
    startup_stm32h750xx.o(RESET) refers to stm32h7xx_it.o(i.USART6_IRQHandler) for USART6_IRQHandler
    startup_stm32h750xx.o(.text) refers (Special) to heapauxi.o(.text) for __use_two_region_memory
    startup_stm32h750xx.o(.text) refers to system_stm32h7xx.o(i.SystemInit) for SystemInit
    startup_stm32h750xx.o(.text) refers to __main.o(!!!main) for __main
    startup_stm32h750xx.o(.text) refers to startup_stm32h750xx.o(HEAP) for Heap_Mem
    startup_stm32h750xx.o(.text) refers to startup_stm32h750xx.o(STACK) for Stack_Mem
    armlib_lock_glue.o(i.__armlib_thread_safety_init) refers to armlib_lock_glue.o(i.stm32_lock_acquire) for stm32_lock_acquire
    armlib_lock_glue.o(i.__armlib_thread_safety_init) refers to armlib_lock_glue.o(i.stm32_lock_release) for stm32_lock_release
    armlib_lock_glue.o(i.__armlib_thread_safety_init) refers to armlib_lock_glue.o(.bss) for static_list_lock
    armlib_lock_glue.o(i._mutex_acquire) refers to main.o(i.Error_Handler) for Error_Handler
    armlib_lock_glue.o(i._mutex_acquire) refers to armlib_lock_glue.o(i.stm32_lock_acquire) for stm32_lock_acquire
    armlib_lock_glue.o(i._mutex_acquire) refers to armlib_lock_glue.o(i.stm32_lock_release) for stm32_lock_release
    armlib_lock_glue.o(i._mutex_acquire) refers to armlib_lock_glue.o(.bss) for static_list_lock
    armlib_lock_glue.o(i._mutex_free) refers to main.o(i.Error_Handler) for Error_Handler
    armlib_lock_glue.o(i._mutex_free) refers to armlib_lock_glue.o(i.stm32_lock_acquire) for stm32_lock_acquire
    armlib_lock_glue.o(i._mutex_free) refers to armlib_lock_glue.o(i.stm32_lock_release) for stm32_lock_release
    armlib_lock_glue.o(i._mutex_free) refers to armlib_lock_glue.o(.bss) for static_list_lock
    armlib_lock_glue.o(i._mutex_initialize) refers to armlib_lock_glue.o(i.stm32_lock_acquire) for stm32_lock_acquire
    armlib_lock_glue.o(i._mutex_initialize) refers to main.o(i.Error_Handler) for Error_Handler
    armlib_lock_glue.o(i._mutex_initialize) refers to armlib_lock_glue.o(i.stm32_lock_release) for stm32_lock_release
[...]
    SPI5_IRQHandler                          0x08000417   Thumb Code     0  startup_stm32h750xx.o(.text)
    SPI6_IRQHandler                          0x08000417   Thumb Code     0  startup_stm32h750xx.o(.text)
    SWPMI1_IRQHandler                        0x08000417   Thumb Code     0  startup_stm32h750xx.o(.text)
    TAMP_STAMP_IRQHandler                    0x08000417   Thumb Code     0  startup_stm32h750xx.o(.text)
    TIM15_IRQHandler                         0x08000417   Thumb Code     0  startup_stm32h750xx.o(.text)
    TIM16_IRQHandler                         0x08000417   Thumb Code     0  startup_stm32h750xx.o(.text)
    TIM17_IRQHandler                         0x08000417   Thumb Code     0  startup_stm32h750xx.o(.text)
    TIM1_BRK_IRQHandler                      0x08000417   Thumb Code     0  startup_stm32h750xx.o(.text)
    TIM1_CC_IRQHandler                       0x08000417   Thumb Code     0  startup_stm32h750xx.o(.text)
    TIM1_TRG_COM_IRQHandler                  0x08000417   Thumb Code     0  startup_stm32h750xx.o(.text)
    TIM1_UP_IRQHandler                       0x08000417   Thumb Code     0  startup_stm32h750xx.o(.text)
    TIM3_IRQHandler                          0x08000417   Thumb Code     0  startup_stm32h750xx.o(.text)
    TIM4_IRQHandler                          0x08000417   Thumb Code     0  startup_stm32h750xx.o(.text)
    TIM5_IRQHandler                          0x08000417   Thumb Code     0  startup_stm32h750xx.o(.text)
    TIM6_DAC_IRQHandler                      0x08000417   Thumb Code     0  startup_stm32h750xx.o(.text)
    TIM7_IRQHandler                          0x08000417   Thumb Code     0  startup_stm32h750xx.o(.text)
    TIM8_BRK_TIM12_IRQHandler                0x08000417   Thumb Code     0  startup_stm32h750xx.o(.text)
    TIM8_CC_IRQHandler                       0x08000417   Thumb Code     0  startup_stm32h750xx.o(.text)
    TIM8_TRG_COM_TIM14_IRQHandler            0x08000417   Thumb Code     0  startup_stm32h750xx.o(.text)
    TIM8_UP_TIM13_IRQHandler                 0x08000417   Thumb Code     0  startup_stm32h750xx.o(.text)
    UART4_IRQHandler                         0x08000417   Thumb Code     0  startup_stm32h750xx.o(.text)
    UART5_IRQHandler                         0x08000417   Thumb Code     0  startup_stm32h750xx.o(.text)
    UART7_IRQHandler                         0x08000417   Thumb Code     0  startup_stm32h750xx.o(.text)
    UART8_IRQHandler                         0x08000417   Thumb Code     0  startup_stm32h750xx.o(.text)
    WAKEUP_PIN_IRQHandler                    0x08000417   Thumb Code     0  startup_stm32h750xx.o(.text)
    WWDG_IRQHandler                          0x08000417   Thumb Code     0  startup_stm32h750xx.o(.text)
    __user_initial_stackheap                 0x08000419   Thumb Code     0  startup_stm32h750xx.o(.text)
    __use_no_semihosting                     0x0800043d   Thumb Code     2  use_no_semi_2.o(.text)
    __aeabi_uldivmod                         0x0800043f   Thumb Code     0  lludivv7m.o(.text)
    _ll_udiv                                 0x0800043f   Thumb Code   238  lludivv7m.o(.text)
    __aeabi_memcpy                           0x0800052d   Thumb Code     0  rt_memcpy_v6.o(.text)
    __rt_memcpy                              0x0800052d   Thumb Code   138  rt_memcpy_v6.o(.text)
    _memcpy_lastbytes                        0x08000593   Thumb Code     0  rt_memcpy_v6.o(.text)
    __aeabi_memcpy4                          0x080005b7   Thumb Code     0  rt_memcpy_w.o(.text)
    __aeabi_memcpy8                          0x080005b7   Thumb Code     0  rt_memcpy_w.o(.text)
    __rt_memcpy_w                            0x080005b7   Thumb Code   100  rt_memcpy_w.o(.text)
    _memcpy_lastbytes_aligned                0x080005ff   Thumb Code     0  rt_memcpy_w.o(.text)
    __aeabi_memclr4                          0x0800061b   Thumb Code     0  rt_memclr_w.o(.text)
    __aeabi_memclr8                          0x0800061b   Thumb Code     0  rt_memclr_w.o(.text)
    __rt_memclr_w                            0x0800061b   Thumb Code    78  rt_memclr_w.o(.text)
    _memset_w                                0x0800061f   Thumb Code     0  rt_memclr_w.o(.text)
    __use_two_region_memory                  0x08000669   Thumb Code     2  heapauxi.o(.text)
    __rt_heap_escrow$2region                 0x0800066b   Thumb Code     2  heapauxi.o(.text)
    __rt_heap_expand$2region                 0x0800066d   Thumb Code     2  heapauxi.o(.text)
    __cpp_initialize__aeabi_                 0x08000671   Thumb Code    26  init_aeabi.o(.text)
    __I$use$semihosting                      0x08000695   Thumb Code     0  use_no_semi.o(.text)
    __use_no_semihosting_swi                 0x08000695   Thumb Code     2  use_no_semi.o(.text)
    __user_setup_stackheap                   0x08000697   Thumb Code    74  sys_stackheap_outer.o(.text)
    exit                                     0x080006e1   Thumb Code    18  exit.o(.text)
    __user_libspace                          0x080006f5   Thumb Code     8  libspace.o(.text)
    __user_perproc_libspace                  0x080006f5   Thumb Code     0  libspace.o(.text)
    __user_perthread_libspace                0x080006f5   Thumb Code     0  libspace.o(.text)
    BusFault_Handler                         0x080006fd   Thumb Code     4  stm32h7xx_it.o(i.BusFault_Handler)
    CAN1_Gimbal_Fire                         0x08000701   Thumb Code   104  gimbal_app.o(i.CAN1_Gimbal_Fire)
    CAN1_filter_config                       0x08000771   Thumb Code   112  can_1_receive.o(i.CAN1_filter_config)
    CAN2_Chassis_RC_SetMsg                   0x080007e5   Thumb Code   100  chassis_app.o(i.CAN2_Chassis_RC_SetMsg)
    CAN2_filter_config                       0x08000851   Thumb Code   112  can_2_receive.o(i.CAN2_filter_config)
    CAN2_yaw_Setmsg                          0x080008c5   Thumb Code    82  gimbal_app.o(i.CAN2_yaw_Setmsg)
    Chassis_CAN_Send_Msg                     0x08000939   Thumb Code   104  chassis_app.o(i.Chassis_CAN_Send_Msg)
    Chassis_Task                             0x08000a19   Thumb Code    60  task_chassis.o(i.Chassis_Task)
    Chassis_Task_OFF                         0x08000a5d   Thumb Code    96  task_chassis.o(i.Chassis_Task_OFF)
    DMA1_Stream0_IRQHandler                  0x08000d61   Thumb Code    10  stm32h7xx_it.o(i.DMA1_Stream0_IRQHandler)
    DMA1_Stream1_IRQHandler                  0x08000d71   Thumb Code    10  stm32h7xx_it.o(i.DMA1_Stream1_IRQHandler)
    DMA1_Stream2_IRQHandler                  0x08000d81   Thumb Code    10  stm32h7xx_it.o(i.DMA1_Stream2_IRQHandler)
    DMA1_Stream3_IRQHandler                  0x08000d91   Thumb Code    10  stm32h7xx_it.o(i.DMA1_Stream3_IRQHandler)
    DMA1_Stream4_IRQHandler                  0x08000da1   Thumb Code    10  stm32h7xx_it.o(i.DMA1_Stream4_IRQHandler)
    DMA2_Stream1_IRQHandler                  0x08000db1   Thumb Code    10  stm32h7xx_it.o(i.DMA2_Stream1_IRQHandler)
    DMA2_Stream2_IRQHandler                  0x08000dc1   Thumb Code    10  stm32h7xx_it.o(i.DMA2_Stream2_IRQHandler)
    DMA2_Stream6_IRQHandler                  0x08000dd1   Thumb Code    10  stm32h7xx_it.o(i.DMA2_Stream6_IRQHandler)
    DebugMon_Handler                         0x0800134d   Thumb Code     2  stm32h7xx_it.o(i.DebugMon_Handler)
    Detect_TASK                              0x0800134f   Thumb Code    16  task_detect.o(i.Detect_TASK)
    Error_Handler                            0x0800135f   Thumb Code     6  main.o(i.Error_Handler)
    FDCAN1_IT0_IRQHandler                    0x08001365   Thumb Code    10  stm32h7xx_it.o(i.FDCAN1_IT0_IRQHandler)
    FDCAN2_IT0_IRQHandler                    0x08001375   Thumb Code    10  stm32h7xx_it.o(i.FDCAN2_IT0_IRQHandler)
    Fire_Task                                0x08001835   Thumb Code    82  task_fire.o(i.Fire_Task)
    GIMBAL_TASK                              0x08001915   Thumb Code    84  task_gimbal.o(i.GIMBAL_TASK)
    Get_Auto_Control_Point                   0x08001975   Thumb Code     4  automatic_strike.o(i.Get_Auto_Control_Point)
    Get_Fire_MotorA_Measure_Point            0x0800197d   Thumb Code     4  can_1_receive.o(i.Get_Fire_MotorA_Measure_Point)
    Get_Fire_MotorB_Measure_Point            0x08001985   Thumb Code     4  can_1_receive.o(i.Get_Fire_MotorB_Measure_Point)
    Get_Pitch_Gimbal_Motor_Measure_Point     0x080019cd   Thumb Code     4  can_1_receive.o(i.Get_Pitch_Gimbal_Motor_Measure_Point)
    Get_Yaw_Gimbal_Motor_Measure_Point       0x080019d5   Thumb Code     4  can_2_receive.o(i.Get_Yaw_Gimbal_Motor_Measure_Point)
    Gimbal_Auto                              0x080019dd   Thumb Code   142  gimbal_behaviour.o(i.Gimbal_Auto)
    Gimbal_Automatic_Work                    0x08001af1   Thumb Code   132  task_gimbal.o(i.Gimbal_Automatic_Work)
    Gimbal_Manual_Work                       0x08001b75   Thumb Code   222  task_gimbal.o(i.Gimbal_Manual_Work)
    Gimbal_Stop                              0x08001e1d   Thumb Code    62  gimbal_behaviour.o(i.Gimbal_Stop)
    Gimbal_behaviour_mode_set                0x08001e71   Thumb Code   168  gimbal_behaviour.o(i.Gimbal_behaviour_mode_set)
    HAL_DMA_Abort                            0x080020d5   Thumb Code  1236  stm32h7xx_hal_dma.o(i.HAL_DMA_Abort)
    HAL_DMA_Abort_IT                         0x080025b1   Thumb Code   906  stm32h7xx_hal_dma.o(i.HAL_DMA_Abort_IT)
    HAL_DMA_IRQHandler                       0x08002949   Thumb Code  2800  stm32h7xx_hal_dma.o(i.HAL_DMA_IRQHandler)
    HAL_DMA_Init                             0x08003441   Thumb Code  1304  stm32h7xx_hal_dma.o(i.HAL_DMA_Init)
    HAL_DMA_Start_IT                         0x08003961   Thumb Code   980  stm32h7xx_hal_dma.o(i.HAL_DMA_Start_IT)
    HAL_FDCAN_ActivateNotification           0x08003d41   Thumb Code   158  stm32h7xx_hal_fdcan.o(i.HAL_FDCAN_ActivateNotification)
    HAL_FDCAN_AddMessageToTxFifoQ            0x08003de9   Thumb Code   144  stm32h7xx_hal_fdcan.o(i.HAL_FDCAN_AddMessageToTxFifoQ)
    HAL_FDCAN_ClockCalibrationCallback       0x08003e79   Thumb Code     2  stm32h7xx_hal_fdcan.o(i.HAL_FDCAN_ClockCalibrationCallback)
    HAL_FDCAN_ConfigFilter                   0x08003e7b   Thumb Code   168  stm32h7xx_hal_fdcan.o(i.HAL_FDCAN_ConfigFilter)
    HAL_FDCAN_ConfigGlobalFilter             0x08003f23   Thumb Code    52  stm32h7xx_hal_fdcan.o(i.HAL_FDCAN_ConfigGlobalFilter)
    HAL_FDCAN_ConfigRxFifoOverwrite          0x08003f57   Thumb Code    74  stm32h7xx_hal_fdcan.o(i.HAL_FDCAN_ConfigRxFifoOverwrite)
    HAL_FDCAN_ErrorCallback                  0x08003fa1   Thumb Code     2  stm32h7xx_hal_fdcan.o(i.HAL_FDCAN_ErrorCallback)
    HAL_FDCAN_ErrorStatusCallback            0x08003fa3   Thumb Code     2  stm32h7xx_hal_fdcan.o(i.HAL_FDCAN_ErrorStatusCallback)
    HAL_FDCAN_HighPriorityMessageCallback    0x08003fa5   Thumb Code     2  stm32h7xx_hal_fdcan.o(i.HAL_FDCAN_HighPriorityMessageCallback)
    HAL_FDCAN_IRQHandler                     0x08003fa9   Thumb Code   990  stm32h7xx_hal_fdcan.o(i.HAL_FDCAN_IRQHandler)
    HAL_FDCAN_Init                           0x08004395   Thumb Code   726  stm32h7xx_hal_fdcan.o(i.HAL_FDCAN_Init)
    HAL_FDCAN_MspInit                        0x08004675   Thumb Code   384  fdcan.o(i.HAL_FDCAN_MspInit)
    HAL_FDCAN_RxBufferNewMessageCallback     0x0800480d   Thumb Code     2  stm32h7xx_hal_fdcan.o(i.HAL_FDCAN_RxBufferNewMessageCallback)
    HAL_FDCAN_RxFifo0Callback                0x0800480f   Thumb Code     2  stm32h7xx_hal_fdcan.o(i.HAL_FDCAN_RxFifo0Callback)
    HAL_FDCAN_RxFifo1Callback                0x08004811   Thumb Code     2  stm32h7xx_hal_fdcan.o(i.HAL_FDCAN_RxFifo1Callback)
    HAL_FDCAN_Start                          0x08004813   Thumb Code    52  stm32h7xx_hal_fdcan.o(i.HAL_FDCAN_Start)
    HAL_FDCAN_TT_GlobalTimeCallback          0x08004847   Thumb Code     2  stm32h7xx_hal_fdcan.o(i.HAL_FDCAN_TT_GlobalTimeCallback)
    HAL_FDCAN_TT_ScheduleSyncCallback        0x08004849   Thumb Code     2  stm32h7xx_hal_fdcan.o(i.HAL_FDCAN_TT_ScheduleSyncCallback)
    HAL_FDCAN_TT_StopWatchCallback           0x0800484b   Thumb Code     2  stm32h7xx_hal_fdcan.o(i.HAL_FDCAN_TT_StopWatchCallback)
    HAL_FDCAN_TT_TimeMarkCallback            0x0800484d   Thumb Code     2  stm32h7xx_hal_fdcan.o(i.HAL_FDCAN_TT_TimeMarkCallback)
    HAL_FDCAN_TimeoutOccurredCallback        0x0800484f   Thumb Code     2  stm32h7xx_hal_fdcan.o(i.HAL_FDCAN_TimeoutOccurredCallback)
    HAL_FDCAN_TimestampWraparoundCallback    0x08004851   Thumb Code     2  stm32h7xx_hal_fdcan.o(i.HAL_FDCAN_TimestampWraparoundCallback)
    HAL_FDCAN_TxBufferAbortCallback          0x08004853   Thumb Code     2  stm32h7xx_hal_fdcan.o(i.HAL_FDCAN_TxBufferAbortCallback)
    HAL_FDCAN_TxBufferCompleteCallback       0x08004855   Thumb Code     2  stm32h7xx_hal_fdcan.o(i.HAL_FDCAN_TxBufferCompleteCallback)
    HAL_FDCAN_TxEventFifoCallback            0x08004857   Thumb Code     2  stm32h7xx_hal_fdcan.o(i.HAL_FDCAN_TxEventFifoCallback)
    HAL_FDCAN_TxFifoEmptyCallback            0x08004859   Thumb Code     2  stm32h7xx_hal_fdcan.o(i.HAL_FDCAN_TxFifoEmptyCallback)
    HAL_GPIO_Init                            0x0800485d   Thumb Code   468  stm32h7xx_hal_gpio.o(i.HAL_GPIO_Init)
    HAL_GPIO_ReadPin                         0x08004a65   Thumb Code    16  stm32h7xx_hal_gpio.o(i.HAL_GPIO_ReadPin)
    HAL_GPIO_WritePin                        0x08004a75   Thumb Code    12  stm32h7xx_hal_gpio.o(i.HAL_GPIO_WritePin)
    HAL_GetREVID                             0x08004a81   Thumb Code     8  stm32h7xx_hal.o(i.HAL_GetREVID)
    HAL_GetTick                              0x08004a8d   Thumb Code     6  stm32h7xx_hal.o(i.HAL_GetTick)
    HAL_IncTick                              0x08004a99   Thumb Code    16  stm32h7xx_hal.o(i.HAL_IncTick)
    HAL_Init                                 0x08004ab1   Thumb Code    80  stm32h7xx_hal.o(i.HAL_Init)
    HAL_InitTick                             0x08004b11   Thumb Code   142  stm32h7xx_hal_timebase_tim.o(i.HAL_InitTick)
    HAL_MspInit                              0x08004bb1   Thumb Code    42  stm32h7xx_hal_msp.o(i.HAL_MspInit)
    HAL_NVIC_EnableIRQ                       0x08004be1   Thumb Code    40  stm32h7xx_hal_cortex.o(i.HAL_NVIC_EnableIRQ)
    HAL_NVIC_SetPriority                     0x08004c09   Thumb Code   122  stm32h7xx_hal_cortex.o(i.HAL_NVIC_SetPriority)
    HAL_NVIC_SetPriorityGrouping             0x08004c85   Thumb Code    32  stm32h7xx_hal_cortex.o(i.HAL_NVIC_SetPriorityGrouping)
    HAL_PWREx_ConfigSupply                   0x08004cad   Thumb Code    90  stm32h7xx_hal_pwr_ex.o(i.HAL_PWREx_ConfigSupply)
    HAL_RCCEx_GetD3PCLK1Freq                 0x08004d0d   Thumb Code    26  stm32h7xx_hal_rcc_ex.o(i.HAL_RCCEx_GetD3PCLK1Freq)
    HAL_RCCEx_GetPLL2ClockFreq               0x08004d31   Thumb Code   536  stm32h7xx_hal_rcc_ex.o(i.HAL_RCCEx_GetPLL2ClockFreq)
    HAL_RCCEx_GetPLL3ClockFreq               0x08004f61   Thumb Code   536  stm32h7xx_hal_rcc_ex.o(i.HAL_RCCEx_GetPLL3ClockFreq)
    HAL_RCCEx_PeriphCLKConfig                0x08005191   Thumb Code  2910  stm32h7xx_hal_rcc_ex.o(i.HAL_RCCEx_PeriphCLKConfig)
    HAL_RCC_ClockConfig                      0x08005cf5   Thumb Code   774  stm32h7xx_hal_rcc.o(i.HAL_RCC_ClockConfig)
    HAL_RCC_GetClockConfig                   0x08006015   Thumb Code    98  stm32h7xx_hal_rcc.o(i.HAL_RCC_GetClockConfig)
    HAL_RCC_GetHCLKFreq                      0x08006081   Thumb Code    60  stm32h7xx_hal_rcc.o(i.HAL_RCC_GetHCLKFreq)
    HAL_RCC_GetPCLK1Freq                     0x080060cd   Thumb Code    26  stm32h7xx_hal_rcc.o(i.HAL_RCC_GetPCLK1Freq)
    HAL_RCC_GetPCLK2Freq                     0x080060f1   Thumb Code    26  stm32h7xx_hal_rcc.o(i.HAL_RCC_GetPCLK2Freq)
    HAL_RCC_GetSysClockFreq                  0x08006115   Thumb Code   524  stm32h7xx_hal_rcc.o(i.HAL_RCC_GetSysClockFreq)
    HAL_RCC_OscConfig                        0x08006341   Thumb Code  2010  stm32h7xx_hal_rcc.o(i.HAL_RCC_OscConfig)
    HAL_RNG_GenerateRandomNumber             0x08006b25   Thumb Code   124  stm32h7xx_hal_rng.o(i.HAL_RNG_GenerateRandomNumber)
    HAL_RNG_Init                             0x08006ba1   Thumb Code   128  stm32h7xx_hal_rng.o(i.HAL_RNG_Init)
    HAL_RNG_MspInit                          0x08006c21   Thumb Code    76  rng.o(i.HAL_RNG_MspInit)
    HAL_SPI_Init                             0x08006c75   Thumb Code   366  stm32h7xx_hal_spi.o(i.HAL_SPI_Init)
    HAL_SPI_MspInit                          0x08006df1   Thumb Code   224  spi.o(i.HAL_SPI_MspInit)
    HAL_TIMEx_Break2Callback                 0x08006ee1   Thumb Code     2  stm32h7xx_hal_tim_ex.o(i.HAL_TIMEx_Break2Callback)
    HAL_TIMEx_BreakCallback                  0x08006ee3   Thumb Code     2  stm32h7xx_hal_tim_ex.o(i.HAL_TIMEx_BreakCallback)
    HAL_TIMEx_CommutCallback                 0x08006ee5   Thumb Code     2  stm32h7xx_hal_tim_ex.o(i.HAL_TIMEx_CommutCallback)
    HAL_TIM_Base_Init                        0x08006ee7   Thumb Code   110  stm32h7xx_hal_tim.o(i.HAL_TIM_Base_Init)
    HAL_TIM_Base_MspInit                     0x08006f55   Thumb Code     2  stm32h7xx_hal_tim.o(i.HAL_TIM_Base_MspInit)
    HAL_TIM_Base_Start_IT                    0x08006f59   Thumb Code   138  stm32h7xx_hal_tim.o(i.HAL_TIM_Base_Start_IT)
    HAL_TIM_IC_CaptureCallback               0x08007001   Thumb Code     2  stm32h7xx_hal_tim.o(i.HAL_TIM_IC_CaptureCallback)
    HAL_TIM_IRQHandler                       0x08007003   Thumb Code   440  stm32h7xx_hal_tim.o(i.HAL_TIM_IRQHandler)
    HAL_TIM_OC_DelayElapsedCallback          0x080071bb   Thumb Code     2  stm32h7xx_hal_tim.o(i.HAL_TIM_OC_DelayElapsedCallback)
    HAL_TIM_PWM_PulseFinishedCallback        0x080071bd   Thumb Code     2  stm32h7xx_hal_tim.o(i.HAL_TIM_PWM_PulseFinishedCallback)
    HAL_TIM_PeriodElapsedCallback            0x080071bf   Thumb Code    18  main.o(i.HAL_TIM_PeriodElapsedCallback)
    HAL_TIM_TriggerCallback                  0x080071d1   Thumb Code     2  stm32h7xx_hal_tim.o(i.HAL_TIM_TriggerCallback)
    HAL_UARTEx_DisableFifoMode               0x080071d3   Thumb Code    78  stm32h7xx_hal_uart_ex.o(i.HAL_UARTEx_DisableFifoMode)
    HAL_UARTEx_RxEventCallback               0x08007221   Thumb Code     2  stm32h7xx_hal_uart.o(i.HAL_UARTEx_RxEventCallback)
    HAL_UARTEx_RxFifoFullCallback            0x08007223   Thumb Code     2  stm32h7xx_hal_uart_ex.o(i.HAL_UARTEx_RxFifoFullCallback)
    HAL_UARTEx_SetRxFifoThreshold            0x08007225   Thumb Code    94  stm32h7xx_hal_uart_ex.o(i.HAL_UARTEx_SetRxFifoThreshold)
    HAL_UARTEx_SetTxFifoThreshold            0x08007283   Thumb Code    94  stm32h7xx_hal_uart_ex.o(i.HAL_UARTEx_SetTxFifoThreshold)
    HAL_UARTEx_TxFifoEmptyCallback           0x080072e1   Thumb Code     2  stm32h7xx_hal_uart_ex.o(i.HAL_UARTEx_TxFifoEmptyCallback)
    HAL_UARTEx_WakeupCallback                0x080072e3   Thumb Code     2  stm32h7xx_hal_uart_ex.o(i.HAL_UARTEx_WakeupCallback)
    HAL_UART_ErrorCallback                   0x080072e5   Thumb Code     2  stm32h7xx_hal_uart.o(i.HAL_UART_ErrorCallback)
    HAL_UART_IRQHandler                      0x080072e9   Thumb Code   960  stm32h7xx_hal_uart.o(i.HAL_UART_IRQHandler)
    HAL_UART_Init                            0x080076bd   Thumb Code   120  stm32h7xx_hal_uart.o(i.HAL_UART_Init)
    HAL_UART_MspInit                         0x08007735   Thumb Code  1320  usart.o(i.HAL_UART_MspInit)
    HAL_UART_Receive_DMA                     0x08007c71   Thumb Code    96  stm32h7xx_hal_uart.o(i.HAL_UART_Receive_DMA)
    HAL_UART_Receive_IT                      0x08007cd5   Thumb Code    96  stm32h7xx_hal_uart.o(i.HAL_UART_Receive_IT)
    HAL_UART_RxCpltCallback                  0x08007d39   Thumb Code     2  stm32h7xx_hal_uart.o(i.HAL_UART_RxCpltCallback)
    HAL_UART_RxHalfCpltCallback              0x08007d3b   Thumb Code     2  stm32h7xx_hal_uart.o(i.HAL_UART_RxHalfCpltCallback)
    HAL_UART_TxCpltCallback                  0x08007d3d   Thumb Code     2  stm32h7xx_hal_uart.o(i.HAL_UART_TxCpltCallback)
    HardFault_Handler                        0x08007d3f   Thumb Code     4  stm32h7xx_it.o(i.HardFault_Handler)
    Led_Task                                 0x08007d45   Thumb Code    56  task_led.o(i.Led_Task)
    Location_Pid_Int32                       0x08007d81   Thumb Code   218  pid.o(i.Location_Pid_Int32)
    MX_DMA_Init                              0x08007e61   Thumb Code   186  dma.o(i.MX_DMA_Init)
    MX_FDCAN1_Init                           0x08007f21   Thumb Code   122  fdcan.o(i.MX_FDCAN1_Init)
    MX_FDCAN2_Init                           0x08007fa5   Thumb Code   124  fdcan.o(i.MX_FDCAN2_Init)
    MX_FREERTOS_Init                         0x08008029   Thumb Code   150  freertos.o(i.MX_FREERTOS_Init)
    MX_GPIO_Init                             0x080080dd   Thumb Code   298  gpio.o(i.MX_GPIO_Init)
    MX_RNG_Init                              0x08008219   Thumb Code    26  rng.o(i.MX_RNG_Init)
    MX_SPI2_Init                             0x0800823d   Thumb Code    88  spi.o(i.MX_SPI2_Init)
    MX_UART4_Init                            0x0800829d   Thumb Code    98  usart.o(i.MX_UART4_Init)
    MX_USART1_UART_Init                      0x08008309   Thumb Code   104  usart.o(i.MX_USART1_UART_Init)
    MX_USART2_UART_Init                      0x0800837d   Thumb Code    98  usart.o(i.MX_USART2_UART_Init)
    MX_USART3_UART_Init                      0x080083e9   Thumb Code    98  usart.o(i.MX_USART3_UART_Init)
    MX_USART6_UART_Init                      0x08008455   Thumb Code    98  usart.o(i.MX_USART6_UART_Init)
    MemManage_Handler                        0x080084c1   Thumb Code     4  stm32h7xx_it.o(i.MemManage_Handler)
    MiniPC_Data_Deal                         0x080084c5   Thumb Code   156  automatic_strike.o(i.MiniPC_Data_Deal)
    Motor_Position_Speed_Control             0x0800856d   Thumb Code   100  rmmotor.o(i.Motor_Position_Speed_Control)
    NMI_Handler                              0x080085d1   Thumb Code     4  stm32h7xx_it.o(i.NMI_Handler)
    RC_Init                                  0x0800889d   Thumb Code   296  remotecontrol.o(i.RC_Init)
    RC_data_is_error                         0x080089f1   Thumb Code   146  remotecontrol.o(i.RC_data_is_error)
    RNG_Get_RandomRange                      0x08008a89   Thumb Code    32  sysinit.o(i.RNG_Get_RandomRange)
    Remote_Task                              0x08008aad   Thumb Code    48  remotecontrol.o(i.Remote_Task)
    Remote_reload                            0x08008ae9   Thumb Code    36  remotecontrol.o(i.Remote_reload)
    Return_Fire_Mode                         0x08008b11   Thumb Code    44  gimbal_behaviour.o(i.Return_Fire_Mode)
    Return_Friction_Wheel_Mode               0x08008b41   Thumb Code    34  gimbal_behaviour.o(i.Return_Friction_Wheel_Mode)
    Return_gimbal_mode                       0x08008b69   Thumb Code     6  task_gimbal.o(i.Return_gimbal_mode)
    Rmmotor_Speed_control                    0x08008b75   Thumb Code    72  rmmotor.o(i.Rmmotor_Speed_control)
    SAFE_TASK                                0x08008bbd   Thumb Code    16  task_safe.o(i.SAFE_TASK)
    Sliding_Mean_Filter                      0x08008be9   Thumb Code   138  maths.o(i.Sliding_Mean_Filter)
    Sliding_Mean_Filter_Init                 0x08008c79   Thumb Code    70  maths.o(i.Sliding_Mean_Filter_Init)
    StartDefaultTask                         0x08008cc5   Thumb Code    10  freertos.o(i.StartDefaultTask)
    SysTick_Handler                          0x08008cd1   Thumb Code    46  port.o(i.SysTick_Handler)
    SystemClock_Config                       0x08008d05   Thumb Code   222  main.o(i.SystemClock_Config)
    SystemInit                               0x08008df1   Thumb Code   220  system_stm32h7xx.o(i.SystemInit)
    System_init                              0x08008ef5   Thumb Code    28  sysinit.o(i.System_init)
    TIM2_IRQHandler                          0x08008f11   Thumb Code    10  stm32h7xx_it.o(i.TIM2_IRQHandler)
    TIM_Base_SetConfig                       0x08008f21   Thumb Code   170  stm32h7xx_hal_tim.o(i.TIM_Base_SetConfig)
    UART_AdvFeatureConfig                    0x08009045   Thumb Code   248  stm32h7xx_hal_uart.o(i.UART_AdvFeatureConfig)
    UART_CheckIdleState                      0x0800913d   Thumb Code   118  stm32h7xx_hal_uart.o(i.UART_CheckIdleState)
    UART_SetConfig                           0x0800971d   Thumb Code  1404  stm32h7xx_hal_uart.o(i.UART_SetConfig)
    UART_Start_Receive_DMA                   0x08009ca9   Thumb Code   146  stm32h7xx_hal_uart.o(i.UART_Start_Receive_DMA)
    UART_Start_Receive_IT                    0x08009d49   Thumb Code   256  stm32h7xx_hal_uart.o(i.UART_Start_Receive_IT)
    UART_WaitOnFlagUntilTimeout              0x08009e59   Thumb Code   190  stm32h7xx_hal_uart.o(i.UART_WaitOnFlagUntilTimeout)
    USART1_IRQHandler                        0x08009f19   Thumb Code    16  stm32h7xx_it.o(i.USART1_IRQHandler)
    USART2_IRQHandler                        0x08009f2d   Thumb Code    16  stm32h7xx_it.o(i.USART2_IRQHandler)
    USART2_IRQHandler_callback               0x08009f41   Thumb Code   798  bsp_usart2.o(i.USART2_IRQHandler_callback)
    USART3_IRQHandler                        0x0800a279   Thumb Code    16  stm32h7xx_it.o(i.USART3_IRQHandler)
    USART6_IRQHandler                        0x0800a28d   Thumb Code    10  stm32h7xx_it.o(i.USART6_IRQHandler)
    USER_UART3_IRQHandler                    0x0800a29d   Thumb Code   764  automatic_strike.o(i.USER_UART3_IRQHandler)
    USER_UART_IRQHandler                     0x0800a5b1   Thumb Code    60  remotecontrol.o(i.USER_UART_IRQHandler)
    UsageFault_Handler                       0x0800a5f9   Thumb Code     4  stm32h7xx_it.o(i.UsageFault_Handler)
    __armlib_thread_safety_init              0x0800a635   Thumb Code    36  armlib_lock_glue.o(i.__armlib_thread_safety_init)
    _mutex_acquire                           0x0800a661   Thumb Code    66  armlib_lock_glue.o(i._mutex_acquire)
    _mutex_free                              0x0800a6a9   Thumb Code    64  armlib_lock_glue.o(i._mutex_free)
    _mutex_initialize                        0x0800a6ed   Thumb Code   116  armlib_lock_glue.o(i._mutex_initialize)
    _mutex_release                           0x0800a769   Thumb Code    66  armlib_lock_glue.o(i._mutex_release)
    _sys_exit                                0x0800a7b1   Thumb Code     6  usart.o(i._sys_exit)
    automatic_init                           0x0800a7b9   Thumb Code   330  automatic_strike.o(i.automatic_init)
    bsp_usart2_init                          0x0800a925   Thumb Code   334  bsp_usart2.o(i.bsp_usart2_init)
    chassis_app_init                         0x0800aa95   Thumb Code    30  chassis_app.o(i.chassis_app_init)
    chassis_behaviour_mode_set               0x0800aabd   Thumb Code   176  chassis_behaviour.o(i.chassis_behaviour_mode_set)
    chassis_set_remote                       0x0800adf9   Thumb Code   204  task_chassis.o(i.chassis_set_remote)
    fifo_init                                0x0800aec9   Thumb Code    32  fifo_buff.o(i.fifo_init)
    fifo_read_buff                           0x0800aee9   Thumb Code    86  fifo_buff.o(i.fifo_read_buff)
    fifo_write_buff                          0x0800af41   Thumb Code    94  fifo_buff.o(i.fifo_write_buff)
    first_order_filter                       0x0800afa5   Thumb Code    66  maths.o(i.first_order_filter)
    first_order_filter_init                  0x0800afe9   Thumb Code    44  maths.o(i.first_order_filter_init)
    float_abs                                0x0800b019   Thumb Code    20  maths.o(i.float_abs)
    float_limit                              0x0800b02d   Thumb Code    32  maths.o(i.float_limit)
    get_Chassis_Motor_Measure_Point          0x0800b04d   Thumb Code    18  can_1_receive.o(i.get_Chassis_Motor_Measure_Point)
    get_Fire_control_point                   0x0800b065   Thumb Code     4  task_fire.o(i.get_Fire_control_point)
    get_remote_control_point                 0x0800b06d   Thumb Code     4  remotecontrol.o(i.get_remote_control_point)
    gimbal_app_init                          0x0800b075   Thumb Code    30  gimbal_app.o(i.gimbal_app_init)
    hex2Float                                0x0800b0e1   Thumb Code    70  automatic_strike.o(i.hex2Float)
    int32_limit                              0x0800b131   Thumb Code    16  maths.o(i.int32_limit)
    loop_fp32_constrain                      0x0800b141   Thumb Code    96  maths.o(i.loop_fp32_constrain)
    main                                     0x0800b1a1   Thumb Code    68  main.o(i.main)
    motor_position_Stepping                  0x0800b201   Thumb Code   102  rmmotor.o(i.motor_position_Stepping)
    osDelay                                  0x0800b267   Thumb Code    24  cmsis_os.o(i.osDelay)
    osKernelStart                            0x0800b27f   Thumb Code    10  cmsis_os.o(i.osKernelStart)
    osThreadCreate                           0x0800b289   Thumb Code    94  cmsis_os.o(i.osThreadCreate)
    pid_init                                 0x0800b2e9   Thumb Code   112  pid.o(i.pid_init)
    pid_regulator                            0x0800b35d   Thumb Code   310  pid.o(i.pid_regulator)
    pvPortMalloc                             0x0800b915   Thumb Code   306  heap_4.o(i.pvPortMalloc)
    pxPortInitialiseStack                    0x0800ba61   Thumb Code    38  port.o(i.pxPortInitialiseStack)
    remote_control_init                      0x0800ba8d   Thumb Code    22  remotecontrol.o(i.remote_control_init)
    shoot_hot_limit                          0x0800bb8d   Thumb Code    12  task_fire.o(i.shoot_hot_limit)
    step_in_processing                       0x0800bbc1   Thumb Code   138  pid.o(i.step_in_processing)
    uxListRemove                             0x0800bdf1   Thumb Code    40  list.o(i.uxListRemove)
    vApplicationGetIdleTaskMemory            0x0800be19   Thumb Code    14  freertos.o(i.vApplicationGetIdleTaskMemory)
    vListInitialise                          0x0800be31   Thumb Code    26  list.o(i.vListInitialise)
    vListInitialiseItem                      0x0800be4b   Thumb Code     6  list.o(i.vListInitialiseItem)
    vListInsert                              0x0800be51   Thumb Code    52  list.o(i.vListInsert)
    vListInsertEnd                           0x0800be85   Thumb Code    24  list.o(i.vListInsertEnd)
    vPortEnterCritical                       0x0800be9d   Thumb Code    76  port.o(i.vPortEnterCritical)
    vPortExitCritical                        0x0800bef1   Thumb Code    56  port.o(i.vPortExitCritical)
    vPortFree                                0x0800bf2d   Thumb Code   150  heap_4.o(i.vPortFree)
    vPortSetupTimerInterrupt                 0x0800bfd1   Thumb Code    36  port.o(i.vPortSetupTimerInterrupt)
    vTaskDelay                               0x0800bff9   Thumb Code    82  tasks.o(i.vTaskDelay)
    vTaskStartScheduler                      0x0800c055   Thumb Code   146  tasks.o(i.vTaskStartScheduler)
    vTaskSuspendAll                          0x0800c105   Thumb Code    12  tasks.o(i.vTaskSuspendAll)
    vTaskSwitchContext                       0x0800c115   Thumb Code   118  tasks.o(i.vTaskSwitchContext)
    xPortStartScheduler                      0x0800c1a1   Thumb Code   330  port.o(i.xPortStartScheduler)
    xTaskCreate                              0x0800c309   Thumb Code   100  tasks.o(i.xTaskCreate)
    xTaskCreateStatic                        0x0800c36d   Thumb Code   186  tasks.o(i.xTaskCreateStatic)
    xTaskIncrementTick                       0x0800c429   Thumb Code   282  tasks.o(i.xTaskIncrementTick)
    xTaskResumeAll                           0x0800c571   Thumb Code   224  tasks.o(i.xTaskResumeAll)
    _fp_init                                 0x0800c675   Thumb Code    10  fpinit.o(x$fpl$fpinit)
    __fplib_config_fpu_vfp                   0x0800c67d   Thumb Code     0  fpinit.o(x$fpl$fpinit)
    __fplib_config_pureend_doubles           0x0800c67d   Thumb Code     0  fpinit.o(x$fpl$fpinit)
    UARTPrescTable                           0x0800c78c   Data          24  stm32h7xx_hal_uart.o(.constdata)
    D1CorePrescTable                         0x0800c7b4   Data          16  system_stm32h7xx.o(.constdata)
    Region$$Table$$Base                      0x0800c858   Number         0  anon$$obj.o(Region$$Table)
    Region$$Table$$Limit                     0x0800c878   Number         0  anon$$obj.o(Region$$Table)
    SHT$$INIT_ARRAY$$Base                    0x0800c878   Number         0  armlib_lock_glue.o(.init_array)
    SHT$$INIT_ARRAY$$Limit                   0x0800c87c   Number         0  init_aeabi.o(.init_array)
    defaultTaskHandle                        0x24000000   Data           4  freertos.o(.data)
    FireTaskHandle                           0x24000004   Data           4  freertos.o(.data)
    LedTaskHandle                            0x24000008   Data           4  freertos.o(.data)
    DetectTASKHandle                         0x2400000c   Data           4  freertos.o(.data)
    SAFETASKHandle                           0x24000010   Data           4  freertos.o(.data)
    RemoteTaskHandle                         0x24000014   Data           4  freertos.o(.data)
    uwTick                                   0x2400001c   Data           4  stm32h7xx_hal.o(.data)
    uwTickPrio                               0x24000020   Data           4  stm32h7xx_hal.o(.data)
    uwTickFreq                               0x24000024   Data           1  stm32h7xx_hal.o(.data)
    SystemCoreClock                          0x24000028   Data           4  system_stm32h7xx.o(.data)
    SystemD2Clock                            0x2400002c   Data           4  system_stm32h7xx.o(.data)
    pxCurrentTCB                             0x24000030   Data           4  tasks.o(.data)
    rng                                      0x240000a4   Data           4  task_fire.o(.data)
    ChassisTaskHandle                        0x240000b8   Data           4  chassis_app.o(.data)
    GIMBALTASKHandle                         0x240000bc   Data           4  gimbal_app.o(.data)
    chassis_remote_control_Table             0x240000d0   Data           9  chassis_behaviour.o(.data)
    back                                     0x240000d9   Data           1  chassis_behaviour.o(.data)
    forward                                  0x240000da   Data           1  chassis_behaviour.o(.data)
    gimbal_remote_control_Table              0x240000e0   Data           9  gimbal_behaviour.o(.data)
    Auto_Yaw_Angle_Target                    0x24000100   Data           4  gimbal_behaviour.o(.data)
    Auto_Pitch_Angle_Target                  0x24000104   Data           4  gimbal_behaviour.o(.data)
    pfifo_remote                             0x24000108   Data           4  remotecontrol.o(.data)
    app                                      0x2400010c   Data           1  sysinit.o(.data)
    abc                                      0x24000110   Data           4  fifo_buff.o(.data)
    hfdcan1                                  0x240003f4   Data         160  fdcan.o(.bss)
    hfdcan2                                  0x24000494   Data         160  fdcan.o(.bss)
    hrng                                     0x24000534   Data          20  rng.o(.bss)
    hspi2                                    0x24000548   Data         136  spi.o(.bss)
    Usart2_Rx2                               0x240005d0   Data         256  usart.o(.bss)
    huart4                                   0x240006d0   Data         144  usart.o(.bss)
    huart1                                   0x24000760   Data         144  usart.o(.bss)
    huart2                                   0x240007f0   Data         144  usart.o(.bss)
    huart3                                   0x24000880   Data         144  usart.o(.bss)
    huart6                                   0x24000910   Data         144  usart.o(.bss)
    hdma_usart1_rx                           0x240009a0   Data         120  usart.o(.bss)
    hdma_usart1_tx                           0x24000a18   Data         120  usart.o(.bss)
    hdma_usart2_rx                           0x24000a90   Data         120  usart.o(.bss)
    hdma_usart2_tx                           0x24000b08   Data         120  usart.o(.bss)
    hdma_usart3_rx                           0x24000b80   Data         120  usart.o(.bss)
    hdma_usart3_tx                           0x24000bf8   Data         120  usart.o(.bss)
    hdma_usart6_rx                           0x24000c70   Data         120  usart.o(.bss)
    hdma_usart6_tx                           0x24000ce8   Data         120  usart.o(.bss)
    htim2                                    0x24000d60   Data          76  stm32h7xx_hal_timebase_tim.o(.bss)
    Fire_param                               0x24004a9c   Data         224  task_fire.o(.bss)
    chassis_control                          0x24004b7c   Data         656  task_chassis.o(.bss)
    gimbal_control                           0x24004e0c   Data        3020  task_gimbal.o(.bss)
    fifo_usart3_rx                           0x24005a20   Data          20  automatic_strike.o(.bss)
    fifo_usart3_tx                           0x24005a34   Data          20  automatic_strike.o(.bss)
    Vision_Auto_Data                         0x24005ac8   Data          48  automatic_strike.o(.bss)
    motor_chassis                            0x24005af8   Data         112  can_1_receive.o(.bss)
    motor_pitch                              0x24005ba0   Data          28  can_1_receive.o(.bss)
    fifo_usart1_rx                           0x24005bd8   Data          20  remotecontrol.o(.bss)
    fifo_usart1_tx                           0x24005bec   Data          20  remotecontrol.o(.bss)
    rc_ctrl                                  0x24005c00   Data          22  remotecontrol.o(.bss)
    Usart1_Rx                                0x24005c7e   Data          32  remotecontrol.o(.bss)
    Usart1_Rx_Buffer                         0x24005c9e   Data         256  remotecontrol.o(.bss)
    fifo_usart2_rx                           0x240063c0   Data          20  bsp_usart2.o(.bss)
    fifo_usart2_tx                           0x240063d4   Data          20  bsp_usart2.o(.bss)
    __libspace_start                         0x240063e8   Data          96  libspace.o(.bss)
    __temporary_stack_top$libspace           0x24006448   Data           0  libspace.o(.bss)



==============================================================================

Memory Map of the image

  Image Entry point : 0x08000299

  Load Region LR_IROM1 (Base: 0x08000000, Size: 0x0000c990, Max: 0x00020000, ABSOLUTE)

    Execution Region ER_IROM1 (Exec base: 0x08000000, Load base: 0x08000000, Size: 0x0000c87c, Max: 0x00020000, ABSOLUTE)

    Exec Addr    Load Addr    Size         Type   Attr      Idx    E Section Name        Object

    0x08000000   0x08000000   0x00000298   Data   RO            3    RESET               startup_stm32h750xx.o
    0x08000298   0x08000298   0x00000008   Code   RO         9081  * !!!main             c_w.l(__main.o)
    0x080002a0   0x080002a0   0x00000034   Code   RO         9375    !!!scatter          c_w.l(__scatter.o)
    0x080002d4   0x080002d4   0x0000001a   Code   RO         9377    !!handler_copy      c_w.l(__scatter_copy.o)
    0x080002ee   0x080002ee   0x00000002   PAD
    0x080002f0   0x080002f0   0x0000001c   Code   RO         9379    !!handler_zi        c_w.l(__scatter_zi.o)
    0x0800030c   0x0800030c   0x00000002   Code   RO         9290    .ARM.Collect$$libinit$$00000000  c_w.l(libinit.o)
    0x0800030e   0x0800030e   0x00000004   Code   RO         9145    .ARM.Collect$$libinit$$00000001  c_w.l(libinit2.o)
    0x08000312   0x08000312   0x00000000   Code   RO         9148    .ARM.Collect$$libinit$$00000004  c_w.l(libinit2.o)
    0x08000312   0x08000312   0x00000000   Code   RO         9151    .ARM.Collect$$libinit$$0000000A  c_w.l(libinit2.o)
    0x08000312   0x08000312   0x00000000   Code   RO         9153    .ARM.Collect$$libinit$$0000000C  c_w.l(libinit2.o)
    0x08000312   0x08000312   0x00000000   Code   RO         9155    .ARM.Collect$$libinit$$0000000E  c_w.l(libinit2.o)
    0x08000312   0x08000312   0x00000000   Code   RO         9158    .ARM.Collect$$libinit$$00000011  c_w.l(libinit2.o)
    0x08000312   0x08000312   0x00000000   Code   RO         9160    .ARM.Collect$$libinit$$00000013  c_w.l(libinit2.o)
    0x08000312   0x08000312   0x00000000   Code   RO         9162    .ARM.Collect$$libinit$$00000015  c_w.l(libinit2.o)
    0x08000312   0x08000312   0x00000000   Code   RO         9164    .ARM.Collect$$libinit$$00000017  c_w.l(libinit2.o)
    0x08000312   0x08000312   0x00000000   Code   RO         9166    .ARM.Collect$$libinit$$00000019  c_w.l(libinit2.o)
    0x08000312   0x08000312   0x00000000   Code   RO         9168    .ARM.Collect$$libinit$$0000001B  c_w.l(libinit2.o)
    0x08000312   0x08000312   0x00000000   Code   RO         9170    .ARM.Collect$$libinit$$0000001D  c_w.l(libinit2.o)
    0x08000312   0x08000312   0x00000000   Code   RO         9172    .ARM.Collect$$libinit$$0000001F  c_w.l(libinit2.o)
    0x08000312   0x08000312   0x00000000   Code   RO         9174    .ARM.Collect$$libinit$$00000021  c_w.l(libinit2.o)
    0x08000312   0x08000312   0x00000000   Code   RO         9176    .ARM.Collect$$libinit$$00000023  c_w.l(libinit2.o)
    0x08000312   0x08000312   0x00000000   Code   RO         9178    .ARM.Collect$$libinit$$00000025  c_w.l(libinit2.o)
    0x08000312   0x08000312   0x00000000   Code   RO         9182    .ARM.Collect$$libinit$$0000002C  c_w.l(libinit2.o)
    0x08000312   0x08000312   0x00000000   Code   RO         9184    .ARM.Collect$$libinit$$0000002E  c_w.l(libinit2.o)
    0x08000312   0x08000312   0x00000000   Code   RO         9186    .ARM.Collect$$libinit$$00000030  c_w.l(libinit2.o)
    0x08000312   0x08000312   0x00000004   Code   RO         9187    .ARM.Collect$$libinit$$00000031  c_w.l(libinit2.o)
    0x08000316   0x08000316   0x00000000   Code   RO         9188    .ARM.Collect$$libinit$$00000032  c_w.l(libinit2.o)
    0x08000316   0x08000316   0x00000002   Code   RO         9189    .ARM.Collect$$libinit$$00000033  c_w.l(libinit2.o)
    0x08000318   0x08000318   0x00000002   Code   RO         9340    .ARM.Collect$$libshutdown$$00000000  c_w.l(libshutdown.o)
    0x0800031a   0x0800031a   0x00000000   Code   RO         9356    .ARM.Collect$$libshutdown$$00000002  c_w.l(libshutdown2.o)
    0x0800031a   0x0800031a   0x00000000   Code   RO         9358    .ARM.Collect$$libshutdown$$00000004  c_w.l(libshutdown2.o)
    0x0800031a   0x0800031a   0x00000000   Code   RO         9360    .ARM.Collect$$libshutdown$$00000006  c_w.l(libshutdown2.o)
    0x0800031a   0x0800031a   0x00000000   Code   RO         9363    .ARM.Collect$$libshutdown$$00000009  c_w.l(libshutdown2.o)
    0x0800031a   0x0800031a   0x00000000   Code   RO         9366    .ARM.Collect$$libshutdown$$0000000C  c_w.l(libshutdown2.o)
    0x0800031a   0x0800031a   0x00000000   Code   RO         9368    .ARM.Collect$$libshutdown$$0000000E  c_w.l(libshutdown2.o)
    0x0800031a   0x0800031a   0x00000000   Code   RO         9371    .ARM.Collect$$libshutdown$$00000011  c_w.l(libshutdown2.o)
    0x0800031a   0x0800031a   0x00000002   Code   RO         9372    .ARM.Collect$$libshutdown$$00000012  c_w.l(libshutdown2.o)
    0x0800031c   0x0800031c   0x00000000   Code   RO         9091    .ARM.Collect$$rtentry$$00000000  c_w.l(__rtentry.o)
    0x0800031c   0x0800031c   0x00000000   Code   RO         9199    .ARM.Collect$$rtentry$$00000002  c_w.l(__rtentry2.o)
    0x0800031c   0x0800031c   0x00000006   Code   RO         9211    .ARM.Collect$$rtentry$$00000004  c_w.l(__rtentry4.o)
    0x08000322   0x08000322   0x00000000   Code   RO         9201    .ARM.Collect$$rtentry$$00000009  c_w.l(__rtentry2.o)
    0x08000322   0x08000322   0x00000004   Code   RO         9202    .ARM.Collect$$rtentry$$0000000A  c_w.l(__rtentry2.o)
    0x08000326   0x08000326   0x00000000   Code   RO         9204    .ARM.Collect$$rtentry$$0000000C  c_w.l(__rtentry2.o)
    0x08000326   0x08000326   0x00000008   Code   RO         9205    .ARM.Collect$$rtentry$$0000000D  c_w.l(__rtentry2.o)
    0x0800032e   0x0800032e   0x00000002   Code   RO         9301    .ARM.Collect$$rtexit$$00000000  c_w.l(rtexit.o)
    0x08000330   0x08000330   0x00000000   Code   RO         9322    .ARM.Collect$$rtexit$$00000002  c_w.l(rtexit2.o)
    0x08000330   0x08000330   0x00000004   Code   RO         9323    .ARM.Collect$$rtexit$$00000003  c_w.l(rtexit2.o)
    0x08000334   0x08000334   0x00000006   Code   RO         9324    .ARM.Collect$$rtexit$$00000004  c_w.l(rtexit2.o)
    0x0800033a   0x0800033a   0x00000002   PAD
    0x0800033c   0x0800033c   0x000000be   Code   RO         7591    .emb_text           port.o
    0x080003fa   0x080003fa   0x00000002   PAD
    0x080003fc   0x080003fc   0x00000040   Code   RO            4    .text               startup_stm32h750xx.o
    0x0800043c   0x0800043c   0x00000002   Code   RO         9008    .text               c_w.l(use_no_semi_2.o)
    0x0800043e   0x0800043e   0x000000ee   Code   RO         9010    .text               c_w.l(lludivv7m.o)
    0x0800052c   0x0800052c   0x0000008a   Code   RO         9071    .text               c_w.l(rt_memcpy_v6.o)
    0x080005b6   0x080005b6   0x00000064   Code   RO         9073    .text               c_w.l(rt_memcpy_w.o)
    0x0800061a   0x0800061a   0x0000004e   Code   RO         9077    .text               c_w.l(rt_memclr_w.o)
    0x08000668   0x08000668   0x00000006   Code   RO         9079    .text               c_w.l(heapauxi.o)
    0x0800066e   0x0800066e   0x00000002   PAD
    0x08000670   0x08000670   0x00000024   Code   RO         9086    .text               c_w.l(init_aeabi.o)
    0x08000694   0x08000694   0x00000002   Code   RO         9089    .text               c_w.l(use_no_semi.o)
    0x08000696   0x08000696   0x0000004a   Code   RO         9236    .text               c_w.l(sys_stackheap_outer.o)
    0x080006e0   0x080006e0   0x00000012   Code   RO         9275    .text               c_w.l(exit.o)
    0x080006f2   0x080006f2   0x00000002   PAD
    0x080006f4   0x080006f4   0x00000008   Code   RO         9298    .text               c_w.l(libspace.o)
    0x080006fc   0x080006fc   0x00000004   Code   RO          753    i.BusFault_Handler  stm32h7xx_it.o
    0x08000700   0x08000700   0x00000070   Code   RO         8055    i.CAN1_Gimbal_Fire  gimbal_app.o
    0x08000770   0x08000770   0x00000074   Code   RO         8177    i.CAN1_filter_config  can_1_receive.o
    0x080007e4   0x080007e4   0x0000006c   Code   RO         7992    i.CAN2_Chassis_RC_SetMsg  chassis_app.o
    0x08000850   0x08000850   0x00000074   Code   RO         8244    i.CAN2_filter_config  can_2_receive.o
    0x080008c4   0x080008c4   0x0000005c   Code   RO         8057    i.CAN2_yaw_Setmsg   gimbal_app.o
    0x08000920   0x08000920   0x00000014   Code   RO         8286    i.Chassis_Auto      chassis_behaviour.o
    0x08000934   0x08000934   0x00000002   Code   RO         8287    i.Chassis_Blocking  chassis_behaviour.o
    0x08000936   0x08000936   0x00000002   PAD
    0x08000938   0x08000938   0x00000070   Code   RO         7995    i.Chassis_CAN_Send_Msg  chassis_app.o
    0x080009a8   0x080009a8   0x00000038   Code   RO         8288    i.Chassis_RemoteControl  chassis_behaviour.o
    0x080009e0   0x080009e0   0x00000038   Code   RO         8289    i.Chassis_Stop      chassis_behaviour.o
    0x08000a18   0x08000a18   0x00000044   Code   RO         7837    i.Chassis_Task      task_chassis.o
    0x08000a5c   0x08000a5c   0x00000068   Code   RO         7838    i.Chassis_Task_OFF  task_chassis.o
    0x08000ac4   0x08000ac4   0x00000200   Code   RO         7839    i.Chassis_accelerated_Control  task_chassis.o
    0x08000cc4   0x08000cc4   0x00000038   Code   RO         7840    i.Chassis_to_Gimbal  task_chassis.o
    0x08000cfc   0x08000cfc   0x00000064   Code   RO         8817    i.DIP_Switch        sysinit.o
    0x08000d60   0x08000d60   0x00000010   Code   RO          754    i.DMA1_Stream0_IRQHandler  stm32h7xx_it.o
    0x08000d70   0x08000d70   0x00000010   Code   RO          755    i.DMA1_Stream1_IRQHandler  stm32h7xx_it.o
    0x08000d80   0x08000d80   0x00000010   Code   RO          756    i.DMA1_Stream2_IRQHandler  stm32h7xx_it.o
    0x08000d90   0x08000d90   0x00000010   Code   RO          757    i.DMA1_Stream3_IRQHandler  stm32h7xx_it.o
    0x08000da0   0x08000da0   0x00000010   Code   RO          758    i.DMA1_Stream4_IRQHandler  stm32h7xx_it.o
    0x08000db0   0x08000db0   0x00000010   Code   RO          759    i.DMA2_Stream1_IRQHandler  stm32h7xx_it.o
    0x08000dc0   0x08000dc0   0x00000010   Code   RO          760    i.DMA2_Stream2_IRQHandler  stm32h7xx_it.o
    0x08000dd0   0x08000dd0   0x00000010   Code   RO          761    i.DMA2_Stream6_IRQHandler  stm32h7xx_it.o
    0x08000de0   0x08000de0   0x000000ec   Code   RO         1824    i.DMA_CalcBaseAndBitshift  stm32h7xx_hal_dma.o
    0x08000ecc   0x08000ecc   0x000000c4   Code   RO         1825    i.DMA_CalcDMAMUXChannelBaseAndMask  stm32h7xx_hal_dma.o
    0x08000f90   0x08000f90   0x00000098   Code   RO         1826    i.DMA_CalcDMAMUXRequestGenBaseAndMask  stm32h7xx_hal_dma.o
    0x08001028   0x08001028   0x000000ae   Code   RO         1827    i.DMA_CheckFifoParam  stm32h7xx_hal_dma.o
    0x080010d6   0x080010d6   0x00000002   PAD
    0x080010d8   0x080010d8   0x00000274   Code   RO         1828    i.DMA_SetConfig     stm32h7xx_hal_dma.o
    0x0800134c   0x0800134c   0x00000002   Code   RO          762    i.DebugMon_Handler  stm32h7xx_it.o
    0x0800134e   0x0800134e   0x00000010   Code   RO         7735    i.Detect_TASK       task_detect.o
    0x0800135e   0x0800135e   0x00000006   Code   RO          129    i.Error_Handler     main.o
    0x08001364   0x08001364   0x00000010   Code   RO          763    i.FDCAN1_IT0_IRQHandler  stm32h7xx_it.o
    0x08001374   0x08001374   0x00000010   Code   RO          764    i.FDCAN2_IT0_IRQHandler  stm32h7xx_it.o
    0x08001384   0x08001384   0x00000220   Code   RO         3431    i.FDCAN_CalcultateRamBlockAddresses  stm32h7xx_hal_fdcan.o
    0x080015a4   0x080015a4   0x000000d4   Code   RO         3432    i.FDCAN_CopyMessageToRAM  stm32h7xx_hal_fdcan.o
    0x08001678   0x08001678   0x000001bc   Code   RO         7671    i.Fire_Control      task_fire.o
    0x08001834   0x08001834   0x00000060   Code   RO         7672    i.Fire_Task         task_fire.o
    0x08001894   0x08001894   0x00000080   Code   RO         7673    i.Fire_param_init   task_fire.o
    0x08001914   0x08001914   0x00000060   Code   RO         7916    i.GIMBAL_TASK       task_gimbal.o
    0x08001974   0x08001974   0x00000008   Code   RO         8107    i.Get_Auto_Control_Point  automatic_strike.o
    0x0800197c   0x0800197c   0x00000008   Code   RO         8178    i.Get_Fire_MotorA_Measure_Point  can_1_receive.o
    0x08001984   0x08001984   0x00000008   Code   RO         8179    i.Get_Fire_MotorB_Measure_Point  can_1_receive.o
    0x0800198c   0x0800198c   0x00000020   Code   RO         8290    i.Get_Laser_Back    chassis_behaviour.o
    0x080019ac   0x080019ac   0x00000020   Code   RO         8291    i.Get_Laser_Forward  chassis_behaviour.o
    0x080019cc   0x080019cc   0x00000008   Code   RO         8180    i.Get_Pitch_Gimbal_Motor_Measure_Point  can_1_receive.o
    0x080019d4   0x080019d4   0x00000008   Code   RO         8245    i.Get_Yaw_Gimbal_Motor_Measure_Point  can_2_receive.o
    0x080019dc   0x080019dc   0x00000098   Code   RO         8347    i.Gimbal_Auto       gimbal_behaviour.o
    0x08001a74   0x08001a74   0x0000007c   Code   RO         8348    i.Gimbal_AutoControl  gimbal_behaviour.o
    0x08001af0   0x08001af0   0x00000084   Code   RO         7917    i.Gimbal_Automatic_Work  task_gimbal.o
    0x08001b74   0x08001b74   0x000000e8   Code   RO         7918    i.Gimbal_Manual_Work  task_gimbal.o
    0x08001c5c   0x08001c5c   0x000000c4   Code   RO         8349    i.Gimbal_Patrol     gimbal_behaviour.o
    0x08001d20   0x08001d20   0x000000fc   Code   RO         8350    i.Gimbal_RemoteControl  gimbal_behaviour.o
    0x08001e1c   0x08001e1c   0x00000054   Code   RO         8351    i.Gimbal_Stop       gimbal_behaviour.o
    0x08001e70   0x08001e70   0x000000b4   Code   RO         8352    i.Gimbal_behaviour_mode_set  gimbal_behaviour.o
    0x08001f24   0x08001f24   0x000001a4   Code   RO         7919    i.Gimbal_init       task_gimbal.o
    0x080020c8   0x080020c8   0x0000000c   Code   RO         7920    i.Gimbal_remote_mode_choose  task_gimbal.o
    0x080020d4   0x080020d4   0x000004dc   Code   RO         1829    i.HAL_DMA_Abort     stm32h7xx_hal_dma.o
    0x080025b0   0x080025b0   0x00000398   Code   RO         1830    i.HAL_DMA_Abort_IT  stm32h7xx_hal_dma.o
    0x08002948   0x08002948   0x00000af8   Code   RO         1834    i.HAL_DMA_IRQHandler  stm32h7xx_hal_dma.o
    0x08003440   0x08003440   0x00000520   Code   RO         1835    i.HAL_DMA_Init      stm32h7xx_hal_dma.o
    0x08003960   0x08003960   0x000003e0   Code   RO         1839    i.HAL_DMA_Start_IT  stm32h7xx_hal_dma.o
    0x08003d40   0x08003d40   0x000000a8   Code   RO         3434    i.HAL_FDCAN_ActivateNotification  stm32h7xx_hal_fdcan.o
    0x08003de8   0x08003de8   0x00000090   Code   RO         3436    i.HAL_FDCAN_AddMessageToTxFifoQ  stm32h7xx_hal_fdcan.o
    0x08003e78   0x08003e78   0x00000002   Code   RO         3437    i.HAL_FDCAN_ClockCalibrationCallback  stm32h7xx_hal_fdcan.o
    0x08003e7a   0x08003e7a   0x000000a8   Code   RO         3441    i.HAL_FDCAN_ConfigFilter  stm32h7xx_hal_fdcan.o
    0x08003f22   0x08003f22   0x00000034   Code   RO         3442    i.HAL_FDCAN_ConfigGlobalFilter  stm32h7xx_hal_fdcan.o
    0x08003f56   0x08003f56   0x0000004a   Code   RO         3445    i.HAL_FDCAN_ConfigRxFifoOverwrite  stm32h7xx_hal_fdcan.o
    0x08003fa0   0x08003fa0   0x00000002   Code   RO         3463    i.HAL_FDCAN_ErrorCallback  stm32h7xx_hal_fdcan.o
    0x08003fa2   0x08003fa2   0x00000002   Code   RO         3464    i.HAL_FDCAN_ErrorStatusCallback  stm32h7xx_hal_fdcan.o
    0x08003fa4   0x08003fa4   0x00000002   Code   RO         3481    i.HAL_FDCAN_HighPriorityMessageCallback  stm32h7xx_hal_fdcan.o
    0x08003fa6   0x08003fa6   0x00000002   PAD
    0x08003fa8   0x08003fa8   0x000003ec   Code   RO         3482    i.HAL_FDCAN_IRQHandler  stm32h7xx_hal_fdcan.o
    0x08004394   0x08004394   0x000002e0   Code   RO         3483    i.HAL_FDCAN_Init    stm32h7xx_hal_fdcan.o
    0x08004674   0x08004674   0x00000198   Code   RO          526    i.HAL_FDCAN_MspInit  fdcan.o
    0x0800480c   0x0800480c   0x00000002   Code   RO         3492    i.HAL_FDCAN_RxBufferNewMessageCallback  stm32h7xx_hal_fdcan.o
    0x0800480e   0x0800480e   0x00000002   Code   RO         3493    i.HAL_FDCAN_RxFifo0Callback  stm32h7xx_hal_fdcan.o
    0x08004810   0x08004810   0x00000002   Code   RO         3494    i.HAL_FDCAN_RxFifo1Callback  stm32h7xx_hal_fdcan.o
    0x08004812   0x08004812   0x00000034   Code   RO         3495    i.HAL_FDCAN_Start   stm32h7xx_hal_fdcan.o
    0x08004846   0x08004846   0x00000002   Code   RO         3517    i.HAL_FDCAN_TT_GlobalTimeCallback  stm32h7xx_hal_fdcan.o
    0x08004848   0x08004848   0x00000002   Code   RO         3518    i.HAL_FDCAN_TT_ScheduleSyncCallback  stm32h7xx_hal_fdcan.o
    0x0800484a   0x0800484a   0x00000002   Code   RO         3523    i.HAL_FDCAN_TT_StopWatchCallback  stm32h7xx_hal_fdcan.o
    0x0800484c   0x0800484c   0x00000002   Code   RO         3524    i.HAL_FDCAN_TT_TimeMarkCallback  stm32h7xx_hal_fdcan.o
    0x0800484e   0x0800484e   0x00000002   Code   RO         3525    i.HAL_FDCAN_TimeoutOccurredCallback  stm32h7xx_hal_fdcan.o
    0x08004850   0x08004850   0x00000002   Code   RO         3526    i.HAL_FDCAN_TimestampWraparoundCallback  stm32h7xx_hal_fdcan.o
    0x08004852   0x08004852   0x00000002   Code   RO         3527    i.HAL_FDCAN_TxBufferAbortCallback  stm32h7xx_hal_fdcan.o
    0x08004854   0x08004854   0x00000002   Code   RO         3528    i.HAL_FDCAN_TxBufferCompleteCallback  stm32h7xx_hal_fdcan.o
    0x08004856   0x08004856   0x00000002   Code   RO         3529    i.HAL_FDCAN_TxEventFifoCallback  stm32h7xx_hal_fdcan.o
    0x08004858   0x08004858   0x00000002   Code   RO         3530    i.HAL_FDCAN_TxFifoEmptyCallback  stm32h7xx_hal_fdcan.o
    0x0800485a   0x0800485a   0x00000002   PAD
    0x0800485c   0x0800485c   0x00000208   Code   RO         1677    i.HAL_GPIO_Init     stm32h7xx_hal_gpio.o
    0x08004a64   0x08004a64   0x00000010   Code   RO         1679    i.HAL_GPIO_ReadPin  stm32h7xx_hal_gpio.o
    0x08004a74   0x08004a74   0x0000000c   Code   RO         1681    i.HAL_GPIO_WritePin  stm32h7xx_hal_gpio.o
    0x08004a80   0x08004a80   0x0000000c   Code   RO         2549    i.HAL_GetREVID      stm32h7xx_hal.o
    0x08004a8c   0x08004a8c   0x0000000c   Code   RO         2550    i.HAL_GetTick       stm32h7xx_hal.o
    0x08004a98   0x08004a98   0x00000018   Code   RO         2556    i.HAL_IncTick       stm32h7xx_hal.o
    0x08004ab0   0x08004ab0   0x00000060   Code   RO         2557    i.HAL_Init          stm32h7xx_hal.o
    0x08004b10   0x08004b10   0x000000a0   Code   RO          939    i.HAL_InitTick      stm32h7xx_hal_timebase_tim.o
    0x08004bb0   0x08004bb0   0x00000030   Code   RO          911    i.HAL_MspInit       stm32h7xx_hal_msp.o
    0x08004be0   0x08004be0   0x00000028   Code   RO          984    i.HAL_NVIC_EnableIRQ  stm32h7xx_hal_cortex.o
    0x08004c08   0x08004c08   0x0000007a   Code   RO          990    i.HAL_NVIC_SetPriority  stm32h7xx_hal_cortex.o
    0x08004c82   0x08004c82   0x00000002   PAD
    0x08004c84   0x08004c84   0x00000028   Code   RO          991    i.HAL_NVIC_SetPriorityGrouping  stm32h7xx_hal_cortex.o
    0x08004cac   0x08004cac   0x00000060   Code   RO         2278    i.HAL_PWREx_ConfigSupply  stm32h7xx_hal_pwr_ex.o
    0x08004d0c   0x08004d0c   0x00000024   Code   RO         1240    i.HAL_RCCEx_GetD3PCLK1Freq  stm32h7xx_hal_rcc_ex.o
    0x08004d30   0x08004d30   0x00000230   Code   RO         1242    i.HAL_RCCEx_GetPLL2ClockFreq  stm32h7xx_hal_rcc_ex.o
    0x08004f60   0x08004f60   0x00000230   Code   RO         1243    i.HAL_RCCEx_GetPLL3ClockFreq  stm32h7xx_hal_rcc_ex.o
    0x08005190   0x08005190   0x00000b64   Code   RO         1249    i.HAL_RCCEx_PeriphCLKConfig  stm32h7xx_hal_rcc_ex.o
    0x08005cf4   0x08005cf4   0x00000320   Code   RO         1125    i.HAL_RCC_ClockConfig  stm32h7xx_hal_rcc.o
    0x08006014   0x08006014   0x0000006c   Code   RO         1129    i.HAL_RCC_GetClockConfig  stm32h7xx_hal_rcc.o
    0x08006080   0x08006080   0x0000004c   Code   RO         1130    i.HAL_RCC_GetHCLKFreq  stm32h7xx_hal_rcc.o
    0x080060cc   0x080060cc   0x00000024   Code   RO         1132    i.HAL_RCC_GetPCLK1Freq  stm32h7xx_hal_rcc.o
    0x080060f0   0x080060f0   0x00000024   Code   RO         1133    i.HAL_RCC_GetPCLK2Freq  stm32h7xx_hal_rcc.o
    0x08006114   0x08006114   0x0000022c   Code   RO         1134    i.HAL_RCC_GetSysClockFreq  stm32h7xx_hal_rcc.o
    0x08006340   0x08006340   0x000007e4   Code   RO         1137    i.HAL_RCC_OscConfig  stm32h7xx_hal_rcc.o
    0x08006b24   0x08006b24   0x0000007c   Code   RO         4051    i.HAL_RNG_GenerateRandomNumber  stm32h7xx_hal_rng.o
    0x08006ba0   0x08006ba0   0x00000080   Code   RO         4056    i.HAL_RNG_Init      stm32h7xx_hal_rng.o
    0x08006c20   0x08006c20   0x00000054   Code   RO          579    i.HAL_RNG_MspInit   rng.o
    0x08006c74   0x08006c74   0x0000017c   Code   RO         4168    i.HAL_SPI_Init      stm32h7xx_hal_spi.o
    0x08006df0   0x08006df0   0x000000f0   Code   RO          625    i.HAL_SPI_MspInit   spi.o
    0x08006ee0   0x08006ee0   0x00000002   Code   RO         5212    i.HAL_TIMEx_Break2Callback  stm32h7xx_hal_tim_ex.o
    0x08006ee2   0x08006ee2   0x00000002   Code   RO         5213    i.HAL_TIMEx_BreakCallback  stm32h7xx_hal_tim_ex.o
    0x08006ee4   0x08006ee4   0x00000002   Code   RO         5214    i.HAL_TIMEx_CommutCallback  stm32h7xx_hal_tim_ex.o
    0x08006ee6   0x08006ee6   0x0000006e   Code   RO         4487    i.HAL_TIM_Base_Init  stm32h7xx_hal_tim.o
    0x08006f54   0x08006f54   0x00000002   Code   RO         4489    i.HAL_TIM_Base_MspInit  stm32h7xx_hal_tim.o
    0x08006f56   0x08006f56   0x00000002   PAD
    0x08006f58   0x08006f58   0x000000a8   Code   RO         4492    i.HAL_TIM_Base_Start_IT  stm32h7xx_hal_tim.o
    0x08007000   0x08007000   0x00000002   Code   RO         4521    i.HAL_TIM_IC_CaptureCallback  stm32h7xx_hal_tim.o
    0x08007002   0x08007002   0x000001b8   Code   RO         4535    i.HAL_TIM_IRQHandler  stm32h7xx_hal_tim.o
    0x080071ba   0x080071ba   0x00000002   Code   RO         4538    i.HAL_TIM_OC_DelayElapsedCallback  stm32h7xx_hal_tim.o
    0x080071bc   0x080071bc   0x00000002   Code   RO         4565    i.HAL_TIM_PWM_PulseFinishedCallback  stm32h7xx_hal_tim.o
    0x080071be   0x080071be   0x00000012   Code   RO          130    i.HAL_TIM_PeriodElapsedCallback  main.o
    0x080071d0   0x080071d0   0x00000002   Code   RO         4578    i.HAL_TIM_TriggerCallback  stm32h7xx_hal_tim.o
    0x080071d2   0x080071d2   0x0000004e   Code   RO         5928    i.HAL_UARTEx_DisableFifoMode  stm32h7xx_hal_uart_ex.o
    0x08007220   0x08007220   0x00000002   Code   RO         5512    i.HAL_UARTEx_RxEventCallback  stm32h7xx_hal_uart.o
    0x08007222   0x08007222   0x00000002   Code   RO         5935    i.HAL_UARTEx_RxFifoFullCallback  stm32h7xx_hal_uart_ex.o
    0x08007224   0x08007224   0x0000005e   Code   RO         5936    i.HAL_UARTEx_SetRxFifoThreshold  stm32h7xx_hal_uart_ex.o
    0x08007282   0x08007282   0x0000005e   Code   RO         5937    i.HAL_UARTEx_SetTxFifoThreshold  stm32h7xx_hal_uart_ex.o
    0x080072e0   0x080072e0   0x00000002   Code   RO         5939    i.HAL_UARTEx_TxFifoEmptyCallback  stm32h7xx_hal_uart_ex.o
    0x080072e2   0x080072e2   0x00000002   Code   RO         5940    i.HAL_UARTEx_WakeupCallback  stm32h7xx_hal_uart_ex.o
    0x080072e4   0x080072e4   0x00000002   Code   RO         5528    i.HAL_UART_ErrorCallback  stm32h7xx_hal_uart.o
    0x080072e6   0x080072e6   0x00000002   PAD
    0x080072e8   0x080072e8   0x000003d4   Code   RO         5531    i.HAL_UART_IRQHandler  stm32h7xx_hal_uart.o
    0x080076bc   0x080076bc   0x00000078   Code   RO         5532    i.HAL_UART_Init     stm32h7xx_hal_uart.o
    0x08007734   0x08007734   0x0000053c   Code   RO          671    i.HAL_UART_MspInit  usart.o
    0x08007c70   0x08007c70   0x00000064   Code   RO         5536    i.HAL_UART_Receive_DMA  stm32h7xx_hal_uart.o
    0x08007cd4   0x08007cd4   0x00000064   Code   RO         5537    i.HAL_UART_Receive_IT  stm32h7xx_hal_uart.o
    0x08007d38   0x08007d38   0x00000002   Code   RO         5539    i.HAL_UART_RxCpltCallback  stm32h7xx_hal_uart.o
    0x08007d3a   0x08007d3a   0x00000002   Code   RO         5540    i.HAL_UART_RxHalfCpltCallback  stm32h7xx_hal_uart.o
    0x08007d3c   0x08007d3c   0x00000002   Code   RO         5544    i.HAL_UART_TxCpltCallback  stm32h7xx_hal_uart.o
    0x08007d3e   0x08007d3e   0x00000004   Code   RO          765    i.HardFault_Handler  stm32h7xx_it.o
    0x08007d42   0x08007d42   0x00000002   PAD
    0x08007d44   0x08007d44   0x0000003c   Code   RO         7775    i.Led_Task          task_led.o
    0x08007d80   0x08007d80   0x000000e0   Code   RO         8668    i.Location_Pid_Int32  pid.o
    0x08007e60   0x08007e60   0x000000c0   Code   RO          497    i.MX_DMA_Init       dma.o
    0x08007f20   0x08007f20   0x00000084   Code   RO          527    i.MX_FDCAN1_Init    fdcan.o
    0x08007fa4   0x08007fa4   0x00000084   Code   RO          528    i.MX_FDCAN2_Init    fdcan.o
    0x08008028   0x08008028   0x000000b4   Code   RO          444    i.MX_FREERTOS_Init  freertos.o
    0x080080dc   0x080080dc   0x0000013c   Code   RO          416    i.MX_GPIO_Init      gpio.o
    0x08008218   0x08008218   0x00000024   Code   RO          580    i.MX_RNG_Init       rng.o
    0x0800823c   0x0800823c   0x00000060   Code   RO          626    i.MX_SPI2_Init      spi.o
    0x0800829c   0x0800829c   0x0000006c   Code   RO          672    i.MX_UART4_Init     usart.o
    0x08008308   0x08008308   0x00000074   Code   RO          673    i.MX_USART1_UART_Init  usart.o
    0x0800837c   0x0800837c   0x0000006c   Code   RO          674    i.MX_USART2_UART_Init  usart.o
    0x080083e8   0x080083e8   0x0000006c   Code   RO          675    i.MX_USART3_UART_Init  usart.o
    0x08008454   0x08008454   0x0000006c   Code   RO          676    i.MX_USART6_UART_Init  usart.o
    0x080084c0   0x080084c0   0x00000004   Code   RO          766    i.MemManage_Handler  stm32h7xx_it.o
    0x080084c4   0x080084c4   0x000000a8   Code   RO         8108    i.MiniPC_Data_Deal  automatic_strike.o
    0x0800856c   0x0800856c   0x00000064   Code   RO         8733    i.Motor_Position_Speed_Control  rmmotor.o
    0x080085d0   0x080085d0   0x00000004   Code   RO          767    i.NMI_Handler       stm32h7xx_it.o
    0x080085d4   0x080085d4   0x00000164   Code   RO         1252    i.RCCEx_PLL2_Config  stm32h7xx_hal_rcc_ex.o
    0x08008738   0x08008738   0x00000164   Code   RO         1253    i.RCCEx_PLL3_Config  stm32h7xx_hal_rcc_ex.o
    0x0800889c   0x0800889c   0x00000144   Code   RO         8417    i.RC_Init           remotecontrol.o
    0x080089e0   0x080089e0   0x00000010   Code   RO         8418    i.RC_abs            remotecontrol.o
    0x080089f0   0x080089f0   0x00000098   Code   RO         8419    i.RC_data_is_error  remotecontrol.o
    0x08008a88   0x08008a88   0x00000024   Code   RO         8818    i.RNG_Get_RandomRange  sysinit.o
    0x08008aac   0x08008aac   0x0000003c   Code   RO         8422    i.Remote_Task       remotecontrol.o
    0x08008ae8   0x08008ae8   0x00000028   Code   RO         8423    i.Remote_reload     remotecontrol.o
    0x08008b10   0x08008b10   0x00000030   Code   RO         8353    i.Return_Fire_Mode  gimbal_behaviour.o
    0x08008b40   0x08008b40   0x00000028   Code   RO         8354    i.Return_Friction_Wheel_Mode  gimbal_behaviour.o
    0x08008b68   0x08008b68   0x0000000c   Code   RO         7921    i.Return_gimbal_mode  task_gimbal.o
    0x08008b74   0x08008b74   0x00000048   Code   RO         8734    i.Rmmotor_Speed_control  rmmotor.o
    0x08008bbc   0x08008bbc   0x00000010   Code   RO         7806    i.SAFE_TASK         task_safe.o
    0x08008bcc   0x08008bcc   0x0000001a   Code   RO         4198    i.SPI_GetPacketSize  stm32h7xx_hal_spi.o
    0x08008be6   0x08008be6   0x00000002   PAD
    0x08008be8   0x08008be8   0x00000090   Code   RO         8529    i.Sliding_Mean_Filter  maths.o
    0x08008c78   0x08008c78   0x0000004c   Code   RO         8530    i.Sliding_Mean_Filter_Init  maths.o
    0x08008cc4   0x08008cc4   0x0000000a   Code   RO          445    i.StartDefaultTask  freertos.o
    0x08008cce   0x08008cce   0x00000002   PAD
    0x08008cd0   0x08008cd0   0x00000034   Code   RO         7592    i.SysTick_Handler   port.o
    0x08008d04   0x08008d04   0x000000ec   Code   RO          131    i.SystemClock_Config  main.o
    0x08008df0   0x08008df0   0x00000104   Code   RO         6046    i.SystemInit        system_stm32h7xx.o
    0x08008ef4   0x08008ef4   0x0000001c   Code   RO         8819    i.System_init       sysinit.o
    0x08008f10   0x08008f10   0x00000010   Code   RO          768    i.TIM2_IRQHandler   stm32h7xx_it.o
    0x08008f20   0x08008f20   0x000000cc   Code   RO         4580    i.TIM_Base_SetConfig  stm32h7xx_hal_tim.o
    0x08008fec   0x08008fec   0x00000058   Code   RO         5941    i.UARTEx_SetNbDataToProcess  stm32h7xx_hal_uart_ex.o
    0x08009044   0x08009044   0x000000f8   Code   RO         5546    i.UART_AdvFeatureConfig  stm32h7xx_hal_uart.o
    0x0800913c   0x0800913c   0x00000076   Code   RO         5547    i.UART_CheckIdleState  stm32h7xx_hal_uart.o
    0x080091b2   0x080091b2   0x00000018   Code   RO         5548    i.UART_DMAAbortOnError  stm32h7xx_hal_uart.o
    0x080091ca   0x080091ca   0x0000005e   Code   RO         5549    i.UART_DMAError     stm32h7xx_hal_uart.o
    0x08009228   0x08009228   0x0000006a   Code   RO         5550    i.UART_DMAReceiveCplt  stm32h7xx_hal_uart.o
    0x08009292   0x08009292   0x00000022   Code   RO         5552    i.UART_DMARxHalfCplt  stm32h7xx_hal_uart.o
    0x080092b4   0x080092b4   0x0000003c   Code   RO         5558    i.UART_EndRxTransfer  stm32h7xx_hal_uart.o
    0x080092f0   0x080092f0   0x00000022   Code   RO         5559    i.UART_EndTransmit_IT  stm32h7xx_hal_uart.o
    0x08009312   0x08009312   0x00000020   Code   RO         5560    i.UART_EndTxTransfer  stm32h7xx_hal_uart.o
    0x08009332   0x08009332   0x00000092   Code   RO         5561    i.UART_RxISR_16BIT  stm32h7xx_hal_uart.o
    0x080093c4   0x080093c4   0x00000164   Code   RO         5562    i.UART_RxISR_16BIT_FIFOEN  stm32h7xx_hal_uart.o
    0x08009528   0x08009528   0x0000008e   Code   RO         5563    i.UART_RxISR_8BIT   stm32h7xx_hal_uart.o
    0x080095b6   0x080095b6   0x00000002   PAD
    0x080095b8   0x080095b8   0x00000164   Code   RO         5564    i.UART_RxISR_8BIT_FIFOEN  stm32h7xx_hal_uart.o
    0x0800971c   0x0800971c   0x0000058c   Code   RO         5565    i.UART_SetConfig    stm32h7xx_hal_uart.o
    0x08009ca8   0x08009ca8   0x000000a0   Code   RO         5566    i.UART_Start_Receive_DMA  stm32h7xx_hal_uart.o
    0x08009d48   0x08009d48   0x00000110   Code   RO         5567    i.UART_Start_Receive_IT  stm32h7xx_hal_uart.o
    0x08009e58   0x08009e58   0x000000be   Code   RO         5572    i.UART_WaitOnFlagUntilTimeout  stm32h7xx_hal_uart.o
    0x08009f16   0x08009f16   0x00000002   PAD
    0x08009f18   0x08009f18   0x00000014   Code   RO          769    i.USART1_IRQHandler  stm32h7xx_it.o
    0x08009f2c   0x08009f2c   0x00000014   Code   RO          770    i.USART2_IRQHandler  stm32h7xx_it.o
    0x08009f40   0x08009f40   0x00000338   Code   RO         8865    i.USART2_IRQHandler_callback  bsp_usart2.o
    0x0800a278   0x0800a278   0x00000014   Code   RO          771    i.USART3_IRQHandler  stm32h7xx_it.o
    0x0800a28c   0x0800a28c   0x00000010   Code   RO          772    i.USART6_IRQHandler  stm32h7xx_it.o
    0x0800a29c   0x0800a29c   0x00000314   Code   RO         8110    i.USER_UART3_IRQHandler  automatic_strike.o
    0x0800a5b0   0x0800a5b0   0x00000048   Code   RO         8424    i.USER_UART_IRQHandler  remotecontrol.o
    0x0800a5f8   0x0800a5f8   0x00000004   Code   RO          773    i.UsageFault_Handler  stm32h7xx_it.o
    0x0800a5fc   0x0800a5fc   0x00000010   Code   RO          997    i.__NVIC_GetPriorityGrouping  stm32h7xx_hal_cortex.o
    0x0800a60c   0x0800a60c   0x00000028   Code   RO          998    i.__NVIC_SetPriority  stm32h7xx_hal_cortex.o
    0x0800a634   0x0800a634   0x0000002c   Code   RO           14    i.__armlib_thread_safety_init  armlib_lock_glue.o
    0x0800a660   0x0800a660   0x00000048   Code   RO           15    i._mutex_acquire    armlib_lock_glue.o
    0x0800a6a8   0x0800a6a8   0x00000044   Code   RO           16    i._mutex_free       armlib_lock_glue.o
    0x0800a6ec   0x0800a6ec   0x0000007c   Code   RO           17    i._mutex_initialize  armlib_lock_glue.o
    0x0800a768   0x0800a768   0x00000048   Code   RO           18    i._mutex_release    armlib_lock_glue.o
    0x0800a7b0   0x0800a7b0   0x00000006   Code   RO          677    i._sys_exit         usart.o
    0x0800a7b6   0x0800a7b6   0x00000002   PAD
    0x0800a7b8   0x0800a7b8   0x0000016c   Code   RO         8111    i.automatic_init    automatic_strike.o
    0x0800a924   0x0800a924   0x00000170   Code   RO         8866    i.bsp_usart2_init   bsp_usart2.o
    0x0800aa94   0x0800aa94   0x00000028   Code   RO         7996    i.chassis_app_init  chassis_app.o
    0x0800aabc   0x0800aabc   0x000000c0   Code   RO         8292    i.chassis_behaviour_mode_set  chassis_behaviour.o
    0x0800ab7c   0x0800ab7c   0x00000022   Code   RO         7841    i.chassis_controlwork  task_chassis.o
    0x0800ab9e   0x0800ab9e   0x00000002   PAD
    0x0800aba0   0x0800aba0   0x0000008c   Code   RO         7842    i.chassis_data_update  task_chassis.o
    0x0800ac2c   0x0800ac2c   0x0000010c   Code   RO         7843    i.chassis_init      task_chassis.o
    0x0800ad38   0x0800ad38   0x000000b4   Code   RO         7844    i.chassis_pid_calc  task_chassis.o
    0x0800adec   0x0800adec   0x0000000c   Code   RO         7845    i.chassis_remote_mode_choose  task_chassis.o
    0x0800adf8   0x0800adf8   0x000000d0   Code   RO         7846    i.chassis_set_remote  task_chassis.o
    0x0800aec8   0x0800aec8   0x00000020   Code   RO         8924    i.fifo_init         fifo_buff.o
    0x0800aee8   0x0800aee8   0x00000056   Code   RO         8927    i.fifo_read_buff    fifo_buff.o
    0x0800af3e   0x0800af3e   0x00000002   PAD
    0x0800af40   0x0800af40   0x00000064   Code   RO         8928    i.fifo_write_buff   fifo_buff.o
    0x0800afa4   0x0800afa4   0x00000042   Code   RO         8532    i.first_order_filter  maths.o
    0x0800afe6   0x0800afe6   0x00000002   PAD
    0x0800afe8   0x0800afe8   0x00000030   Code   RO         8533    i.first_order_filter_init  maths.o
    0x0800b018   0x0800b018   0x00000014   Code   RO         8534    i.float_abs         maths.o
    0x0800b02c   0x0800b02c   0x00000020   Code   RO         8535    i.float_limit       maths.o
    0x0800b04c   0x0800b04c   0x00000018   Code   RO         8182    i.get_Chassis_Motor_Measure_Point  can_1_receive.o
    0x0800b064   0x0800b064   0x00000008   Code   RO         7674    i.get_Fire_control_point  task_fire.o
    0x0800b06c   0x0800b06c   0x00000008   Code   RO         8425    i.get_remote_control_point  remotecontrol.o
    0x0800b074   0x0800b074   0x00000028   Code   RO         8058    i.gimbal_app_init   gimbal_app.o
    0x0800b09c   0x0800b09c   0x00000014   Code   RO         7922    i.gimbal_controlwork  task_gimbal.o
    0x0800b0b0   0x0800b0b0   0x0000000c   Code   RO         7923    i.gimbal_pitch_init  task_gimbal.o
    0x0800b0bc   0x0800b0bc   0x00000024   Code   RO         7924    i.gimbal_task_off   task_gimbal.o
    0x0800b0e0   0x0800b0e0   0x00000050   Code   RO         8112    i.hex2Float         automatic_strike.o
    0x0800b130   0x0800b130   0x00000010   Code   RO         8538    i.int32_limit       maths.o
    0x0800b140   0x0800b140   0x00000060   Code   RO         8542    i.loop_fp32_constrain  maths.o
    0x0800b1a0   0x0800b1a0   0x00000044   Code   RO          132    i.main              main.o
    0x0800b1e4   0x0800b1e4   0x0000000e   Code   RO         7166    i.makeFreeRtosPriority  cmsis_os.o
    0x0800b1f2   0x0800b1f2   0x0000000e   Code   RO         8929    i.min_fifo          fifo_buff.o
    0x0800b200   0x0800b200   0x00000066   Code   RO         8736    i.motor_position_Stepping  rmmotor.o
    0x0800b266   0x0800b266   0x00000018   Code   RO         7168    i.osDelay           cmsis_os.o
    0x0800b27e   0x0800b27e   0x0000000a   Code   RO         7171    i.osKernelStart     cmsis_os.o
    0x0800b288   0x0800b288   0x0000005e   Code   RO         7205    i.osThreadCreate    cmsis_os.o
    0x0800b2e6   0x0800b2e6   0x00000002   PAD
    0x0800b2e8   0x0800b2e8   0x00000074   Code   RO         8671    i.pid_init          pid.o
    0x0800b35c   0x0800b35c   0x00000136   Code   RO         8672    i.pid_regulator     pid.o
    0x0800b492   0x0800b492   0x00000002   PAD
    0x0800b494   0x0800b494   0x00000098   Code   RO         6837    i.prvAddCurrentTaskToDelayedList  tasks.o
    0x0800b52c   0x0800b52c   0x000000b4   Code   RO         6838    i.prvAddNewTaskToReadyList  tasks.o
    0x0800b5e0   0x0800b5e0   0x00000048   Code   RO         6839    i.prvCheckTasksWaitingTermination  tasks.o
    0x0800b628   0x0800b628   0x00000050   Code   RO         6840    i.prvDeleteTCB      tasks.o
    0x0800b678   0x0800b678   0x0000007c   Code   RO         7524    i.prvHeapInit       heap_4.o
    0x0800b6f4   0x0800b6f4   0x00000028   Code   RO         6841    i.prvIdleTask       tasks.o
    0x0800b71c   0x0800b71c   0x000000b4   Code   RO         6842    i.prvInitialiseNewTask  tasks.o
    0x0800b7d0   0x0800b7d0   0x00000068   Code   RO         6843    i.prvInitialiseTaskLists  tasks.o
    0x0800b838   0x0800b838   0x00000068   Code   RO         7525    i.prvInsertBlockIntoFreeList  heap_4.o
    0x0800b8a0   0x0800b8a0   0x00000034   Code   RO         6844    i.prvResetNextTaskUnblockTime  tasks.o
    0x0800b8d4   0x0800b8d4   0x00000040   Code   RO         7593    i.prvTaskExitError  port.o
    0x0800b914   0x0800b914   0x0000014c   Code   RO         7526    i.pvPortMalloc      heap_4.o
    0x0800ba60   0x0800ba60   0x0000002c   Code   RO         7594    i.pxPortInitialiseStack  port.o
    0x0800ba8c   0x0800ba8c   0x00000024   Code   RO         8426    i.remote_control_init  remotecontrol.o
    0x0800bab0   0x0800bab0   0x000000da   Code   RO         8427    i.sbus_to_rc        remotecontrol.o
    0x0800bb8a   0x0800bb8a   0x00000002   PAD
    0x0800bb8c   0x0800bb8c   0x00000010   Code   RO         7675    i.shoot_hot_limit   task_fire.o
    0x0800bb9c   0x0800bb9c   0x00000024   Code   RO         7676    i.snail_motor_pwm   task_fire.o
    0x0800bbc0   0x0800bbc0   0x00000090   Code   RO         8673    i.step_in_processing  pid.o
    0x0800bc50   0x0800bc50   0x0000004e   Code   RO           19    i.stm32_lock_acquire  armlib_lock_glue.o
    0x0800bc9e   0x0800bc9e   0x00000040   Code   RO           20    i.stm32_lock_release  armlib_lock_glue.o
    0x0800bcde   0x0800bcde   0x00000002   PAD
    0x0800bce0   0x0800bce0   0x00000028   Code   RO         8820    i.task_init         sysinit.o
    0x0800bd08   0x0800bd08   0x000000e8   Code   RO         7677    i.trigger_motor_turn_back  task_fire.o
    0x0800bdf0   0x0800bdf0   0x00000028   Code   RO         6463    i.uxListRemove      list.o
    0x0800be18   0x0800be18   0x00000018   Code   RO          446    i.vApplicationGetIdleTaskMemory  freertos.o
    0x0800be30   0x0800be30   0x0000001a   Code   RO         6464    i.vListInitialise   list.o
    0x0800be4a   0x0800be4a   0x00000006   Code   RO         6465    i.vListInitialiseItem  list.o
    0x0800be50   0x0800be50   0x00000034   Code   RO         6466    i.vListInsert       list.o
    0x0800be84   0x0800be84   0x00000018   Code   RO         6467    i.vListInsertEnd    list.o
    0x0800be9c   0x0800be9c   0x00000054   Code   RO         7596    i.vPortEnterCritical  port.o
    0x0800bef0   0x0800bef0   0x0000003c   Code   RO         7597    i.vPortExitCritical  port.o
    0x0800bf2c   0x0800bf2c   0x000000a4   Code   RO         7527    i.vPortFree         heap_4.o
    0x0800bfd0   0x0800bfd0   0x00000028   Code   RO         7598    i.vPortSetupTimerInterrupt  port.o
    0x0800bff8   0x0800bff8   0x0000005c   Code   RO         6853    i.vTaskDelay        tasks.o
    0x0800c054   0x0800c054   0x000000b0   Code   RO         6866    i.vTaskStartScheduler  tasks.o
    0x0800c104   0x0800c104   0x00000010   Code   RO         6868    i.vTaskSuspendAll   tasks.o
    0x0800c114   0x0800c114   0x0000008c   Code   RO         6869    i.vTaskSwitchContext  tasks.o
    0x0800c1a0   0x0800c1a0   0x00000168   Code   RO         7600    i.xPortStartScheduler  port.o
    0x0800c308   0x0800c308   0x00000064   Code   RO         6872    i.xTaskCreate       tasks.o
    0x0800c36c   0x0800c36c   0x000000ba   Code   RO         6873    i.xTaskCreateStatic  tasks.o
    0x0800c426   0x0800c426   0x00000002   PAD
    0x0800c428   0x0800c428   0x00000148   Code   RO         6880    i.xTaskIncrementTick  tasks.o
    0x0800c570   0x0800c570   0x00000104   Code   RO         6886    i.xTaskResumeAll    tasks.o
    0x0800c674   0x0800c674   0x0000000a   Code   RO         9234    x$fpl$fpinit        fz_wv.l(fpinit.o)
    0x0800c67e   0x0800c67e   0x00000002   PAD
    0x0800c680   0x0800c680   0x000000a8   Data   RO          448    .constdata          freertos.o
    0x0800c728   0x0800c728   0x00000008   Data   RO         1841    .constdata          stm32h7xx_hal_dma.o
    0x0800c730   0x0800c730   0x0000005c   Data   RO         3531    .constdata          stm32h7xx_hal_fdcan.o
    0x0800c78c   0x0800c78c   0x00000018   Data   RO         5573    .constdata          stm32h7xx_hal_uart.o
    0x0800c7a4   0x0800c7a4   0x00000010   Data   RO         5943    .constdata          stm32h7xx_hal_uart_ex.o
    0x0800c7b4   0x0800c7b4   0x00000010   Data   RO         6047    .constdata          system_stm32h7xx.o
    0x0800c7c4   0x0800c7c4   0x0000001c   Data   RO         7998    .constdata          chassis_app.o
    0x0800c7e0   0x0800c7e0   0x0000001c   Data   RO         8060    .constdata          gimbal_app.o
    0x0800c7fc   0x0800c7fc   0x00000044   Data   RO          449    .conststring        freertos.o
    0x0800c840   0x0800c840   0x0000000c   Data   RO         7999    .conststring        chassis_app.o
    0x0800c84c   0x0800c84c   0x0000000b   Data   RO         8061    .conststring        gimbal_app.o
    0x0800c857   0x0800c857   0x00000001   PAD
    0x0800c858   0x0800c858   0x00000020   Data   RO         9373    Region$$Table       anon$$obj.o
    0x0800c878   0x0800c878   0x00000004   Data   RO           22    .init_array         armlib_lock_glue.o
    0x0800c87c   0x0800c878   0x00000000   Data   RO         9084    .init_array         c_w.l(init_aeabi.o)


    Execution Region RW_IRAM1 (Exec base: 0x20000000, Load base: 0x0800c87c, Size: 0x00000000, Max: 0x00020000, ABSOLUTE)

    **** No section assigned to this execution region ****


    Execution Region RW_IRAM2 (Exec base: 0x24000000, Load base: 0x0800c87c, Size: 0x00006a48, Max: 0x00080000, ABSOLUTE)

    Exec Addr    Load Addr    Size         Type   Attr      Idx    E Section Name        Object

    0x24000000   0x0800c87c   0x00000018   Data   RW          450    .data               freertos.o
    0x24000018   0x0800c894   0x00000004   Data   RW          530    .data               fdcan.o
    0x2400001c   0x0800c898   0x00000009   Data   RW         2579    .data               stm32h7xx_hal.o
    0x24000025   0x0800c8a1   0x00000003   PAD
    0x24000028   0x0800c8a4   0x00000008   Data   RW         6048    .data               system_stm32h7xx.o
    0x24000030   0x0800c8ac   0x0000003c   Data   RW         6889    .data               tasks.o
    0x2400006c   0x0800c8e8   0x00000020   Data   RW         7533    .data               heap_4.o
    0x2400008c   0x0800c908   0x0000000c   Data   RW         7601    .data               port.o
    0x24000098   0x0800c914   0x00000010   Data   RW         7679    .data               task_fire.o
    0x240000a8   0x0800c924   0x0000000c   Data   RW         7848    .data               task_chassis.o
    0x240000b4   0x0800c930   0x00000004   Data   RW         7926    .data               task_gimbal.o
    0x240000b8   0x0800c934   0x00000004   Data   RW         8000    .data               chassis_app.o
    0x240000bc   0x0800c938   0x00000004   Data   RW         8062    .data               gimbal_app.o
    0x240000c0   0x0800c93c   0x00000004   Data   RW         8115    .data               automatic_strike.o
    0x240000c4   0x0800c940   0x00000019   Data   RW         8293    .data               chassis_behaviour.o
    0x240000dd   0x0800c959   0x00000003   PAD
    0x240000e0   0x0800c95c   0x00000028   Data   RW         8355    .data               gimbal_behaviour.o
    0x24000108   0x0800c984   0x00000004   Data   RW         8431    .data               remotecontrol.o
    0x2400010c   0x0800c988   0x00000001   Data   RW         8821    .data               sysinit.o
    0x2400010d   0x0800c989   0x00000003   PAD
    0x24000110   0x0800c98c   0x00000004   Data   RW         8932    .data               fifo_buff.o
    0x24000114        -       0x0000008c   Zero   RW           21    .bss                armlib_lock_glue.o
    0x240001a0        -       0x00000254   Zero   RW          447    .bss                freertos.o
    0x240003f4        -       0x00000140   Zero   RW          529    .bss                fdcan.o
    0x24000534        -       0x00000014   Zero   RW          581    .bss                rng.o
    0x24000548        -       0x00000088   Zero   RW          627    .bss                spi.o
    0x240005d0        -       0x00000790   Zero   RW          679    .bss                usart.o
    0x24000d60        -       0x0000004c   Zero   RW          942    .bss                stm32h7xx_hal_timebase_tim.o
    0x24000dac        -       0x000000f0   Zero   RW         6888    .bss                tasks.o
    0x24000e9c        -       0x00003c00   Zero   RW         7532    .bss                heap_4.o
    0x24004a9c        -       0x000000e0   Zero   RW         7678    .bss                task_fire.o
    0x24004b7c        -       0x00000290   Zero   RW         7847    .bss                task_chassis.o
    0x24004e0c        -       0x00000bcc   Zero   RW         7925    .bss                task_gimbal.o
    0x240059d8        -       0x00000024   Zero   RW         7997    .bss                chassis_app.o
    0x240059fc        -       0x00000024   Zero   RW         8059    .bss                gimbal_app.o
    0x24005a20        -       0x000000d8   Zero   RW         8114    .bss                automatic_strike.o
    0x24005af8        -       0x000000c4   Zero   RW         8183    .bss                can_1_receive.o
    0x24005bbc        -       0x0000001c   Zero   RW         8246    .bss                can_2_receive.o
    0x24005bd8        -       0x000001e6   Zero   RW         8430    .bss                remotecontrol.o
    0x24005dbe   0x0800c990   0x00000002   PAD
    0x24005dc0        -       0x00000628   Zero   RW         8870    .bss                bsp_usart2.o
    0x240063e8        -       0x00000060   Zero   RW         9299    .bss                c_w.l(libspace.o)
    0x24006448        -       0x00000200   Zero   RW            2    HEAP                startup_stm32h750xx.o
    0x24006648        -       0x00000400   Zero   RW            1    STACK               startup_stm32h750xx.o


==============================================================================

Image component sizes


      Code (inc. data)   RO Data    RW Data    ZI Data      Debug   Object Name

       522         32          4          0        140      19350   armlib_lock_glue.o
      1408         84          0          4        216       4623   automatic_strike.o
      1192         60          0          0       1576       2535   bsp_usart2.o
       164         22          0          0        196       3886   can_1_receive.o
       124          8          0          0         28       1896   can_2_receive.o
       260         26         40          4         36       2791   chassis_app.o
       390         74          0         25          0       4873   chassis_behaviour.o
       142          0          0          0          0      17415   cmsis_os.o
       192          6          0          0          0        958   dma.o
         0          0          0          0          0      16804   event_groups.o
       672         42          0          4        320       2768   fdcan.o
       232          6          0          4          0       3385   fifo_buff.o
       214         40        236         24        596       7480   freertos.o
       244         28         39          4         36       2702   gimbal_app.o
      1076        134          0         40          0       6080   gimbal_behaviour.o
       316         18          0          0          0       1187   gpio.o
       724         74          0         32      15360       7459   heap_4.o
       148          0          0          0          0       3630   list.o
       328         14          0          0          0    1363560   main.o
       498         16          0          0          0       5666   maths.o
       794         16          0          0          0       3349   pid.o
       894         78          0         12          0      11160   port.o
       926         80          0          4        486       6624   remotecontrol.o
       274          0          0          0          0       3089   rmmotor.o
       120         18          0          0         20       1679   rng.o
       336         24          0          0        136       1905   spi.o
        64         26        664          0       1536        836   startup_stm32h750xx.o
       144         34          0          9          0      22013   stm32h7xx_hal.o
       258         22          0          0          0      39214   stm32h7xx_hal_cortex.o
      8662        166          8          0          0      13226   stm32h7xx_hal_dma.o
      3188         48         92          0          0      22969   stm32h7xx_hal_fdcan.o
       548         52          0          0          0       3103   stm32h7xx_hal_gpio.o
        48          6          0          0          0        918   stm32h7xx_hal_msp.o
        96          6          0          0          0        765   stm32h7xx_hal_pwr_ex.o
      3632        118          0          0          0       7533   stm32h7xx_hal_rcc.o
      4784        110          0          0          0       7201   stm32h7xx_hal_rcc_ex.o
       252          0          0          0          0       2226   stm32h7xx_hal_rng.o
       406         14          0          0          0       2119   stm32h7xx_hal_spi.o
       932         64          0          0          0       6510   stm32h7xx_hal_tim.o
         6          0          0          0          0       2240   stm32h7xx_hal_tim_ex.o
       160         18          0          0         76       1627   stm32h7xx_hal_timebase_tim.o
      5102        200         24          0          0      39982   stm32h7xx_hal_uart.o
       360         10         16          0          0       5478   stm32h7xx_hal_uart_ex.o
       274         84          0          0          0      23899   stm32h7xx_it.o
         0          0          0          0          0        384   stream_buffer.o
       204         12          0          1          0       2330   sysinit.o
       260         40         16          8          0       1406   system_stm32h7xx.o
      1582         60          0         12        656       6725   task_chassis.o
        16          0          0          0          0      14250   task_detect.o
       960        100          0         16        224       4468   task_fire.o
       972         86          0          4       3020       5861   task_gimbal.o
        60          4          0          0          0        527   task_led.o
        16          0          0          0          0        520   task_safe.o
      2158        270          0         60        240      20357   tasks.o
      1894        140          0          0       1936       7383   usart.o

    ----------------------------------------------------------------------
     49272       2590       1172        276      26836    1772924   Object Totals
         0          0         32          0          0          0   (incl. Generated)
        44          0          1          9          2          0   (incl. Padding)

    ----------------------------------------------------------------------

      Code (inc. data)   RO Data    RW Data    ZI Data      Debug   Library Member Name

         8          0          0          0          0         68   __main.o
         0          0          0          0          0          0   __rtentry.o
        12          0          0          0          0          0   __rtentry2.o
         6          0          0          0          0          0   __rtentry4.o
        52          8          0          0          0          0   __scatter.o
        26          0          0          0          0          0   __scatter_copy.o
        28          0          0          0          0          0   __scatter_zi.o
        18          0          0          0          0         80   exit.o
         6          0          0          0          0        152   heapauxi.o
        36         10          0          0          0         80   init_aeabi.o
         2          0          0          0          0          0   libinit.o
        10          0          0          0          0          0   libinit2.o
         2          0          0          0          0          0   libshutdown.o
         2          0          0          0          0          0   libshutdown2.o
         8          4          0          0         96         68   libspace.o
       238          0          0          0          0        100   lludivv7m.o
        78          0          0          0          0         80   rt_memclr_w.o
       138          0          0          0          0         68   rt_memcpy_v6.o
       100          0          0          0          0         80   rt_memcpy_w.o
         2          0          0          0          0          0   rtexit.o
        10          0          0          0          0          0   rtexit2.o
        74          0          0          0          0         80   sys_stackheap_outer.o
         2          0          0          0          0         68   use_no_semi.o
         2          0          0          0          0         68   use_no_semi_2.o
        10          0          0          0          0        116   fpinit.o

    ----------------------------------------------------------------------
       880         22          0          0         96       1108   Library Totals
        10          0          0          0          0          0   (incl. Padding)

    ----------------------------------------------------------------------

      Code (inc. data)   RO Data    RW Data    ZI Data      Debug   Library Name

       860         22          0          0         96        992   c_w.l
        10          0          0          0          0        116   fz_wv.l

    ----------------------------------------------------------------------
       880         22          0          0         96       1108   Library Totals

    ----------------------------------------------------------------------

==============================================================================


      Code (inc. data)   RO Data    RW Data    ZI Data      Debug   

     50152       2612       1172        276      26932    1745616   Grand Totals
     50152       2612       1172        276      26932    1745616   ELF Image Totals
     50152       2612       1172        276          0          0   ROM Totals

==============================================================================

    Total RO  Size (Code + RO Data)                51324 (  50.12kB)
    Total RW  Size (RW Data + ZI Data)             27208 (  26.57kB)
    Total ROM Size (Code + RO Data + RW Data)      51600 (  50.39kB)

==============================================================================

